Archive member included to satisfy reference by file (symbol)

/Applications/ArmGNUToolchain/14.2.rel1/arm-none-eabi/bin/../lib/gcc/arm-none-eabi/14.2.1/thumb/v6-m/nofp/libgcc.a(_dvmd_tls.o)
                              CMakeFiles/rp2040project.dir/Users/elizabethgodsey/pico-sdk/src/rp2_common/pico_divider/divider_hardware.S.o (__aeabi_idiv0)
/Applications/ArmGNUToolchain/14.2.rel1/arm-none-eabi/bin/../lib/gcc/arm-none-eabi/14.2.1/../../../../arm-none-eabi/lib/thumb/v6-m/nofp/libg.a(libc_a-calloc.o)
                              CMakeFiles/rp2040project.dir/Users/elizabethgodsey/pico-sdk/src/rp2_common/pico_malloc/malloc.c.o (calloc)
/Applications/ArmGNUToolchain/14.2.rel1/arm-none-eabi/bin/../lib/gcc/arm-none-eabi/14.2.1/../../../../arm-none-eabi/lib/thumb/v6-m/nofp/libg.a(libc_a-callocr.o)
                              /Applications/ArmGNUToolchain/14.2.rel1/arm-none-eabi/bin/../lib/gcc/arm-none-eabi/14.2.1/../../../../arm-none-eabi/lib/thumb/v6-m/nofp/libg.a(libc_a-calloc.o) (_calloc_r)
/Applications/ArmGNUToolchain/14.2.rel1/arm-none-eabi/bin/../lib/gcc/arm-none-eabi/14.2.1/../../../../arm-none-eabi/lib/thumb/v6-m/nofp/libg.a(libc_a-malloc.o)
                              CMakeFiles/rp2040project.dir/Users/elizabethgodsey/pico-sdk/src/rp2_common/pico_malloc/malloc.c.o (malloc)
/Applications/ArmGNUToolchain/14.2.rel1/arm-none-eabi/bin/../lib/gcc/arm-none-eabi/14.2.1/../../../../arm-none-eabi/lib/thumb/v6-m/nofp/libg.a(libc_a-mallocr.o)
                              /Applications/ArmGNUToolchain/14.2.rel1/arm-none-eabi/bin/../lib/gcc/arm-none-eabi/14.2.1/../../../../arm-none-eabi/lib/thumb/v6-m/nofp/libg.a(libc_a-callocr.o) (_malloc_r)
/Applications/ArmGNUToolchain/14.2.rel1/arm-none-eabi/bin/../lib/gcc/arm-none-eabi/14.2.1/../../../../arm-none-eabi/lib/thumb/v6-m/nofp/libg.a(libc_a-mlock.o)
                              /Applications/ArmGNUToolchain/14.2.rel1/arm-none-eabi/bin/../lib/gcc/arm-none-eabi/14.2.1/../../../../arm-none-eabi/lib/thumb/v6-m/nofp/libg.a(libc_a-mallocr.o) (__malloc_lock)
/Applications/ArmGNUToolchain/14.2.rel1/arm-none-eabi/bin/../lib/gcc/arm-none-eabi/14.2.1/../../../../arm-none-eabi/lib/thumb/v6-m/nofp/libg.a(libc_a-realloc.o)
                              CMakeFiles/rp2040project.dir/Users/elizabethgodsey/pico-sdk/src/rp2_common/pico_malloc/malloc.c.o (realloc)
/Applications/ArmGNUToolchain/14.2.rel1/arm-none-eabi/bin/../lib/gcc/arm-none-eabi/14.2.1/../../../../arm-none-eabi/lib/thumb/v6-m/nofp/libg.a(libc_a-reallocr.o)
                              /Applications/ArmGNUToolchain/14.2.rel1/arm-none-eabi/bin/../lib/gcc/arm-none-eabi/14.2.1/../../../../arm-none-eabi/lib/thumb/v6-m/nofp/libg.a(libc_a-realloc.o) (_realloc_r)
/Applications/ArmGNUToolchain/14.2.rel1/arm-none-eabi/bin/../lib/gcc/arm-none-eabi/14.2.1/../../../../arm-none-eabi/lib/thumb/v6-m/nofp/libg.a(libc_a-findfp.o)
                              CMakeFiles/rp2040project.dir/freertos/tasks.c.o (__sf)
/Applications/ArmGNUToolchain/14.2.rel1/arm-none-eabi/bin/../lib/gcc/arm-none-eabi/14.2.1/../../../../arm-none-eabi/lib/thumb/v6-m/nofp/libg.a(libc_a-memcmp.o)
                              CMakeFiles/rp2040project.dir/Users/elizabethgodsey/pico-sdk/src/rp2_common/pico_atomic/atomic.c.o (memcmp)
/Applications/ArmGNUToolchain/14.2.rel1/arm-none-eabi/bin/../lib/gcc/arm-none-eabi/14.2.1/../../../../arm-none-eabi/lib/thumb/v6-m/nofp/libg.a(libc_a-memmove.o)
                              /Applications/ArmGNUToolchain/14.2.rel1/arm-none-eabi/bin/../lib/gcc/arm-none-eabi/14.2.1/../../../../arm-none-eabi/lib/thumb/v6-m/nofp/libg.a(libc_a-reallocr.o) (memmove)
/Applications/ArmGNUToolchain/14.2.rel1/arm-none-eabi/bin/../lib/gcc/arm-none-eabi/14.2.1/../../../../arm-none-eabi/lib/thumb/v6-m/nofp/libg.a(libc_a-lcltime_r.o)
                              CMakeFiles/rp2040project.dir/Users/elizabethgodsey/pico-sdk/src/common/pico_util/datetime.c.o (localtime_r)
/Applications/ArmGNUToolchain/14.2.rel1/arm-none-eabi/bin/../lib/gcc/arm-none-eabi/14.2.1/../../../../arm-none-eabi/lib/thumb/v6-m/nofp/libg.a(libc_a-mktime.o)
                              CMakeFiles/rp2040project.dir/Users/elizabethgodsey/pico-sdk/src/common/pico_util/datetime.c.o (mktime)
/Applications/ArmGNUToolchain/14.2.rel1/arm-none-eabi/bin/../lib/gcc/arm-none-eabi/14.2.1/../../../../arm-none-eabi/lib/thumb/v6-m/nofp/libg.a(libc_a-month_lengths.o)
                              /Applications/ArmGNUToolchain/14.2.rel1/arm-none-eabi/bin/../lib/gcc/arm-none-eabi/14.2.1/../../../../arm-none-eabi/lib/thumb/v6-m/nofp/libg.a(libc_a-lcltime_r.o) (__month_lengths)
/Applications/ArmGNUToolchain/14.2.rel1/arm-none-eabi/bin/../lib/gcc/arm-none-eabi/14.2.1/../../../../arm-none-eabi/lib/thumb/v6-m/nofp/libg.a(libc_a-tzcalc_limits.o)
                              /Applications/ArmGNUToolchain/14.2.rel1/arm-none-eabi/bin/../lib/gcc/arm-none-eabi/14.2.1/../../../../arm-none-eabi/lib/thumb/v6-m/nofp/libg.a(libc_a-lcltime_r.o) (__tzcalc_limits)
[...]
Memory Configuration

Name             Origin             Length             Attributes
FLASH            0x10000000         0x00200000         xr
RAM              0x20000000         0x00040000         xrw
SCRATCH_X        0x20040000         0x00001000         xrw
SCRATCH_Y        0x20041000         0x00001000         xrw
*default*        0x00000000         0xffffffff

Linker script and memory map

LOAD /Applications/ArmGNUToolchain/14.2.rel1/arm-none-eabi/bin/../lib/gcc/arm-none-eabi/14.2.1/thumb/v6-m/nofp/crti.o
LOAD /Applications/ArmGNUToolchain/14.2.rel1/arm-none-eabi/bin/../lib/gcc/arm-none-eabi/14.2.1/thumb/v6-m/nofp/crtbegin.o
LOAD /Applications/ArmGNUToolchain/14.2.rel1/arm-none-eabi/bin/../lib/gcc/arm-none-eabi/14.2.1/../../../../arm-none-eabi/lib/thumb/v6-m/nofp/crt0.o

.flash_begin    0x10000000        0x0
                0x10000000                        __flash_binary_start = .

.boot2          0x10000000      0x100
                0x10000000                        __boot2_start__ = .
 *(.boot2)
 .boot2         0x10000000      0x100 pico-sdk/src/rp2040/boot_stage2/CMakeFiles/bs2_default_library.dir/bs2_default_padded_checksummed.S.o
                0x10000100                        __boot2_end__ = .
                0x00000001                        ASSERT (((__boot2_end__ - __boot2_start__) == 0x100), ERROR: Pico second stage bootloader must be 256 bytes in size)

.text           0x10000100     0x9928
                0x10000100                        __logical_binary_start = .
 *(.vectors)
 .vectors       0x10000100       0xd4 CMakeFiles/rp2040project.dir/Users/elizabethgodsey/pico-sdk/src/rp2_common/pico_crt0/crt0.S.o
                0x10000100                __VECTOR_TABLE
                0x10000100                __vectors
                0x100001c0                isr_irq13
                0x100001c0                isr_irq27
                0x100001c0                isr_irq31
                0x100001c0                isr_irq5
                0x100001c0                isr_irq11
                0x100001c0                isr_irq23
                0x100001c0                isr_irq18
                0x100001c0                isr_irq28
                0x100001c0                isr_irq19
                0x100001c0                isr_irq0
                0x100001c0                isr_irq6
                0x100001c0                isr_irq9
                0x100001c0                __unhandled_user_irq
                0x100001c0                isr_irq29
                0x100001c0                isr_irq26
                0x100001c0                isr_irq3
                0x100001c0                isr_irq12
                0x100001c0                isr_irq30
                0x100001c0                isr_irq22
                0x100001c0                isr_irq17
                0x100001c0                isr_irq14
                0x100001c0                __vectors_end
                0x100001c0                __default_isrs_start
                0x100001c0                isr_irq2
                0x100001c0                isr_irq10
                0x100001c0                isr_irq8
                0x100001c0                isr_irq24
                0x100001c0                isr_irq1
                0x100001c0                isr_irq7
                0x100001c0                isr_irq21
                0x100001c0                isr_irq20
                0x100001c0                isr_irq15
                0x100001c0                isr_irq25
                0x100001c0                isr_irq4
                0x100001c0                isr_irq16
                0x100001c6                unhandled_user_irq_num_in_r0
                0x100001c8                isr_invalid
                0x100001ca                isr_nmi
                0x100001cc                isr_hardfault
                0x100001d4                __default_isrs_end
 *(.binary_info_header)
 .binary_info_header
                0x100001d4       0x14 CMakeFiles/rp2040project.dir/Users/elizabethgodsey/pico-sdk/src/rp2_common/pico_crt0/crt0.S.o
                0x100001e8                        __binary_info_header_end = .
 *(.embedded_block)
                0x100001e8                        __embedded_block_end = .
 *(.reset)
 .reset         0x100001e8       0x9c CMakeFiles/rp2040project.dir/Users/elizabethgodsey/pico-sdk/src/rp2_common/pico_crt0/crt0.S.o
                0x100001e8                _entry_point
 *(.init)
 .init          0x10000284        0x4 /Applications/ArmGNUToolchain/14.2.rel1/arm-none-eabi/bin/../lib/gcc/arm-none-eabi/14.2.1/thumb/v6-m/nofp/crti.o
                0x10000284                _init
 *(EXCLUDE_FILE(*libm.a: *libc.a:*lib_a-mem*.o *libgcc.a:) .text*)
 .text.register_tm_clones
                0x10000288       0x28 /Applications/ArmGNUToolchain/14.2.rel1/arm-none-eabi/bin/../lib/gcc/arm-none-eabi/14.2.1/thumb/v6-m/nofp/crtbegin.o
 .text.frame_dummy
                0x100002b0       0x24 /Applications/ArmGNUToolchain/14.2.rel1/arm-none-eabi/bin/../lib/gcc/arm-none-eabi/14.2.1/thumb/v6-m/nofp/crtbegin.o
 .text.ImuTask  0x100002d4       0x40 CMakeFiles/rp2040project.dir/src/main.c.o
                0x100002d4                ImuTask
 .text.ImuLoggingTask
                0x10000314       0x94 CMakeFiles/rp2040project.dir/src/main.c.o
                0x10000314                ImuLoggingTask
 .text.startup.main
                0x100003a8       0x68 CMakeFiles/rp2040project.dir/src/main.c.o
                0x100003a8                main
 .text.configure_i2c_peripheral
                0x10000410       0xa4 CMakeFiles/rp2040project.dir/src/i2c.c.o
                0x10000410                configure_i2c_peripheral
 .text.IMU_data_exfil
                0x100004b4       0xd0 CMakeFiles/rp2040project.dir/src/i2c.c.o
                0x100004b4                IMU_data_exfil
 .text.gpio_set_function
                0x10000584       0x34 CMakeFiles/rp2040project.dir/Users/elizabethgodsey/pico-sdk/src/rp2_common/hardware_gpio/gpio.c.o
                0x10000584                gpio_set_function
 .text.gpio_set_pulls
                0x100005b8       0x28 CMakeFiles/rp2040project.dir/Users/elizabethgodsey/pico-sdk/src/rp2_common/hardware_gpio/gpio.c.o
                0x100005b8                gpio_set_pulls
 .text.rp2040_chip_version
                0x100005e0        0xc CMakeFiles/rp2040project.dir/Users/elizabethgodsey/pico-sdk/src/rp2040/pico_platform/platform.c.o
                0x100005e0                rp2040_chip_version
 .text.panic    0x100005ec       0x30 CMakeFiles/rp2040project.dir/Users/elizabethgodsey/pico-sdk/src/rp2_common/pico_platform_panic/panic.c.o
                0x100005ec                panic
 .text.panic_unsupported
                0x1000061c        0xc CMakeFiles/rp2040project.dir/Users/elizabethgodsey/pico-sdk/src/rp2_common/pico_platform_panic/panic.c.o
                0x1000061c                panic_unsupported
 .text.hw_claim_or_assert
                0x10000628       0x44 CMakeFiles/rp2040project.dir/Users/elizabethgodsey/pico-sdk/src/common/hardware_claim/claim.c.o
                0x10000628                hw_claim_or_assert
 .text.hw_claim_unused_from_range
                0x1000066c       0x88 CMakeFiles/rp2040project.dir/Users/elizabethgodsey/pico-sdk/src/common/hardware_claim/claim.c.o
                0x1000066c                hw_claim_unused_from_range
 .text.next_striped_spin_lock_num
                0x100006f4       0x18 CMakeFiles/rp2040project.dir/Users/elizabethgodsey/pico-sdk/src/rp2_common/hardware_sync/sync.c.o
                0x100006f4                next_striped_spin_lock_num
 .text.spin_lock_claim_unused
                0x1000070c       0x24 CMakeFiles/rp2040project.dir/Users/elizabethgodsey/pico-sdk/src/rp2_common/hardware_sync/sync.c.o
                0x1000070c                spin_lock_claim_unused
 .text.spin_locks_reset
                0x10000730       0x1c CMakeFiles/rp2040project.dir/Users/elizabethgodsey/pico-sdk/src/rp2_common/hardware_sync_spin_lock/sync_spin_lock.c.o
                0x10000730                spin_locks_reset
 .text.runtime_init_per_core_irq_priorities
                0x1000074c       0x24 CMakeFiles/rp2040project.dir/Users/elizabethgodsey/pico-sdk/src/rp2_common/hardware_irq/irq.c.o
                0x1000074c                runtime_init_per_core_irq_priorities
 .text.irq_set_enabled
                0x10000770       0x24 CMakeFiles/rp2040project.dir/Users/elizabethgodsey/pico-sdk/src/rp2_common/hardware_irq/irq.c.o
                0x10000770                irq_set_enabled
 .text.irq_is_enabled
                0x10000794       0x18 CMakeFiles/rp2040project.dir/Users/elizabethgodsey/pico-sdk/src/rp2_common/hardware_irq/irq.c.o
                0x10000794                irq_is_enabled
 .text.irq_set_pending
                0x100007ac       0x10 CMakeFiles/rp2040project.dir/Users/elizabethgodsey/pico-sdk/src/rp2_common/hardware_irq/irq.c.o
                0x100007ac                irq_set_pending
 .text.irq_has_shared_handler
                0x100007bc       0x24 CMakeFiles/rp2040project.dir/Users/elizabethgodsey/pico-sdk/src/rp2_common/hardware_irq/irq.c.o
                0x100007bc                irq_has_shared_handler
 .text.irq_set_exclusive_handler
                0x100007e0       0x54 CMakeFiles/rp2040project.dir/Users/elizabethgodsey/pico-sdk/src/rp2_common/hardware_irq/irq.c.o
                0x100007e0                irq_set_exclusive_handler
 .text.irq_add_shared_handler
                0x10000834      0x1f4 CMakeFiles/rp2040project.dir/Users/elizabethgodsey/pico-sdk/src/rp2_common/hardware_irq/irq.c.o
                0x10000834                irq_add_shared_handler
 .text.irq_set_priority
                0x10000a28       0x28 CMakeFiles/rp2040project.dir/Users/elizabethgodsey/pico-sdk/src/rp2_common/hardware_irq/irq.c.o
                0x10000a28                irq_set_priority
 .text.irq_add_tail_to_free_list
                0x10000a50       0xb4 CMakeFiles/rp2040project.dir/Users/elizabethgodsey/pico-sdk/src/rp2_common/hardware_irq/irq.c.o
                0x10000a50                irq_add_tail_to_free_list
 .text.user_irq_claim_unused
                0x10000b04       0x2c CMakeFiles/rp2040project.dir/Users/elizabethgodsey/pico-sdk/src/rp2_common/hardware_irq/irq.c.o
                0x10000b04                user_irq_claim_unused
 .text.lock_init
                0x10000b30       0x10 CMakeFiles/rp2040project.dir/Users/elizabethgodsey/pico-sdk/src/common/pico_sync/lock_core.c.o
                0x10000b30                lock_init
 .text.runtime_init_mutex
                0x10000b40       0x54 CMakeFiles/rp2040project.dir/Users/elizabethgodsey/pico-sdk/src/common/pico_sync/mutex.c.o
                0x10000b40                runtime_init_mutex
 .text.mutex_init
                0x10000b94       0x1c CMakeFiles/rp2040project.dir/Users/elizabethgodsey/pico-sdk/src/common/pico_sync/mutex.c.o
                0x10000b94                mutex_init
 .text.critical_section_init
                0x10000bb0       0x1c CMakeFiles/rp2040project.dir/Users/elizabethgodsey/pico-sdk/src/common/pico_sync/critical_section.c.o
                0x10000bb0                critical_section_init
 .text.critical_section_init_with_lock_num
                0x10000bcc       0x14 CMakeFiles/rp2040project.dir/Users/elizabethgodsey/pico-sdk/src/common/pico_sync/critical_section.c.o
                0x10000bcc                critical_section_init_with_lock_num
 .text.alarm_pool_irq_handler
                0x10000be0      0x300 CMakeFiles/rp2040project.dir/Users/elizabethgodsey/pico-sdk/src/common/pico_time/time.c.o
 .text.sleep_until_callback
                0x10000ee0       0x24 CMakeFiles/rp2040project.dir/Users/elizabethgodsey/pico-sdk/src/common/pico_time/time.c.o
 .text.runtime_init_default_alarm_pool
                0x10000f04       0xdc CMakeFiles/rp2040project.dir/Users/elizabethgodsey/pico-sdk/src/common/pico_time/time.c.o
                0x10000f04                runtime_init_default_alarm_pool
 .text.alarm_pool_get_default
                0x10000fe0        0x8 CMakeFiles/rp2040project.dir/Users/elizabethgodsey/pico-sdk/src/common/pico_time/time.c.o
                0x10000fe0                alarm_pool_get_default
 .text.alarm_pool_add_alarm_at
                0x10000fe8       0xd0 CMakeFiles/rp2040project.dir/Users/elizabethgodsey/pico-sdk/src/common/pico_time/time.c.o
                0x10000fe8                alarm_pool_add_alarm_at
 .text.alarm_pool_add_alarm_at_force_in_context
                0x100010b8       0xb0 CMakeFiles/rp2040project.dir/Users/elizabethgodsey/pico-sdk/src/common/pico_time/time.c.o
                0x100010b8                alarm_pool_add_alarm_at_force_in_context
 .text.alarm_pool_cancel_alarm
                0x10001168       0x74 CMakeFiles/rp2040project.dir/Users/elizabethgodsey/pico-sdk/src/common/pico_time/time.c.o
                0x10001168                alarm_pool_cancel_alarm
 .text.alarm_pool_core_num
                0x100011dc        0x4 CMakeFiles/rp2040project.dir/Users/elizabethgodsey/pico-sdk/src/common/pico_time/time.c.o
                0x100011dc                alarm_pool_core_num
 .text.sleep_ms
                0x100011e0       0xf8 CMakeFiles/rp2040project.dir/Users/elizabethgodsey/pico-sdk/src/common/pico_time/time.c.o
                0x100011e0                sleep_ms
 .text.best_effort_wfe_or_timeout
                0x100012d8      0x10c CMakeFiles/rp2040project.dir/Users/elizabethgodsey/pico-sdk/src/common/pico_time/time.c.o
                0x100012d8                best_effort_wfe_or_timeout
 .text.timer_hardware_alarm_claim
                0x100013e4       0x14 CMakeFiles/rp2040project.dir/Users/elizabethgodsey/pico-sdk/src/rp2_common/hardware_timer/timer.c.o
                0x100013e4                timer_hardware_alarm_claim
 .text.timer_time_us_64
                0x100013f8       0x10 CMakeFiles/rp2040project.dir/Users/elizabethgodsey/pico-sdk/src/rp2_common/hardware_timer/timer.c.o
                0x100013f8                timer_time_us_64
 .text.time_us_64
                0x10001408       0x14 CMakeFiles/rp2040project.dir/Users/elizabethgodsey/pico-sdk/src/rp2_common/hardware_timer/timer.c.o
                0x10001408                time_us_64
 .text.busy_wait_until
                0x1000141c       0x20 CMakeFiles/rp2040project.dir/Users/elizabethgodsey/pico-sdk/src/rp2_common/hardware_timer/timer.c.o
                0x1000141c                busy_wait_until
 .text.clock_configure_int_divider
                0x1000143c       0xf4 CMakeFiles/rp2040project.dir/Users/elizabethgodsey/pico-sdk/src/rp2_common/hardware_clocks/clocks.c.o
                0x1000143c                clock_configure_int_divider
 .text.clock_configure_undivided
                0x10001530       0xe8 CMakeFiles/rp2040project.dir/Users/elizabethgodsey/pico-sdk/src/rp2_common/hardware_clocks/clocks.c.o
                0x10001530                clock_configure_undivided
 .text.clock_get_hz
                0x10001618        0xc CMakeFiles/rp2040project.dir/Users/elizabethgodsey/pico-sdk/src/rp2_common/hardware_clocks/clocks.c.o
                0x10001618                clock_get_hz
 .text.pll_init
                0x10001624       0xa4 CMakeFiles/rp2040project.dir/Users/elizabethgodsey/pico-sdk/src/rp2_common/hardware_pll/pll.c.o
                0x10001624                pll_init
 .text.watchdog_reboot
                0x100016c8       0x9c CMakeFiles/rp2040project.dir/Users/elizabethgodsey/pico-sdk/src/rp2_common/hardware_watchdog/watchdog.c.o
                0x100016c8                watchdog_reboot
 .text.tick_start
                0x10001764       0x10 CMakeFiles/rp2040project.dir/Users/elizabethgodsey/pico-sdk/src/rp2_common/hardware_ticks/ticks.c.o
                0x10001764                tick_start
 .text.rom_func_lookup
                0x10001774       0x10 CMakeFiles/rp2040project.dir/Users/elizabethgodsey/pico-sdk/src/rp2_common/pico_bootrom/bootrom.c.o
                0x10001774                rom_func_lookup
 .text.rom_data_lookup
                0x10001784       0x10 CMakeFiles/rp2040project.dir/Users/elizabethgodsey/pico-sdk/src/rp2_common/pico_bootrom/bootrom.c.o
                0x10001784                rom_data_lookup
 .text.rom_funcs_lookup
                0x10001794       0x44 CMakeFiles/rp2040project.dir/Users/elizabethgodsey/pico-sdk/src/rp2_common/pico_bootrom/bootrom.c.o
                0x10001794                rom_funcs_lookup
 .text.rom_reset_usb_boot_extra
                0x100017d8       0x24 CMakeFiles/rp2040project.dir/Users/elizabethgodsey/pico-sdk/src/rp2_common/pico_bootrom/bootrom.c.o
                0x100017d8                rom_reset_usb_boot_extra
 .text.xosc_init
                0x100017fc       0x28 CMakeFiles/rp2040project.dir/Users/elizabethgodsey/pico-sdk/src/rp2_common/hardware_xosc/xosc.c.o
                0x100017fc                xosc_init
 .text.first_per_core_initializer
                0x10001824        0x4 CMakeFiles/rp2040project.dir/Users/elizabethgodsey/pico-sdk/src/rp2_common/pico_runtime/runtime.c.o
 .text.hard_assertion_failure
                0x10001828        0xc CMakeFiles/rp2040project.dir/Users/elizabethgodsey/pico-sdk/src/rp2_common/pico_runtime/runtime.c.o
                0x10001828                hard_assertion_failure
 .text.runtime_run_initializers
                0x10001834       0x28 CMakeFiles/rp2040project.dir/Users/elizabethgodsey/pico-sdk/src/rp2_common/pico_runtime/runtime.c.o
                0x10001834                runtime_run_initializers
 .text.runtime_init_early_resets
                0x1000185c       0x2c CMakeFiles/rp2040project.dir/Users/elizabethgodsey/pico-sdk/src/rp2_common/pico_runtime_init/runtime_init.c.o
                0x1000185c                runtime_init_early_resets
 .text.runtime_init_usb_power_down
                0x10001888       0x1c CMakeFiles/rp2040project.dir/Users/elizabethgodsey/pico-sdk/src/rp2_common/pico_runtime_init/runtime_init.c.o
                0x10001888                runtime_init_usb_power_down
 .text.runtime_init_post_clock_resets
                0x100018a4       0x20 CMakeFiles/rp2040project.dir/Users/elizabethgodsey/pico-sdk/src/rp2_common/pico_runtime_init/runtime_init.c.o
                0x100018a4                runtime_init_post_clock_resets
 .text.runtime_init_rp2040_gpio_ie_disable
                0x100018c4       0x14 CMakeFiles/rp2040project.dir/Users/elizabethgodsey/pico-sdk/src/rp2_common/pico_runtime_init/runtime_init.c.o
                0x100018c4                runtime_init_rp2040_gpio_ie_disable
 .text.runtime_init_spin_locks_reset
                0x100018d8        0x8 CMakeFiles/rp2040project.dir/Users/elizabethgodsey/pico-sdk/src/rp2_common/pico_runtime_init/runtime_init.c.o
                0x100018d8                runtime_init_spin_locks_reset
 .text.runtime_init_install_ram_vector_table
                0x100018e0       0xb4 CMakeFiles/rp2040project.dir/Users/elizabethgodsey/pico-sdk/src/rp2_common/pico_runtime_init/runtime_init.c.o
                0x100018e0                runtime_init_install_ram_vector_table
 .text.runtime_init_clocks
                0x10001994       0xd8 CMakeFiles/rp2040project.dir/Users/elizabethgodsey/pico-sdk/src/rp2_common/pico_runtime_init/runtime_init_clocks.c.o
                0x10001994                runtime_init_clocks
 .text          0x10001a6c       0x10 CMakeFiles/rp2040project.dir/Users/elizabethgodsey/pico-sdk/src/rp2_common/pico_bit_ops/bit_ops_aeabi.S.o
 .text.__wrap___aeabi_idiv
                0x10001a7c       0x50 CMakeFiles/rp2040project.dir/Users/elizabethgodsey/pico-sdk/src/rp2_common/pico_divider/divider_hardware.S.o
                0x10001a7c                __wrap___aeabi_idivmod
                0x10001a7c                divmod_s32s32
                0x10001a7c                div_s32s32
                0x10001a7c                __wrap___aeabi_idiv
                0x10001a84                divmod_s32s32_unsafe
                0x10001ab0                divmod_s32s32_savestate
 .text.__wrap___aeabi_uidiv
                0x10001acc       0x4c CMakeFiles/rp2040project.dir/Users/elizabethgodsey/pico-sdk/src/rp2_common/pico_divider/divider_hardware.S.o
                0x10001acc                __wrap___aeabi_uidiv
                0x10001acc                __wrap___aeabi_uidivmod
                0x10001acc                div_u32u32
                0x10001acc                divmod_u32u32
                0x10001ad4                divmod_u32u32_unsafe
                0x10001afc                divmod_u32u32_savestate
 .text.__wrap___aeabi_ldiv
                0x10001b18      0x424 CMakeFiles/rp2040project.dir/Users/elizabethgodsey/pico-sdk/src/rp2_common/pico_divider/divider_hardware.S.o
                0x10001b18                __wrap___aeabi_ldivmod
                0x10001b18                div_s64s64
                0x10001b18                divmod_s64s64
                0x10001b48                divmod_u64u64
                0x10001b48                div_u64u64
                0x10001b48                __wrap___aeabi_uldivmod
                0x10001b58                divmod_u64u64_savestate
                0x10001b78                divmod_s64s64_unsafe
                0x10001c00                divmod_u64u64_unsafe
 .text.__wrap___aeabi_darithmetic
                0x10001f3c       0x80 CMakeFiles/rp2040project.dir/Users/elizabethgodsey/pico-sdk/src/rp2_common/pico_double/double_aeabi_rp2040.S.o
                0x10001f3c                __wrap___aeabi_drsub
                0x10001f42                __wrap___aeabi_dsub
                0x10001f54                __wrap___aeabi_dadd
                0x10001f66                __wrap___aeabi_ddiv
                0x10001fa2                __wrap___aeabi_dmul
 .text.__wrap___aeabi_cdcmple
                0x10001fbc       0x6c CMakeFiles/rp2040project.dir/Users/elizabethgodsey/pico-sdk/src/rp2_common/pico_double/double_aeabi_rp2040.S.o
                0x10001fbc                __wrap___aeabi_cdrcmple
                0x10001fcc                __wrap___aeabi_cdcmple
                0x10001fcc                __wrap___aeabi_cdcmpeq
 .text.__wrap___aeabi_dcmplt
                0x10002028        0xc CMakeFiles/rp2040project.dir/Users/elizabethgodsey/pico-sdk/src/rp2_common/pico_double/double_aeabi_rp2040.S.o
                0x10002028                __wrap___aeabi_dcmplt
 .text.__wrap___aeabi_dcmple
                0x10002034       0x10 CMakeFiles/rp2040project.dir/Users/elizabethgodsey/pico-sdk/src/rp2_common/pico_double/double_aeabi_rp2040.S.o
                0x10002034                __wrap___aeabi_dcmple
 .text.__wrap___aeabi_dcmpge
                0x10002044       0x10 CMakeFiles/rp2040project.dir/Users/elizabethgodsey/pico-sdk/src/rp2_common/pico_double/double_aeabi_rp2040.S.o
                0x10002044                __wrap___aeabi_dcmpge
 .text.__wrap___aeabi_dcmpgt
                0x10002054        0xa CMakeFiles/rp2040project.dir/Users/elizabethgodsey/pico-sdk/src/rp2_common/pico_double/double_aeabi_rp2040.S.o
                0x10002054                __wrap___aeabi_dcmpgt
 .text.__wrap___aeabi_dcmpun
                0x1000205e       0x18 CMakeFiles/rp2040project.dir/Users/elizabethgodsey/pico-sdk/src/rp2_common/pico_double/double_aeabi_rp2040.S.o
                0x1000205e                __wrap___aeabi_dcmpun
 *fill*         0x10002076        0x2 
 .text.__wrap___aeabi_i2d
                0x10002078       0x38 CMakeFiles/rp2040project.dir/Users/elizabethgodsey/pico-sdk/src/rp2_common/pico_double/double_aeabi_rp2040.S.o
                0x10002078                __wrap___aeabi_ui2d
                0x10002078                uint2double
                0x10002080                __wrap___aeabi_i2d
                0x10002080                int2double
 .text.__wrap___aeabi_d2iz
                0x100020b0       0x48 CMakeFiles/rp2040project.dir/Users/elizabethgodsey/pico-sdk/src/rp2_common/pico_double/double_aeabi_rp2040.S.o
                0x100020b0                __wrap___aeabi_d2iz
                0x100020b0                double2int_z
 .text.__wrap___aeabi_d2uiz
                0x100020f8       0x18 CMakeFiles/rp2040project.dir/Users/elizabethgodsey/pico-sdk/src/rp2_common/pico_double/double_aeabi_rp2040.S.o
                0x100020f8                double2uint_z
                0x100020f8                double2uint
                0x100020f8                __wrap___aeabi_d2uiz
 .text.__aeabi_double_init
                0x10002110       0xa4 CMakeFiles/rp2040project.dir/Users/elizabethgodsey/pico-sdk/src/rp2_common/pico_double/double_init_rom_rp2040.c.o
                0x10002110                __aeabi_double_init
 .text.double_table_shim_on_use_helper
                0x100021b4       0x2c CMakeFiles/rp2040project.dir/Users/elizabethgodsey/pico-sdk/src/rp2_common/pico_double/double_v1_rom_shim_rp2040.S.o
                0x100021b4                double_table_shim_on_use_helper
 .text.__wrap___aeabi_dsub
                0x100021e0       0x10 CMakeFiles/rp2040project.dir/Users/elizabethgodsey/pico-sdk/src/rp2_common/pico_double/double_v1_rom_shim_rp2040.S.o
                0x100021e0                drsub_shim
                0x100021e6                dsub_shim
 .text.dadd_shim
                0x100021f0      0x15c CMakeFiles/rp2040project.dir/Users/elizabethgodsey/pico-sdk/src/rp2_common/pico_double/double_v1_rom_shim_rp2040.S.o
                0x100021f0                dadd_shim
 .text.dmul_shim
                0x1000234c      0x15c CMakeFiles/rp2040project.dir/Users/elizabethgodsey/pico-sdk/src/rp2_common/pico_double/double_v1_rom_shim_rp2040.S.o
                0x1000234c                dmul_shim
 .text.ddiv_shim
                0x100024a8      0x1b0 CMakeFiles/rp2040project.dir/Users/elizabethgodsey/pico-sdk/src/rp2_common/pico_double/double_v1_rom_shim_rp2040.S.o
                0x100024a8                ddiv_shim
 .text.double2uint_shim
                0x10002658        0xe CMakeFiles/rp2040project.dir/Users/elizabethgodsey/pico-sdk/src/rp2_common/pico_double/double_v1_rom_shim_rp2040.S.o
                0x10002658                double2uint_shim
                0x1000265a                double2ufix_shim
 *fill*         0x10002666        0x2 
 .text.double2uint64_shim
                0x10002668       0x70 CMakeFiles/rp2040project.dir/Users/elizabethgodsey/pico-sdk/src/rp2_common/pico_double/double_v1_rom_shim_rp2040.S.o
                0x10002668                double2uint64_shim
                0x1000266a                double2ufix64_shim
                0x1000268a                d2fix_a
 .text.dunpacks
                0x100026d8       0x3c CMakeFiles/rp2040project.dir/Users/elizabethgodsey/pico-sdk/src/rp2_common/pico_double/double_v1_rom_shim_rp2040.S.o
                0x100026d8                dunpacks
 .text.__aeabi_lmul
                0x10002714       0x32 CMakeFiles/rp2040project.dir/Users/elizabethgodsey/pico-sdk/src/rp2_common/pico_int64_ops/pico_int64_ops_aeabi.S.o
                0x10002714                __wrap___aeabi_lmul
 *fill*         0x10002746        0x2 
 .text.__wrap___aeabi_farithmetic
                0x10002748       0x48 CMakeFiles/rp2040project.dir/Users/elizabethgodsey/pico-sdk/src/rp2_common/pico_float/float_aeabi_rp2040.S.o
                0x10002748                __wrap___aeabi_frsub
                0x1000274e                __wrap___aeabi_fsub
                0x10002754                __wrap___aeabi_fadd
                0x1000275a                __wrap___aeabi_fdiv
                0x10002782                __wrap___aeabi_fmul
 .text.__wrap___aeabi_i2f
                0x10002790       0x44 CMakeFiles/rp2040project.dir/Users/elizabethgodsey/pico-sdk/src/rp2_common/pico_float/float_aeabi_rp2040.S.o
                0x10002790                int2float
                0x10002790                __wrap___aeabi_i2f
 .text.__wrap___aeabi_f2d
                0x100027d4       0x14 CMakeFiles/rp2040project.dir/Users/elizabethgodsey/pico-sdk/src/rp2_common/pico_float/float_aeabi_rp2040.S.o
                0x100027d4                __wrap___aeabi_f2d
 .text.__aeabi_float_init
                0x100027e8       0x64 CMakeFiles/rp2040project.dir/Users/elizabethgodsey/pico-sdk/src/rp2_common/pico_float/float_init_rom_rp2040.c.o
                0x100027e8                __aeabi_float_init
 .text.float_table_shim_on_use_helper
                0x1000284c       0x2c CMakeFiles/rp2040project.dir/Users/elizabethgodsey/pico-sdk/src/rp2_common/pico_float/float_v1_rom_shim_rp2040.S.o
                0x1000284c                float_table_shim_on_use_helper
 .text.float2double_shim
                0x10002878       0x30 CMakeFiles/rp2040project.dir/Users/elizabethgodsey/pico-sdk/src/rp2_common/pico_float/float_v1_rom_shim_rp2040.S.o
                0x10002878                float2double_shim
 .text          0x100028a8       0x10 CMakeFiles/rp2040project.dir/Users/elizabethgodsey/pico-sdk/src/rp2_common/pico_mem_ops/mem_ops_aeabi.S.o
                0x100028a8                __aeabi_mem_init
 .text.memset   0x100028b8        0xc CMakeFiles/rp2040project.dir/Users/elizabethgodsey/pico-sdk/src/rp2_common/pico_mem_ops/mem_ops_aeabi.S.o
                0x100028b8                __wrap_memset
 .text.memcpy   0x100028c4        0xc CMakeFiles/rp2040project.dir/Users/elizabethgodsey/pico-sdk/src/rp2_common/pico_mem_ops/mem_ops_aeabi.S.o
                0x100028c4                __wrap___aeabi_memcpy
                0x100028c4                __wrap_memcpy
 .text._out_null
                0x100028d0        0x4 CMakeFiles/rp2040project.dir/Users/elizabethgodsey/pico-sdk/src/rp2_common/pico_printf/printf.c.o
 .text._out_rev
                0x100028d4       0xac CMakeFiles/rp2040project.dir/Users/elizabethgodsey/pico-sdk/src/rp2_common/pico_printf/printf.c.o
 .text._ntoa_format
                0x10002980      0x1cc CMakeFiles/rp2040project.dir/Users/elizabethgodsey/pico-sdk/src/rp2_common/pico_printf/printf.c.o
 .text._out_char
                0x10002b4c       0x10 CMakeFiles/rp2040project.dir/Users/elizabethgodsey/pico-sdk/src/rp2_common/pico_printf/printf.c.o
 .text._out_fct
                0x10002b5c       0x10 CMakeFiles/rp2040project.dir/Users/elizabethgodsey/pico-sdk/src/rp2_common/pico_printf/printf.c.o
 .text._ftoa    0x10002b6c      0x4a8 CMakeFiles/rp2040project.dir/Users/elizabethgodsey/pico-sdk/src/rp2_common/pico_printf/printf.c.o
 .text._etoa    0x10003014      0x57c CMakeFiles/rp2040project.dir/Users/elizabethgodsey/pico-sdk/src/rp2_common/pico_printf/printf.c.o
 .text._vsnprintf
                0x10003590      0xbe0 CMakeFiles/rp2040project.dir/Users/elizabethgodsey/pico-sdk/src/rp2_common/pico_printf/printf.c.o
 .text.vfctprintf
                0x10004170       0x24 CMakeFiles/rp2040project.dir/Users/elizabethgodsey/pico-sdk/src/rp2_common/pico_printf/printf.c.o
                0x10004170                vfctprintf
 .text.weak_raw_vprintf
                0x10004194       0x30 CMakeFiles/rp2040project.dir/Users/elizabethgodsey/pico-sdk/src/rp2_common/pico_printf/printf.c.o
                0x10004194                weak_raw_vprintf
 .text._exit    0x100041c4        0x4 CMakeFiles/rp2040project.dir/Users/elizabethgodsey/pico-sdk/src/rp2_common/pico_clib_interface/newlib_interface.c.o
                0x100041c4                _exit
 .text._sbrk    0x100041c8       0x34 CMakeFiles/rp2040project.dir/Users/elizabethgodsey/pico-sdk/src/rp2_common/pico_clib_interface/newlib_interface.c.o
                0x100041c8                _sbrk
 .text.exit     0x100041fc        0x8 CMakeFiles/rp2040project.dir/Users/elizabethgodsey/pico-sdk/src/rp2_common/pico_clib_interface/newlib_interface.c.o
                0x100041fc                exit
 .text.runtime_init
                0x10004204       0x2c CMakeFiles/rp2040project.dir/Users/elizabethgodsey/pico-sdk/src/rp2_common/pico_clib_interface/newlib_interface.c.o
                0x10004204                runtime_init
 .text.stdio_out_chars_no_crlf
                0x10004230       0x10 CMakeFiles/rp2040project.dir/Users/elizabethgodsey/pico-sdk/src/rp2_common/pico_stdio/stdio.c.o
 .text.stdio_out_chars_crlf
                0x10004240       0xb0 CMakeFiles/rp2040project.dir/Users/elizabethgodsey/pico-sdk/src/rp2_common/pico_stdio/stdio.c.o
 .text.stdio_buffered_printer
                0x100042f0       0x64 CMakeFiles/rp2040project.dir/Users/elizabethgodsey/pico-sdk/src/rp2_common/pico_stdio/stdio.c.o
 .text.stdio_put_string
                0x10004354       0xfc CMakeFiles/rp2040project.dir/Users/elizabethgodsey/pico-sdk/src/rp2_common/pico_stdio/stdio.c.o
                0x10004354                stdio_put_string
 .text.stdio_set_driver_enabled
                0x10004450       0x30 CMakeFiles/rp2040project.dir/Users/elizabethgodsey/pico-sdk/src/rp2_common/pico_stdio/stdio.c.o
                0x10004450                stdio_set_driver_enabled
 .text.stdio_init_all
                0x10004480        0x8 CMakeFiles/rp2040project.dir/Users/elizabethgodsey/pico-sdk/src/rp2_common/pico_stdio/stdio.c.o
                0x10004480                stdio_init_all
 .text.__wrap_putchar
                0x10004488       0x94 CMakeFiles/rp2040project.dir/Users/elizabethgodsey/pico-sdk/src/rp2_common/pico_stdio/stdio.c.o
                0x10004488                stdio_putchar
                0x10004488                __wrap_putchar
 .text.__wrap_puts
                0x1000451c       0x3c CMakeFiles/rp2040project.dir/Users/elizabethgodsey/pico-sdk/src/rp2_common/pico_stdio/stdio.c.o
                0x1000451c                __wrap_puts
                0x1000451c                stdio_puts
 .text.__wrap_vprintf
                0x10004558       0xcc CMakeFiles/rp2040project.dir/Users/elizabethgodsey/pico-sdk/src/rp2_common/pico_stdio/stdio.c.o
                0x10004558                __wrap_vprintf
                0x10004558                stdio_vprintf
 .text.__wrap_printf
                0x10004624       0x18 CMakeFiles/rp2040project.dir/Users/elizabethgodsey/pico-sdk/src/rp2_common/pico_stdio/stdio.c.o
                0x10004624                stdio_printf
                0x10004624                __wrap_printf
 .text.resetd_init
                0x1000463c        0x4 CMakeFiles/rp2040project.dir/Users/elizabethgodsey/pico-sdk/src/rp2_common/pico_stdio_usb/reset_interface.c.o
 .text.resetd_reset
                0x10004640        0xc CMakeFiles/rp2040project.dir/Users/elizabethgodsey/pico-sdk/src/rp2_common/pico_stdio_usb/reset_interface.c.o
 .text.resetd_open
                0x1000464c       0x28 CMakeFiles/rp2040project.dir/Users/elizabethgodsey/pico-sdk/src/rp2_common/pico_stdio_usb/reset_interface.c.o
 .text.resetd_xfer_cb
                0x10004674        0x4 CMakeFiles/rp2040project.dir/Users/elizabethgodsey/pico-sdk/src/rp2_common/pico_stdio_usb/reset_interface.c.o
 .text.resetd_control_xfer_cb
                0x10004678       0x54 CMakeFiles/rp2040project.dir/Users/elizabethgodsey/pico-sdk/src/rp2_common/pico_stdio_usb/reset_interface.c.o
 .text.tud_descriptor_bos_cb
                0x100046cc        0x8 CMakeFiles/rp2040project.dir/Users/elizabethgodsey/pico-sdk/src/rp2_common/pico_stdio_usb/reset_interface.c.o
                0x100046cc                tud_descriptor_bos_cb
 .text.tud_vendor_control_xfer_cb
                0x100046d4       0x34 CMakeFiles/rp2040project.dir/Users/elizabethgodsey/pico-sdk/src/rp2_common/pico_stdio_usb/reset_interface.c.o
                0x100046d4                tud_vendor_control_xfer_cb
 .text.usbd_app_driver_get_cb
                0x10004708        0xc CMakeFiles/rp2040project.dir/Users/elizabethgodsey/pico-sdk/src/rp2_common/pico_stdio_usb/reset_interface.c.o
                0x10004708                usbd_app_driver_get_cb
 .text.tud_cdc_line_coding_cb
                0x10004714       0x2c CMakeFiles/rp2040project.dir/Users/elizabethgodsey/pico-sdk/src/rp2_common/pico_stdio_usb/reset_interface.c.o
                0x10004714                tud_cdc_line_coding_cb
 .text.stdio_usb_set_chars_available_callback
                0x10004740       0x14 CMakeFiles/rp2040project.dir/Users/elizabethgodsey/pico-sdk/src/rp2_common/pico_stdio_usb/stdio_usb.c.o
                0x10004740                stdio_usb_set_chars_available_callback
 .text.usb_irq  0x10004754       0x10 CMakeFiles/rp2040project.dir/Users/elizabethgodsey/pico-sdk/src/rp2_common/pico_stdio_usb/stdio_usb.c.o
 .text.timer_task
                0x10004764       0x64 CMakeFiles/rp2040project.dir/Users/elizabethgodsey/pico-sdk/src/rp2_common/pico_stdio_usb/stdio_usb.c.o
 .text.stdio_usb_in_chars
                0x100047c8       0x8c CMakeFiles/rp2040project.dir/Users/elizabethgodsey/pico-sdk/src/rp2_common/pico_stdio_usb/stdio_usb.c.o
                0x100047c8                stdio_usb_in_chars
 .text.stdio_usb_out_flush
                0x10004854       0x4c CMakeFiles/rp2040project.dir/Users/elizabethgodsey/pico-sdk/src/rp2_common/pico_stdio_usb/stdio_usb.c.o
 .text.stdio_usb_out_chars
                0x100048a0      0x100 CMakeFiles/rp2040project.dir/Users/elizabethgodsey/pico-sdk/src/rp2_common/pico_stdio_usb/stdio_usb.c.o
 .text.low_priority_worker_irq
                0x100049a0       0xc8 CMakeFiles/rp2040project.dir/Users/elizabethgodsey/pico-sdk/src/rp2_common/pico_stdio_usb/stdio_usb.c.o
 .text.stdio_usb_init
                0x10004a68       0xe8 CMakeFiles/rp2040project.dir/Users/elizabethgodsey/pico-sdk/src/rp2_common/pico_stdio_usb/stdio_usb.c.o
                0x10004a68                stdio_usb_init
 .text.tud_descriptor_device_cb
                0x10004b50        0x8 CMakeFiles/rp2040project.dir/Users/elizabethgodsey/pico-sdk/src/rp2_common/pico_stdio_usb/stdio_usb_descriptors.c.o
                0x10004b50                tud_descriptor_device_cb
 .text.tud_descriptor_configuration_cb
                0x10004b58        0x8 CMakeFiles/rp2040project.dir/Users/elizabethgodsey/pico-sdk/src/rp2_common/pico_stdio_usb/stdio_usb_descriptors.c.o
                0x10004b58                tud_descriptor_configuration_cb
 .text.tud_descriptor_string_cb
                0x10004b60       0x78 CMakeFiles/rp2040project.dir/Users/elizabethgodsey/pico-sdk/src/rp2_common/pico_stdio_usb/stdio_usb_descriptors.c.o
                0x10004b60                tud_descriptor_string_cb
 .text.startup._retrieve_unique_id_on_boot
                0x10004bd8       0x10 CMakeFiles/rp2040project.dir/Users/elizabethgodsey/pico-sdk/src/rp2_common/pico_unique_id/unique_id.c.o
 .text.pico_get_unique_board_id_string
                0x10004be8      0x1a8 CMakeFiles/rp2040project.dir/Users/elizabethgodsey/pico-sdk/src/rp2_common/pico_unique_id/unique_id.c.o
                0x10004be8                pico_get_unique_board_id_string
 .text.flash_get_unique_id
                0x10004d90       0x3c CMakeFiles/rp2040project.dir/Users/elizabethgodsey/pico-sdk/src/rp2_common/hardware_flash/flash.c.o
                0x10004d90                flash_get_unique_id
 .text.dcd_init
                0x10004dcc       0x90 CMakeFiles/rp2040project.dir/Users/elizabethgodsey/pico-sdk/lib/tinyusb/src/portable/raspberrypi/rp2040/dcd_rp2040.c.o
                0x10004dcc                dcd_init
 .text.dcd_int_enable
                0x10004e5c        0xc CMakeFiles/rp2040project.dir/Users/elizabethgodsey/pico-sdk/lib/tinyusb/src/portable/raspberrypi/rp2040/dcd_rp2040.c.o
                0x10004e5c                dcd_int_enable
 .text.dcd_set_address
                0x10004e68       0x14 CMakeFiles/rp2040project.dir/Users/elizabethgodsey/pico-sdk/lib/tinyusb/src/portable/raspberrypi/rp2040/dcd_rp2040.c.o
                0x10004e68                dcd_set_address
 .text.dcd_sof_enable
                0x10004e7c       0x1c CMakeFiles/rp2040project.dir/Users/elizabethgodsey/pico-sdk/lib/tinyusb/src/portable/raspberrypi/rp2040/dcd_rp2040.c.o
                0x10004e7c                dcd_sof_enable
 .text.dcd_edpt0_status_complete
                0x10004e98       0x1c CMakeFiles/rp2040project.dir/Users/elizabethgodsey/pico-sdk/lib/tinyusb/src/portable/raspberrypi/rp2040/dcd_rp2040.c.o
                0x10004e98                dcd_edpt0_status_complete
 .text.dcd_edpt_open
                0x10004eb4      0x114 CMakeFiles/rp2040project.dir/Users/elizabethgodsey/pico-sdk/lib/tinyusb/src/portable/raspberrypi/rp2040/dcd_rp2040.c.o
                0x10004eb4                dcd_edpt_open
 .text.dcd_edpt_close_all
                0x10004fc8        0x8 CMakeFiles/rp2040project.dir/Users/elizabethgodsey/pico-sdk/lib/tinyusb/src/portable/raspberrypi/rp2040/dcd_rp2040.c.o
                0x10004fc8                dcd_edpt_close_all
 .text.dcd_edpt_xfer
                0x10004fd0       0x24 CMakeFiles/rp2040project.dir/Users/elizabethgodsey/pico-sdk/lib/tinyusb/src/portable/raspberrypi/rp2040/dcd_rp2040.c.o
                0x10004fd0                dcd_edpt_xfer
 .text.dcd_edpt_stall
                0x10004ff4       0x3c CMakeFiles/rp2040project.dir/Users/elizabethgodsey/pico-sdk/lib/tinyusb/src/portable/raspberrypi/rp2040/dcd_rp2040.c.o
                0x10004ff4                dcd_edpt_stall
 .text.dcd_edpt_clear_stall
                0x10005030       0x30 CMakeFiles/rp2040project.dir/Users/elizabethgodsey/pico-sdk/lib/tinyusb/src/portable/raspberrypi/rp2040/dcd_rp2040.c.o
                0x10005030                dcd_edpt_clear_stall
 .text.rp2040_usb_init
                0x10005060       0x40 CMakeFiles/rp2040project.dir/Users/elizabethgodsey/pico-sdk/lib/tinyusb/src/portable/raspberrypi/rp2040/rp2040_usb.c.o
                0x10005060                rp2040_usb_init
 .text.hw_endpoint_xfer_start
                0x100050a0       0x40 CMakeFiles/rp2040project.dir/Users/elizabethgodsey/pico-sdk/lib/tinyusb/src/portable/raspberrypi/rp2040/rp2040_usb.c.o
                0x100050a0                hw_endpoint_xfer_start
 .text.tud_event_hook_cb
                0x100050e0        0x4 CMakeFiles/rp2040project.dir/Users/elizabethgodsey/pico-sdk/lib/tinyusb/src/device/usbd.c.o
                0x100050e0                tud_event_hook_cb
 .text.tud_sof_cb
                0x100050e4        0x4 CMakeFiles/rp2040project.dir/Users/elizabethgodsey/pico-sdk/lib/tinyusb/src/device/usbd.c.o
                0x100050e4                tud_sof_cb
 .text.tud_descriptor_device_qualifier_cb
                0x100050e8        0x4 CMakeFiles/rp2040project.dir/Users/elizabethgodsey/pico-sdk/lib/tinyusb/src/device/usbd.c.o
                0x100050e8                tud_descriptor_device_qualifier_cb
 .text.tud_descriptor_other_speed_configuration_cb
                0x100050ec        0x4 CMakeFiles/rp2040project.dir/Users/elizabethgodsey/pico-sdk/lib/tinyusb/src/device/usbd.c.o
                0x100050ec                tud_descriptor_other_speed_configuration_cb
 .text.tud_mount_cb
                0x100050f0        0x4 CMakeFiles/rp2040project.dir/Users/elizabethgodsey/pico-sdk/lib/tinyusb/src/device/usbd.c.o
                0x100050f0                tud_mount_cb
 .text.tud_umount_cb
                0x100050f4        0x4 CMakeFiles/rp2040project.dir/Users/elizabethgodsey/pico-sdk/lib/tinyusb/src/device/usbd.c.o
                0x100050f4                tud_umount_cb
 .text.tud_suspend_cb
                0x100050f8        0x4 CMakeFiles/rp2040project.dir/Users/elizabethgodsey/pico-sdk/lib/tinyusb/src/device/usbd.c.o
                0x100050f8                tud_suspend_cb
 .text.tud_resume_cb
                0x100050fc        0x4 CMakeFiles/rp2040project.dir/Users/elizabethgodsey/pico-sdk/lib/tinyusb/src/device/usbd.c.o
                0x100050fc                tud_resume_cb
 .text.tud_mounted
                0x10005100       0x10 CMakeFiles/rp2040project.dir/Users/elizabethgodsey/pico-sdk/lib/tinyusb/src/device/usbd.c.o
                0x10005100                tud_mounted
 .text.tud_suspended
                0x10005110       0x10 CMakeFiles/rp2040project.dir/Users/elizabethgodsey/pico-sdk/lib/tinyusb/src/device/usbd.c.o
                0x10005110                tud_suspended
 .text.tud_rhport_init
                0x10005120       0xf4 CMakeFiles/rp2040project.dir/Users/elizabethgodsey/pico-sdk/lib/tinyusb/src/device/usbd.c.o
                0x10005120                tud_rhport_init
 .text.tud_task_ext
                0x10005214      0x800 CMakeFiles/rp2040project.dir/Users/elizabethgodsey/pico-sdk/lib/tinyusb/src/device/usbd.c.o
                0x10005214                tud_task_ext
 .text.usbd_open_edpt_pair
                0x10005a14       0x9c CMakeFiles/rp2040project.dir/Users/elizabethgodsey/pico-sdk/lib/tinyusb/src/device/usbd.c.o
                0x10005a14                usbd_open_edpt_pair
 .text.usbd_edpt_open
                0x10005ab0       0x34 CMakeFiles/rp2040project.dir/Users/elizabethgodsey/pico-sdk/lib/tinyusb/src/device/usbd.c.o
                0x10005ab0                usbd_edpt_open
 .text.usbd_edpt_claim
                0x10005ae4       0x28 CMakeFiles/rp2040project.dir/Users/elizabethgodsey/pico-sdk/lib/tinyusb/src/device/usbd.c.o
                0x10005ae4                usbd_edpt_claim
 .text.usbd_edpt_release
                0x10005b0c       0x28 CMakeFiles/rp2040project.dir/Users/elizabethgodsey/pico-sdk/lib/tinyusb/src/device/usbd.c.o
                0x10005b0c                usbd_edpt_release
 .text.usbd_edpt_xfer
                0x10005b34       0x4c CMakeFiles/rp2040project.dir/Users/elizabethgodsey/pico-sdk/lib/tinyusb/src/device/usbd.c.o
                0x10005b34                usbd_edpt_xfer
 .text.tud_control_status
                0x10005b80       0x2c CMakeFiles/rp2040project.dir/Users/elizabethgodsey/pico-sdk/lib/tinyusb/src/device/usbd_control.c.o
                0x10005b80                tud_control_status
 .text.tud_control_xfer
                0x10005bac       0xa8 CMakeFiles/rp2040project.dir/Users/elizabethgodsey/pico-sdk/lib/tinyusb/src/device/usbd_control.c.o
                0x10005bac                tud_control_xfer
 .text.usbd_control_reset
                0x10005c54       0x14 CMakeFiles/rp2040project.dir/Users/elizabethgodsey/pico-sdk/lib/tinyusb/src/device/usbd_control.c.o
                0x10005c54                usbd_control_reset
 .text.usbd_control_set_complete_callback
                0x10005c68        0xc CMakeFiles/rp2040project.dir/Users/elizabethgodsey/pico-sdk/lib/tinyusb/src/device/usbd_control.c.o
                0x10005c68                usbd_control_set_complete_callback
 .text.usbd_control_set_request
                0x10005c74       0x1c CMakeFiles/rp2040project.dir/Users/elizabethgodsey/pico-sdk/lib/tinyusb/src/device/usbd_control.c.o
                0x10005c74                usbd_control_set_request
 .text.usbd_control_xfer_cb
                0x10005c90       0xec CMakeFiles/rp2040project.dir/Users/elizabethgodsey/pico-sdk/lib/tinyusb/src/device/usbd_control.c.o
                0x10005c90                usbd_control_xfer_cb
 .text._prep_out_transaction.isra.0
                0x10005d7c       0x6c CMakeFiles/rp2040project.dir/Users/elizabethgodsey/pico-sdk/lib/tinyusb/src/class/cdc/cdc_device.c.o
 .text.tud_cdc_n_connected
                0x10005de8       0x2c CMakeFiles/rp2040project.dir/Users/elizabethgodsey/pico-sdk/lib/tinyusb/src/class/cdc/cdc_device.c.o
                0x10005de8                tud_cdc_n_connected
 .text.tud_cdc_n_available
                0x10005e14       0x14 CMakeFiles/rp2040project.dir/Users/elizabethgodsey/pico-sdk/lib/tinyusb/src/class/cdc/cdc_device.c.o
                0x10005e14                tud_cdc_n_available
 .text.tud_cdc_n_read
                0x10005e28       0x88 CMakeFiles/rp2040project.dir/Users/elizabethgodsey/pico-sdk/lib/tinyusb/src/class/cdc/cdc_device.c.o
                0x10005e28                tud_cdc_n_read
 .text.tud_cdc_n_write_flush
                0x10005eb0       0x74 CMakeFiles/rp2040project.dir/Users/elizabethgodsey/pico-sdk/lib/tinyusb/src/class/cdc/cdc_device.c.o
                0x10005eb0                tud_cdc_n_write_flush
 .text.tud_cdc_n_write
                0x10005f24       0x40 CMakeFiles/rp2040project.dir/Users/elizabethgodsey/pico-sdk/lib/tinyusb/src/class/cdc/cdc_device.c.o
                0x10005f24                tud_cdc_n_write
 .text.tud_cdc_n_write_available
                0x10005f64       0x14 CMakeFiles/rp2040project.dir/Users/elizabethgodsey/pico-sdk/lib/tinyusb/src/class/cdc/cdc_device.c.o
                0x10005f64                tud_cdc_n_write_available
 .text.cdcd_init
                0x10005f78       0x70 CMakeFiles/rp2040project.dir/Users/elizabethgodsey/pico-sdk/lib/tinyusb/src/class/cdc/cdc_device.c.o
                0x10005f78                cdcd_init
 .text.cdcd_deinit
                0x10005fe8       0x30 CMakeFiles/rp2040project.dir/Users/elizabethgodsey/pico-sdk/lib/tinyusb/src/class/cdc/cdc_device.c.o
                0x10005fe8                cdcd_deinit
 .text.cdcd_reset
                0x10006018       0x4c CMakeFiles/rp2040project.dir/Users/elizabethgodsey/pico-sdk/lib/tinyusb/src/class/cdc/cdc_device.c.o
                0x10006018                cdcd_reset
 .text.cdcd_open
                0x10006064       0xa4 CMakeFiles/rp2040project.dir/Users/elizabethgodsey/pico-sdk/lib/tinyusb/src/class/cdc/cdc_device.c.o
                0x10006064                cdcd_open
 .text.cdcd_control_xfer_cb
                0x10006108       0xe8 CMakeFiles/rp2040project.dir/Users/elizabethgodsey/pico-sdk/lib/tinyusb/src/class/cdc/cdc_device.c.o
                0x10006108                cdcd_control_xfer_cb
 .text.cdcd_xfer_cb
                0x100061f0      0x100 CMakeFiles/rp2040project.dir/Users/elizabethgodsey/pico-sdk/lib/tinyusb/src/class/cdc/cdc_device.c.o
                0x100061f0                cdcd_xfer_cb
 .text.vendord_init
                0x100062f0       0x5c CMakeFiles/rp2040project.dir/Users/elizabethgodsey/pico-sdk/lib/tinyusb/src/class/vendor/vendor_device.c.o
                0x100062f0                vendord_init
 .text.vendord_deinit
                0x1000634c       0x1c CMakeFiles/rp2040project.dir/Users/elizabethgodsey/pico-sdk/lib/tinyusb/src/class/vendor/vendor_device.c.o
                0x1000634c                vendord_deinit
 .text.vendord_reset
                0x10006368       0x28 CMakeFiles/rp2040project.dir/Users/elizabethgodsey/pico-sdk/lib/tinyusb/src/class/vendor/vendor_device.c.o
                0x10006368                vendord_reset
 .text.vendord_open
                0x10006390      0x120 CMakeFiles/rp2040project.dir/Users/elizabethgodsey/pico-sdk/lib/tinyusb/src/class/vendor/vendor_device.c.o
                0x10006390                vendord_open
 .text.vendord_xfer_cb
                0x100064b0       0x9c CMakeFiles/rp2040project.dir/Users/elizabethgodsey/pico-sdk/lib/tinyusb/src/class/vendor/vendor_device.c.o
                0x100064b0                vendord_xfer_cb
 .text.tusb_rhport_init
                0x1000654c       0x4c CMakeFiles/rp2040project.dir/Users/elizabethgodsey/pico-sdk/lib/tinyusb/src/tusb.c.o
                0x1000654c                tusb_rhport_init
 .text.tu_edpt_claim
                0x10006598       0x50 CMakeFiles/rp2040project.dir/Users/elizabethgodsey/pico-sdk/lib/tinyusb/src/tusb.c.o
                0x10006598                tu_edpt_claim
 .text.tu_edpt_release
                0x100065e8       0x38 CMakeFiles/rp2040project.dir/Users/elizabethgodsey/pico-sdk/lib/tinyusb/src/tusb.c.o
                0x100065e8                tu_edpt_release
 .text.tu_edpt_validate
                0x10006620       0x7c CMakeFiles/rp2040project.dir/Users/elizabethgodsey/pico-sdk/lib/tinyusb/src/tusb.c.o
                0x10006620                tu_edpt_validate
 .text.tu_edpt_bind_driver
                0x1000669c       0x34 CMakeFiles/rp2040project.dir/Users/elizabethgodsey/pico-sdk/lib/tinyusb/src/tusb.c.o
                0x1000669c                tu_edpt_bind_driver
 .text.tu_edpt_stream_init
                0x100066d0       0x6c CMakeFiles/rp2040project.dir/Users/elizabethgodsey/pico-sdk/lib/tinyusb/src/tusb.c.o
                0x100066d0                tu_edpt_stream_init
 .text.tu_edpt_stream_deinit
                0x1000673c        0x4 CMakeFiles/rp2040project.dir/Users/elizabethgodsey/pico-sdk/lib/tinyusb/src/tusb.c.o
                0x1000673c                tu_edpt_stream_deinit
 .text.tu_edpt_stream_write_zlp_if_needed
                0x10006740       0x68 CMakeFiles/rp2040project.dir/Users/elizabethgodsey/pico-sdk/lib/tinyusb/src/tusb.c.o
                0x10006740                tu_edpt_stream_write_zlp_if_needed
 .text.tu_edpt_stream_write_xfer
                0x100067a8       0x68 CMakeFiles/rp2040project.dir/Users/elizabethgodsey/pico-sdk/lib/tinyusb/src/tusb.c.o
                0x100067a8                tu_edpt_stream_write_xfer
 .text.tu_edpt_stream_read_xfer
                0x10006810       0xd8 CMakeFiles/rp2040project.dir/Users/elizabethgodsey/pico-sdk/lib/tinyusb/src/tusb.c.o
                0x10006810                tu_edpt_stream_read_xfer
 .text.tu_fifo_config
                0x100068e8       0x6c CMakeFiles/rp2040project.dir/Users/elizabethgodsey/pico-sdk/lib/tinyusb/src/common/tusb_fifo.c.o
                0x100068e8                tu_fifo_config
 .text.tu_fifo_count
                0x10006954       0x2c CMakeFiles/rp2040project.dir/Users/elizabethgodsey/pico-sdk/lib/tinyusb/src/common/tusb_fifo.c.o
                0x10006954                tu_fifo_count
 .text.tu_fifo_empty
                0x10006980       0x10 CMakeFiles/rp2040project.dir/Users/elizabethgodsey/pico-sdk/lib/tinyusb/src/common/tusb_fifo.c.o
                0x10006980                tu_fifo_empty
 .text.tu_fifo_remaining
                0x10006990       0x2c CMakeFiles/rp2040project.dir/Users/elizabethgodsey/pico-sdk/lib/tinyusb/src/common/tusb_fifo.c.o
                0x10006990                tu_fifo_remaining
 .text.tu_fifo_read
                0x100069bc       0x9c CMakeFiles/rp2040project.dir/Users/elizabethgodsey/pico-sdk/lib/tinyusb/src/common/tusb_fifo.c.o
                0x100069bc                tu_fifo_read
 .text.tu_fifo_read_n
                0x10006a58       0xe8 CMakeFiles/rp2040project.dir/Users/elizabethgodsey/pico-sdk/lib/tinyusb/src/common/tusb_fifo.c.o
                0x10006a58                tu_fifo_read_n
 .text.tu_fifo_write
                0x10006b40       0xa4 CMakeFiles/rp2040project.dir/Users/elizabethgodsey/pico-sdk/lib/tinyusb/src/common/tusb_fifo.c.o
                0x10006b40                tu_fifo_write
 .text.tu_fifo_write_n
                0x10006be4      0x178 CMakeFiles/rp2040project.dir/Users/elizabethgodsey/pico-sdk/lib/tinyusb/src/common/tusb_fifo.c.o
                0x10006be4                tu_fifo_write_n
 .text.tu_fifo_clear
                0x10006d5c       0x40 CMakeFiles/rp2040project.dir/Users/elizabethgodsey/pico-sdk/lib/tinyusb/src/common/tusb_fifo.c.o
                0x10006d5c                tu_fifo_clear
 .text.tu_fifo_set_overwritable
                0x10006d9c       0x48 CMakeFiles/rp2040project.dir/Users/elizabethgodsey/pico-sdk/lib/tinyusb/src/common/tusb_fifo.c.o
                0x10006d9c                tu_fifo_set_overwritable
 *fill*         0x10006de4        0xc 
 .text.vPortStartFirstTask
                0x10006df0       0x34 CMakeFiles/rp2040project.dir/freertos/portable/ThirdParty/GCC/RP2040/port.c.o
 *fill*         0x10006e24        0xc 
 .text.isr_pendsv
                0x10006e30       0x64 CMakeFiles/rp2040project.dir/freertos/portable/ThirdParty/GCC/RP2040/port.c.o
                0x10006e30                isr_pendsv
 .text.prvTaskExitError
                0x10006e94        0x8 CMakeFiles/rp2040project.dir/freertos/portable/ThirdParty/GCC/RP2040/port.c.o
 .text.prvFIFOInterruptHandler
                0x10006e9c       0x78 CMakeFiles/rp2040project.dir/freertos/portable/ThirdParty/GCC/RP2040/port.c.o
 .text.isr_svcall
                0x10006f14        0x4 CMakeFiles/rp2040project.dir/freertos/portable/ThirdParty/GCC/RP2040/port.c.o
                0x10006f14                isr_svcall
 .text.pxPortInitialiseStack
                0x10006f18       0x20 CMakeFiles/rp2040project.dir/freertos/portable/ThirdParty/GCC/RP2040/port.c.o
                0x10006f18                pxPortInitialiseStack
 .text.vPortYield
                0x10006f38       0x18 CMakeFiles/rp2040project.dir/freertos/portable/ThirdParty/GCC/RP2040/port.c.o
                0x10006f38                vPortYield
 .text.vPortEnterCritical
                0x10006f50       0x18 CMakeFiles/rp2040project.dir/freertos/portable/ThirdParty/GCC/RP2040/port.c.o
                0x10006f50                vPortEnterCritical
 .text.vPortExitCritical
                0x10006f68       0x14 CMakeFiles/rp2040project.dir/freertos/portable/ThirdParty/GCC/RP2040/port.c.o
                0x10006f68                vPortExitCritical
 .text.ulSetInterruptMaskFromISR
                0x10006f7c        0x8 CMakeFiles/rp2040project.dir/freertos/portable/ThirdParty/GCC/RP2040/port.c.o
                0x10006f7c                ulSetInterruptMaskFromISR
 .text.vClearInterruptMaskFromISR
                0x10006f84        0x8 CMakeFiles/rp2040project.dir/freertos/portable/ThirdParty/GCC/RP2040/port.c.o
                0x10006f84                vClearInterruptMaskFromISR
 .text.isr_systick
                0x10006f8c       0x24 CMakeFiles/rp2040project.dir/freertos/portable/ThirdParty/GCC/RP2040/port.c.o
                0x10006f8c                isr_systick
 .text.vPortSetupTimerInterrupt
                0x10006fb0       0x34 CMakeFiles/rp2040project.dir/freertos/portable/ThirdParty/GCC/RP2040/port.c.o
                0x10006fb0                vPortSetupTimerInterrupt
 .text.xPortStartScheduler
                0x10006fe4       0x9c CMakeFiles/rp2040project.dir/freertos/portable/ThirdParty/GCC/RP2040/port.c.o
                0x10006fe4                xPortStartScheduler
 .text.ulPortLockGetCurrentOwnerId
                0x10007080       0x2c CMakeFiles/rp2040project.dir/freertos/portable/ThirdParty/GCC/RP2040/port.c.o
                0x10007080                ulPortLockGetCurrentOwnerId
 .text.vPortLockInternalSpinUnlockWithWait
                0x100070ac       0x68 CMakeFiles/rp2040project.dir/freertos/portable/ThirdParty/GCC/RP2040/port.c.o
                0x100070ac                vPortLockInternalSpinUnlockWithWait
 .text.vPortLockInternalSpinUnlockWithNotify
                0x10007114       0xc8 CMakeFiles/rp2040project.dir/freertos/portable/ThirdParty/GCC/RP2040/port.c.o
                0x10007114                vPortLockInternalSpinUnlockWithNotify
 .text.xPortLockInternalSpinUnlockWithBestEffortWaitOrTimeout
                0x100071dc       0xf4 CMakeFiles/rp2040project.dir/freertos/portable/ThirdParty/GCC/RP2040/port.c.o
                0x100071dc                xPortLockInternalSpinUnlockWithBestEffortWaitOrTimeout
 .text.startup.prvRuntimeInitializer
                0x100072d0       0x28 CMakeFiles/rp2040project.dir/freertos/portable/ThirdParty/GCC/RP2040/port.c.o
 .text.vEventGroupSetBitsCallback
                0x100072f8       0x90 CMakeFiles/rp2040project.dir/freertos/event_groups.c.o
                0x100072f8                vEventGroupSetBitsCallback
 .text.xEventGroupCreate
                0x10007388       0x18 CMakeFiles/rp2040project.dir/freertos/event_groups.c.o
                0x10007388                xEventGroupCreate
 .text.xEventGroupWaitBits
                0x100073a0       0xb8 CMakeFiles/rp2040project.dir/freertos/event_groups.c.o
                0x100073a0                xEventGroupWaitBits
 .text.xEventGroupSetBits
                0x10007458       0x9c CMakeFiles/rp2040project.dir/freertos/event_groups.c.o
                0x10007458                xEventGroupSetBits
 .text.xEventGroupSetBitsFromISR
                0x100074f4       0x18 CMakeFiles/rp2040project.dir/freertos/event_groups.c.o
                0x100074f4                xEventGroupSetBitsFromISR
 .text.vListInitialise
                0x1000750c       0x18 CMakeFiles/rp2040project.dir/freertos/list.c.o
                0x1000750c                vListInitialise
 .text.vListInitialiseItem
                0x10007524        0x8 CMakeFiles/rp2040project.dir/freertos/list.c.o
                0x10007524                vListInitialiseItem
 .text.vListInsert
                0x1000752c       0x30 CMakeFiles/rp2040project.dir/freertos/list.c.o
                0x1000752c                vListInsert
 .text.uxListRemove
                0x1000755c       0x20 CMakeFiles/rp2040project.dir/freertos/list.c.o
                0x1000755c                uxListRemove
 .text.xQueueGenericCreate
                0x1000757c       0x9c CMakeFiles/rp2040project.dir/freertos/queue.c.o
                0x1000757c                xQueueGenericCreate
 .text.xQueueGenericSend
                0x10007618      0x31c CMakeFiles/rp2040project.dir/freertos/queue.c.o
                0x10007618                xQueueGenericSend
 .text.xQueueGenericSendFromISR
                0x10007934      0x120 CMakeFiles/rp2040project.dir/freertos/queue.c.o
                0x10007934                xQueueGenericSendFromISR
 .text.xQueueReceive
                0x10007a54      0x2b4 CMakeFiles/rp2040project.dir/freertos/queue.c.o
                0x10007a54                xQueueReceive
 .text.vQueueAddToRegistry
                0x10007d08      0x168 CMakeFiles/rp2040project.dir/freertos/queue.c.o
                0x10007d08                vQueueAddToRegistry
 .text.vQueueWaitForMessageRestricted
                0x10007e70       0xd0 CMakeFiles/rp2040project.dir/freertos/queue.c.o
                0x10007e70                vQueueWaitForMessageRestricted
 .text.prvAddNewTaskToReadyList
                0x10007f40      0x120 CMakeFiles/rp2040project.dir/freertos/tasks.c.o
 .text.prvCreateTask
                0x10008060      0x184 CMakeFiles/rp2040project.dir/freertos/tasks.c.o
 .text.prvIdleTask
                0x100081e4       0x68 CMakeFiles/rp2040project.dir/freertos/tasks.c.o
 .text.xTaskIncrementTick.part.0
                0x1000824c      0x194 CMakeFiles/rp2040project.dir/freertos/tasks.c.o
 .text.xTaskCreate
                0x100083e0       0x24 CMakeFiles/rp2040project.dir/freertos/tasks.c.o
                0x100083e0                xTaskCreate
 .text.vTaskStartScheduler
                0x10008404       0x88 CMakeFiles/rp2040project.dir/freertos/tasks.c.o
                0x10008404                vTaskStartScheduler
 .text.vTaskSuspendAll
                0x1000848c       0x10 CMakeFiles/rp2040project.dir/freertos/tasks.c.o
                0x1000848c                vTaskSuspendAll
 .text.xTaskResumeAll
                0x1000849c      0x188 CMakeFiles/rp2040project.dir/freertos/tasks.c.o
                0x1000849c                xTaskResumeAll
 .text.xTaskDelayUntil
                0x10008624       0xb4 CMakeFiles/rp2040project.dir/freertos/tasks.c.o
                0x10008624                xTaskDelayUntil
 .text.xTaskGetTickCount
                0x100086d8        0xc CMakeFiles/rp2040project.dir/freertos/tasks.c.o
                0x100086d8                xTaskGetTickCount
 .text.uxTaskGetNumberOfTasks
                0x100086e4        0xc CMakeFiles/rp2040project.dir/freertos/tasks.c.o
                0x100086e4                uxTaskGetNumberOfTasks
 .text.xTaskIncrementTick
                0x100086f0       0x24 CMakeFiles/rp2040project.dir/freertos/tasks.c.o
                0x100086f0                xTaskIncrementTick
 .text.vTaskSwitchContext
                0x10008714       0x80 CMakeFiles/rp2040project.dir/freertos/tasks.c.o
                0x10008714                vTaskSwitchContext
 .text.vTaskPlaceOnEventList
                0x10008794       0xa0 CMakeFiles/rp2040project.dir/freertos/tasks.c.o
                0x10008794                vTaskPlaceOnEventList
 .text.vTaskPlaceOnUnorderedEventList
                0x10008834       0xc4 CMakeFiles/rp2040project.dir/freertos/tasks.c.o
                0x10008834                vTaskPlaceOnUnorderedEventList
 .text.vTaskPlaceOnEventListRestricted
                0x100088f8       0xf8 CMakeFiles/rp2040project.dir/freertos/tasks.c.o
                0x100088f8                vTaskPlaceOnEventListRestricted
 .text.xTaskRemoveFromEventList
                0x100089f0       0xcc CMakeFiles/rp2040project.dir/freertos/tasks.c.o
                0x100089f0                xTaskRemoveFromEventList
 .text.vTaskRemoveFromUnorderedEventList
                0x10008abc       0x94 CMakeFiles/rp2040project.dir/freertos/tasks.c.o
                0x10008abc                vTaskRemoveFromUnorderedEventList
 .text.vTaskInternalSetTimeOutState
                0x10008b50       0x18 CMakeFiles/rp2040project.dir/freertos/tasks.c.o
                0x10008b50                vTaskInternalSetTimeOutState
 .text.xTaskCheckForTimeOut
                0x10008b68       0x78 CMakeFiles/rp2040project.dir/freertos/tasks.c.o
                0x10008b68                xTaskCheckForTimeOut
 .text.vTaskMissedYield
                0x10008be0        0xc CMakeFiles/rp2040project.dir/freertos/tasks.c.o
                0x10008be0                vTaskMissedYield
 .text.xTaskGetCurrentTaskHandle
                0x10008bec        0xc CMakeFiles/rp2040project.dir/freertos/tasks.c.o
                0x10008bec                xTaskGetCurrentTaskHandle
 .text.uxTaskResetEventItemValue
                0x10008bf8       0x18 CMakeFiles/rp2040project.dir/freertos/tasks.c.o
                0x10008bf8                uxTaskResetEventItemValue
 .text.prvTimerTask
                0x10008c10      0x39c CMakeFiles/rp2040project.dir/freertos/timers.c.o
 .text.xTimerCreateTimerTask
                0x10008fac       0x8c CMakeFiles/rp2040project.dir/freertos/timers.c.o
                0x10008fac                xTimerCreateTimerTask
 .text.xTimerPendFunctionCallFromISR
                0x10009038       0x2c CMakeFiles/rp2040project.dir/freertos/timers.c.o
                0x10009038                xTimerPendFunctionCallFromISR
 .text.exception_set_exclusive_handler
                0x10009064       0x48 CMakeFiles/rp2040project.dir/Users/elizabethgodsey/pico-sdk/src/rp2_common/hardware_exception/exception.c.o
                0x10009064                exception_set_exclusive_handler
 .text.pvPortMalloc
                0x100090ac      0x124 CMakeFiles/rp2040project.dir/freertos/portable/MemMang/heap_4.c.o
                0x100090ac                pvPortMalloc
 .text.vPortFree
                0x100091d0       0x98 CMakeFiles/rp2040project.dir/freertos/portable/MemMang/heap_4.c.o
                0x100091d0                vPortFree
 .text.i2c_read_blocking_internal.constprop.0
                0x10009268       0x98 CMakeFiles/rp2040project.dir/Users/elizabethgodsey/pico-sdk/src/rp2_common/hardware_i2c/i2c.c.o
 .text.i2c_write_blocking_internal.constprop.0
                0x10009300       0xf8 CMakeFiles/rp2040project.dir/Users/elizabethgodsey/pico-sdk/src/rp2_common/hardware_i2c/i2c.c.o
 .text.i2c_set_baudrate
                0x100093f8       0xc0 CMakeFiles/rp2040project.dir/Users/elizabethgodsey/pico-sdk/src/rp2_common/hardware_i2c/i2c.c.o
                0x100093f8                i2c_set_baudrate
 .text.i2c_init
                0x100094b8       0x50 CMakeFiles/rp2040project.dir/Users/elizabethgodsey/pico-sdk/src/rp2_common/hardware_i2c/i2c.c.o
                0x100094b8                i2c_init
 .text.i2c_write_blocking
                0x10009508       0x14 CMakeFiles/rp2040project.dir/Users/elizabethgodsey/pico-sdk/src/rp2_common/hardware_i2c/i2c.c.o
                0x10009508                i2c_write_blocking
 .text.i2c_read_blocking
                0x1000951c       0x14 CMakeFiles/rp2040project.dir/Users/elizabethgodsey/pico-sdk/src/rp2_common/hardware_i2c/i2c.c.o
                0x1000951c                i2c_read_blocking
 .text.__malloc_lock
                0x10009530       0x10 /Applications/ArmGNUToolchain/14.2.rel1/arm-none-eabi/bin/../lib/gcc/arm-none-eabi/14.2.1/../../../../arm-none-eabi/lib/thumb/v6-m/nofp/libg.a(libc_a-mlock.o)
                0x10009530                __malloc_lock
 .text.__malloc_unlock
                0x10009540       0x10 /Applications/ArmGNUToolchain/14.2.rel1/arm-none-eabi/bin/../lib/gcc/arm-none-eabi/14.2.1/../../../../arm-none-eabi/lib/thumb/v6-m/nofp/libg.a(libc_a-mlock.o)
                0x10009540                __malloc_unlock
 .text._reclaim_reent
                0x10009550       0x74 /Applications/ArmGNUToolchain/14.2.rel1/arm-none-eabi/bin/../lib/gcc/arm-none-eabi/14.2.1/../../../../arm-none-eabi/lib/thumb/v6-m/nofp/libg.a(libc_a-reent.o)
                0x10009550                _reclaim_reent
 .text._sbrk_r  0x100095c4       0x24 /Applications/ArmGNUToolchain/14.2.rel1/arm-none-eabi/bin/../lib/gcc/arm-none-eabi/14.2.1/../../../../arm-none-eabi/lib/thumb/v6-m/nofp/libg.a(libc_a-sbrkr.o)
                0x100095c4                _sbrk_r
 .text.__errno  0x100095e8        0xc /Applications/ArmGNUToolchain/14.2.rel1/arm-none-eabi/bin/../lib/gcc/arm-none-eabi/14.2.1/../../../../arm-none-eabi/lib/thumb/v6-m/nofp/libg.a(libc_a-errno.o)
                0x100095e8                __errno
 .text.sysconf  0x100095f4       0x1c /Applications/ArmGNUToolchain/14.2.rel1/arm-none-eabi/bin/../lib/gcc/arm-none-eabi/14.2.1/../../../../arm-none-eabi/lib/thumb/v6-m/nofp/libg.a(libc_a-sysconf.o)
                0x100095f4                sysconf
 .text.__retarget_lock_acquire_recursive
                0x10009610        0x4 /Applications/ArmGNUToolchain/14.2.rel1/arm-none-eabi/bin/../lib/gcc/arm-none-eabi/14.2.1/../../../../arm-none-eabi/lib/thumb/v6-m/nofp/libg.a(libc_a-lock.o)
                0x10009610                __retarget_lock_acquire_recursive
 .text.__retarget_lock_release_recursive
                0x10009614        0x4 /Applications/ArmGNUToolchain/14.2.rel1/arm-none-eabi/bin/../lib/gcc/arm-none-eabi/14.2.1/../../../../arm-none-eabi/lib/thumb/v6-m/nofp/libg.a(libc_a-lock.o)
                0x10009614                __retarget_lock_release_recursive
 .text.strlen   0x10009618       0x5c /Applications/ArmGNUToolchain/14.2.rel1/arm-none-eabi/bin/../lib/gcc/arm-none-eabi/14.2.1/../../../../arm-none-eabi/lib/thumb/v6-m/nofp/libg.a(libc_a-strlen-stub.o)
                0x10009618                strlen
 .text._malloc_trim_r
                0x10009674       0xb4 /Applications/ArmGNUToolchain/14.2.rel1/arm-none-eabi/bin/../lib/gcc/arm-none-eabi/14.2.1/../../../../arm-none-eabi/lib/thumb/v6-m/nofp/libg.a(libc_a-freer.o)
                0x10009674                _malloc_trim_r
 .text._free_r  0x10009728      0x1f0 /Applications/ArmGNUToolchain/14.2.rel1/arm-none-eabi/bin/../lib/gcc/arm-none-eabi/14.2.1/../../../../arm-none-eabi/lib/thumb/v6-m/nofp/libg.a(libc_a-freer.o)
                0x10009728                _free_r
 *(.fini)
 .fini          0x10009918        0x4 /Applications/ArmGNUToolchain/14.2.rel1/arm-none-eabi/bin/../lib/gcc/arm-none-eabi/14.2.1/thumb/v6-m/nofp/crti.o
                0x10009918                _fini
 *fill*         0x1000991c        0x4 
 .fini.__stub   0x10009920       0xc0 linker stubs
 *crtbegin.o(.ctors)
 *crtbegin?.o(.ctors)
 *(EXCLUDE_FILE(*crtend.o *crtend?.o) .ctors)
 *(SORT_BY_NAME(.ctors.*))
 *(.ctors)
 *crtbegin.o(.dtors)
 *crtbegin?.o(.dtors)
 *(EXCLUDE_FILE(*crtend.o *crtend?.o) .dtors)
 *(SORT_BY_NAME(.dtors.*))
 *(.dtors)
                0x100099e0                        . = ALIGN (0x4)
                0x100099e0                        PROVIDE (__preinit_array_start = .)
 *(SORT_BY_NAME(.preinit_array.*))
 .preinit_array.00100
                0x100099e0        0x4 CMakeFiles/rp2040project.dir/Users/elizabethgodsey/pico-sdk/src/rp2_common/pico_runtime_init/runtime_init.c.o
                0x100099e0                __pre_init_runtime_init_early_resets
 .preinit_array.00101
                0x100099e4        0x4 CMakeFiles/rp2040project.dir/Users/elizabethgodsey/pico-sdk/src/rp2_common/pico_runtime_init/runtime_init.c.o
                0x100099e4                __pre_init_runtime_init_usb_power_down
 .preinit_array.00275
                0x100099e8        0x4 CMakeFiles/rp2040project.dir/Users/elizabethgodsey/pico-sdk/src/rp2_common/pico_bit_ops/bit_ops_aeabi.S.o
 .preinit_array.00300
                0x100099ec        0x4 CMakeFiles/rp2040project.dir/Users/elizabethgodsey/pico-sdk/src/rp2_common/pico_mem_ops/mem_ops_aeabi.S.o
 .preinit_array.00350
                0x100099f0        0x4 CMakeFiles/rp2040project.dir/Users/elizabethgodsey/pico-sdk/src/rp2_common/pico_double/double_aeabi_rp2040.S.o
 .preinit_array.00350
                0x100099f4        0x4 CMakeFiles/rp2040project.dir/Users/elizabethgodsey/pico-sdk/src/rp2_common/pico_float/float_aeabi_rp2040.S.o
 .preinit_array.00500
                0x100099f8        0x4 CMakeFiles/rp2040project.dir/Users/elizabethgodsey/pico-sdk/src/rp2_common/pico_runtime_init/runtime_init.c.o
                0x100099f8                __pre_init_runtime_init_clocks
 .preinit_array.00600
                0x100099fc        0x4 CMakeFiles/rp2040project.dir/Users/elizabethgodsey/pico-sdk/src/rp2_common/pico_runtime_init/runtime_init.c.o
                0x100099fc                __pre_init_runtime_init_post_clock_resets
 .preinit_array.00700
                0x10009a00        0x4 CMakeFiles/rp2040project.dir/Users/elizabethgodsey/pico-sdk/src/rp2_common/pico_runtime_init/runtime_init.c.o
                0x10009a00                __pre_init_runtime_init_rp2040_gpio_ie_disable
 .preinit_array.01000
                0x10009a04        0x4 CMakeFiles/rp2040project.dir/Users/elizabethgodsey/pico-sdk/src/rp2_common/pico_runtime_init/runtime_init.c.o
                0x10009a04                __pre_init_runtime_init_spin_locks_reset
 .preinit_array.01100
                0x10009a08        0x4 CMakeFiles/rp2040project.dir/Users/elizabethgodsey/pico-sdk/src/common/pico_sync/mutex.c.o
                0x10009a08                __pre_init_runtime_init_mutex
 .preinit_array.10080
                0x10009a0c        0x4 CMakeFiles/rp2040project.dir/Users/elizabethgodsey/pico-sdk/src/rp2_common/pico_runtime_init/runtime_init.c.o
                0x10009a0c                __pre_init_runtime_init_install_ram_vector_table
 .preinit_array.11000
                0x10009a10        0x4 CMakeFiles/rp2040project.dir/Users/elizabethgodsey/pico-sdk/src/common/pico_time/time.c.o
                0x10009a10                __pre_init_runtime_init_default_alarm_pool
 .preinit_array.YYYYY
                0x10009a14        0x4 CMakeFiles/rp2040project.dir/Users/elizabethgodsey/pico-sdk/src/rp2_common/pico_runtime/runtime.c.o
                0x10009a14                __pre_init_first_per_core_initializer
 .preinit_array.ZZZZZ.01200
                0x10009a18        0x4 CMakeFiles/rp2040project.dir/Users/elizabethgodsey/pico-sdk/src/rp2_common/hardware_irq/irq.c.o
                0x10009a18                __pre_init_runtime_init_per_core_irq_priorities
 *(.preinit_array)
                0x10009a1c                        PROVIDE (__preinit_array_end = .)
                0x10009a1c                        . = ALIGN (0x4)
                0x10009a1c                        PROVIDE (__init_array_start = .)
 *(SORT_BY_NAME(.init_array.*))
 .init_array.01000
                0x10009a1c        0x4 CMakeFiles/rp2040project.dir/Users/elizabethgodsey/pico-sdk/src/rp2_common/pico_unique_id/unique_id.c.o
 *(.init_array)
 .init_array    0x10009a20        0x4 /Applications/ArmGNUToolchain/14.2.rel1/arm-none-eabi/bin/../lib/gcc/arm-none-eabi/14.2.1/thumb/v6-m/nofp/crtbegin.o
 .init_array    0x10009a24        0x4 CMakeFiles/rp2040project.dir/freertos/portable/ThirdParty/GCC/RP2040/port.c.o
                0x10009a28                        PROVIDE (__init_array_end = .)
                0x10009a28                        . = ALIGN (0x4)
                [!provide]                        PROVIDE (__fini_array_start = .)
 *(SORT_BY_NAME(.fini_array.*))
 *(.fini_array)
                [!provide]                        PROVIDE (__fini_array_end = .)
 *(.eh_frame*)
 .eh_frame      0x10009a28        0x0 /Applications/ArmGNUToolchain/14.2.rel1/arm-none-eabi/bin/../lib/gcc/arm-none-eabi/14.2.1/thumb/v6-m/nofp/crtbegin.o
                0x10009a28                        . = ALIGN (0x4)

.glue_7         0x10009a28        0x0
 .glue_7        0x10009a28        0x0 linker stubs

.glue_7t        0x10009a28        0x0
 .glue_7t       0x10009a28        0x0 linker stubs

.vfp11_veneer   0x10009a28        0x0
 .vfp11_veneer  0x10009a28        0x0 linker stubs

.v4_bx          0x10009a28        0x0
 .v4_bx         0x10009a28        0x0 linker stubs

.iplt           0x10009a28        0x0
 .iplt          0x10009a28        0x0 /Applications/ArmGNUToolchain/14.2.rel1/arm-none-eabi/bin/../lib/gcc/arm-none-eabi/14.2.1/thumb/v6-m/nofp/crtbegin.o

.rodata         0x10009a28      0x6e8
 *(EXCLUDE_FILE(*libm.a: *libc.a:*lib_a-mem*.o *libgcc.a:) .rodata*)
 .rodata.ImuTask.str1.4
                0x10009a28      0x218 CMakeFiles/rp2040project.dir/src/main.c.o
                                  0xf (size before relaxing)
 .rodata.ImuLoggingTask.str1.4
                0x10009c40       0x53 CMakeFiles/rp2040project.dir/src/main.c.o
 .rodata.main.str1.4
                0x10009c40       0x19 CMakeFiles/rp2040project.dir/src/main.c.o
 .rodata.panic.str1.4
                0x10009c40       0x12 CMakeFiles/rp2040project.dir/Users/elizabethgodsey/pico-sdk/src/rp2_common/pico_platform_panic/panic.c.o
 .rodata.panic_unsupported.str1.4
                0x10009c40        0xe CMakeFiles/rp2040project.dir/Users/elizabethgodsey/pico-sdk/src/rp2_common/pico_platform_panic/panic.c.o
 .rodata.spin_lock_claim_unused.str1.4
                0x10009c40       0x1b CMakeFiles/rp2040project.dir/Users/elizabethgodsey/pico-sdk/src/rp2_common/hardware_sync/sync.c.o
 .rodata.user_irq_claim_unused.str1.4
                0x10009c40       0x1b CMakeFiles/rp2040project.dir/Users/elizabethgodsey/pico-sdk/src/rp2_common/hardware_irq/irq.c.o
 .rodata.timer_hardware_alarm_claim.str1.4
                0x10009c40       0x22 CMakeFiles/rp2040project.dir/Users/elizabethgodsey/pico-sdk/src/rp2_common/hardware_timer/timer.c.o
 .rodata.hard_assertion_failure.str1.4
                0x10009c40        0xc CMakeFiles/rp2040project.dir/Users/elizabethgodsey/pico-sdk/src/rp2_common/pico_runtime/runtime.c.o
 .rodata.str1.4
                0x10009c40       0x44 CMakeFiles/rp2040project.dir/Users/elizabethgodsey/pico-sdk/src/rp2_common/pico_standard_binary_info/standard_binary_info.c.o
 .rodata.__bi_84
                0x10009c40        0xc CMakeFiles/rp2040project.dir/Users/elizabethgodsey/pico-sdk/src/rp2_common/pico_standard_binary_info/standard_binary_info.c.o
 .rodata.__bi_78
                0x10009c4c        0xc CMakeFiles/rp2040project.dir/Users/elizabethgodsey/pico-sdk/src/rp2_common/pico_standard_binary_info/standard_binary_info.c.o
 .rodata.__bi_54
                0x10009c58        0xc CMakeFiles/rp2040project.dir/Users/elizabethgodsey/pico-sdk/src/rp2_common/pico_standard_binary_info/standard_binary_info.c.o
 .rodata.__bi_48
                0x10009c64        0xc CMakeFiles/rp2040project.dir/Users/elizabethgodsey/pico-sdk/src/rp2_common/pico_standard_binary_info/standard_binary_info.c.o
 .rodata.__bi_42
                0x10009c70        0xc CMakeFiles/rp2040project.dir/Users/elizabethgodsey/pico-sdk/src/rp2_common/pico_standard_binary_info/standard_binary_info.c.o
 .rodata.__bi_34
                0x10009c7c        0xc CMakeFiles/rp2040project.dir/Users/elizabethgodsey/pico-sdk/src/rp2_common/pico_standard_binary_info/standard_binary_info.c.o
 .rodata.__bi_26
                0x10009c88        0xc CMakeFiles/rp2040project.dir/Users/elizabethgodsey/pico-sdk/src/rp2_common/pico_standard_binary_info/standard_binary_info.c.o
 .rodata._ftoa.str1.4
                0x10009c94       0x15 CMakeFiles/rp2040project.dir/Users/elizabethgodsey/pico-sdk/src/rp2_common/pico_printf/printf.c.o
 .rodata._vsnprintf
                0x10009c94      0x19c CMakeFiles/rp2040project.dir/Users/elizabethgodsey/pico-sdk/src/rp2_common/pico_printf/printf.c.o
 .rodata.pow10.0
                0x10009e30       0x50 CMakeFiles/rp2040project.dir/Users/elizabethgodsey/pico-sdk/src/rp2_common/pico_printf/printf.c.o
 .rodata.crlf_str.0
                0x10009e80        0x2 CMakeFiles/rp2040project.dir/Users/elizabethgodsey/pico-sdk/src/rp2_common/pico_stdio/stdio.c.o
 *fill*         0x10009e82        0x2 
 .rodata._resetd_driver
                0x10009e84       0x20 CMakeFiles/rp2040project.dir/Users/elizabethgodsey/pico-sdk/src/rp2_common/pico_stdio_usb/reset_interface.c.o
 .rodata.desc_ms_os_20
                0x10009ea4       0xa6 CMakeFiles/rp2040project.dir/Users/elizabethgodsey/pico-sdk/src/rp2_common/pico_stdio_usb/reset_interface.c.o
 *fill*         0x10009f4a        0x2 
 .rodata.desc_bos
                0x10009f4c       0x21 CMakeFiles/rp2040project.dir/Users/elizabethgodsey/pico-sdk/src/rp2_common/pico_stdio_usb/reset_interface.c.o
                0x10009f4c                desc_bos
 .rodata.str1.4
                0x10009f6d       0x13 CMakeFiles/rp2040project.dir/Users/elizabethgodsey/pico-sdk/src/rp2_common/pico_stdio_usb/stdio_usb.c.o
 *fill*         0x10009f6d        0x3 
 .rodata.__bi_202.0
                0x10009f70        0xc CMakeFiles/rp2040project.dir/Users/elizabethgodsey/pico-sdk/src/rp2_common/pico_stdio_usb/stdio_usb.c.o
 .rodata.str1.4
                0x10009f7c       0x2a CMakeFiles/rp2040project.dir/Users/elizabethgodsey/pico-sdk/src/rp2_common/pico_stdio_usb/stdio_usb_descriptors.c.o
 .rodata.usbd_desc_str
                0x10009f7c       0x18 CMakeFiles/rp2040project.dir/Users/elizabethgodsey/pico-sdk/src/rp2_common/pico_stdio_usb/stdio_usb_descriptors.c.o
 .rodata.usbd_desc_cfg
                0x10009f94       0x54 CMakeFiles/rp2040project.dir/Users/elizabethgodsey/pico-sdk/src/rp2_common/pico_stdio_usb/stdio_usb_descriptors.c.o
 .rodata.usbd_desc_device
                0x10009fe8       0x12 CMakeFiles/rp2040project.dir/Users/elizabethgodsey/pico-sdk/src/rp2_common/pico_stdio_usb/stdio_usb_descriptors.c.o
 .rodata.str1.4
                0x10009ffa       0x14 CMakeFiles/rp2040project.dir/Users/elizabethgodsey/pico-sdk/lib/tinyusb/src/portable/raspberrypi/rp2040/dcd_rp2040.c.o
 .rodata.str1.4
                0x10009ffa       0x48 CMakeFiles/rp2040project.dir/Users/elizabethgodsey/pico-sdk/lib/tinyusb/src/portable/raspberrypi/rp2040/rp2040_usb.c.o
 *fill*         0x10009ffa        0x2 
 .rodata.tud_task_ext
                0x10009ffc       0x8c CMakeFiles/rp2040project.dir/Users/elizabethgodsey/pico-sdk/lib/tinyusb/src/device/usbd.c.o
 .rodata        0x1000a088       0x1c CMakeFiles/rp2040project.dir/Users/elizabethgodsey/pico-sdk/lib/tinyusb/src/device/usbd.c.o
 .rodata._usbd_driver
                0x1000a0a4       0x40 CMakeFiles/rp2040project.dir/Users/elizabethgodsey/pico-sdk/lib/tinyusb/src/device/usbd.c.o
 .rodata.uxTopUsedPriority
                0x1000a0e4        0x4 CMakeFiles/rp2040project.dir/freertos/tasks.c.o
 .rodata.prvTimerTask
                0x1000a0e8       0x28 CMakeFiles/rp2040project.dir/freertos/timers.c.o
 .rodata.xTimerCreateTimerTask.str1.4
                0x1000a110       0x10 CMakeFiles/rp2040project.dir/freertos/timers.c.o
                0x1000a120                        . = ALIGN (0x4)
 *(SORT_BY_ALIGNMENT(SORT_BY_NAME(.flashdata*)))
                0x1000a120                        . = ALIGN (0x4)

.ARM.extab
 *(.ARM.extab* .gnu.linkonce.armextab.*)
                0x1000a110                        __exidx_start = .

.ARM.exidx
 *(.ARM.exidx* .gnu.linkonce.armexidx.*)
                0x1000a110                        __exidx_end = .
                0x1000a120                        . = ALIGN (0x4)
                0x1000a110                        __binary_info_start = .

.binary_info    0x1000a110       0x20
 *(.binary_info.keep.*)
 .binary_info.keep.__bi_ptr84
                0x1000a110        0x4 CMakeFiles/rp2040project.dir/Users/elizabethgodsey/pico-sdk/src/rp2_common/pico_standard_binary_info/standard_binary_info.c.o
 .binary_info.keep.__bi_ptr78
                0x1000a114        0x4 CMakeFiles/rp2040project.dir/Users/elizabethgodsey/pico-sdk/src/rp2_common/pico_standard_binary_info/standard_binary_info.c.o
 .binary_info.keep.__bi_ptr54
                0x1000a118        0x4 CMakeFiles/rp2040project.dir/Users/elizabethgodsey/pico-sdk/src/rp2_common/pico_standard_binary_info/standard_binary_info.c.o
 .binary_info.keep.__bi_ptr48
                0x1000a11c        0x4 CMakeFiles/rp2040project.dir/Users/elizabethgodsey/pico-sdk/src/rp2_common/pico_standard_binary_info/standard_binary_info.c.o
 .binary_info.keep.__bi_ptr42
                0x1000a120        0x4 CMakeFiles/rp2040project.dir/Users/elizabethgodsey/pico-sdk/src/rp2_common/pico_standard_binary_info/standard_binary_info.c.o
 .binary_info.keep.__bi_ptr34
                0x1000a124        0x4 CMakeFiles/rp2040project.dir/Users/elizabethgodsey/pico-sdk/src/rp2_common/pico_standard_binary_info/standard_binary_info.c.o
 .binary_info.keep.__bi_ptr26
                0x1000a128        0x4 CMakeFiles/rp2040project.dir/Users/elizabethgodsey/pico-sdk/src/rp2_common/pico_standard_binary_info/standard_binary_info.c.o
 *(.binary_info.*)
 .binary_info.__bi_ptr202
                0x1000a12c        0x4 CMakeFiles/rp2040project.dir/Users/elizabethgodsey/pico-sdk/src/rp2_common/pico_stdio_usb/stdio_usb.c.o
                0x1000a130                        __binary_info_end = .
                0x1000a130                        . = ALIGN (0x4)

.ram_vector_table
                0x20000000       0xc0
 *(.ram_vector_table)
 .ram_vector_table
                0x20000000       0xc0 CMakeFiles/rp2040project.dir/Users/elizabethgodsey/pico-sdk/src/rp2_common/pico_runtime_init/runtime_init.c.o
                0x20000000                ram_vector_table

.uninitialized_data
                0x200000c0        0x0
                0x200000c0                        . = ALIGN (0x4)
 *(.uninitialized_data*)

.data           0x200000c0     0x1570 load address 0x1000a130
                0x200000c0                        __data_start__ = .
 *(vtable)
 *(.time_critical*)
 .time_critical.mutex_try_enter
                0x200000c0       0x40 CMakeFiles/rp2040project.dir/Users/elizabethgodsey/pico-sdk/src/common/pico_sync/mutex.c.o
                0x200000c0                mutex_try_enter
 .time_critical.mutex_try_enter_block_until
                0x20000100       0xa0 CMakeFiles/rp2040project.dir/Users/elizabethgodsey/pico-sdk/src/common/pico_sync/mutex.c.o
                0x20000100                mutex_try_enter_block_until
 .time_critical.mutex_enter_timeout_ms
                0x200001a0       0x74 CMakeFiles/rp2040project.dir/Users/elizabethgodsey/pico-sdk/src/common/pico_sync/mutex.c.o
                0x200001a0                mutex_enter_timeout_ms
 .time_critical.mutex_exit
                0x20000214       0x20 CMakeFiles/rp2040project.dir/Users/elizabethgodsey/pico-sdk/src/common/pico_sync/mutex.c.o
                0x20000214                mutex_exit
 .time_critical.flash_init_boot2_copyout
                0x20000234       0x30 CMakeFiles/rp2040project.dir/Users/elizabethgodsey/pico-sdk/src/rp2_common/hardware_flash/flash.c.o
 .time_critical.flash_enable_xip_via_boot2
                0x20000264        0xc CMakeFiles/rp2040project.dir/Users/elizabethgodsey/pico-sdk/src/rp2_common/hardware_flash/flash.c.o
 .time_critical.flash_save_hardware_state
                0x20000270       0x20 CMakeFiles/rp2040project.dir/Users/elizabethgodsey/pico-sdk/src/rp2_common/hardware_flash/flash.c.o
 .time_critical.flash_restore_hardware_state
                0x20000290       0x20 CMakeFiles/rp2040project.dir/Users/elizabethgodsey/pico-sdk/src/rp2_common/hardware_flash/flash.c.o
 .time_critical.flash_cs_force
                0x200002b0       0x38 CMakeFiles/rp2040project.dir/Users/elizabethgodsey/pico-sdk/src/rp2_common/hardware_flash/flash.c.o
 .time_critical.flash_do_cmd
                0x200002e8      0x13c CMakeFiles/rp2040project.dir/Users/elizabethgodsey/pico-sdk/src/rp2_common/hardware_flash/flash.c.o
                0x200002e8                flash_do_cmd
 .time_critical.reset_non_control_endpoints
                0x20000424       0x68 CMakeFiles/rp2040project.dir/Users/elizabethgodsey/pico-sdk/lib/tinyusb/src/portable/raspberrypi/rp2040/dcd_rp2040.c.o
 .time_critical.hw_handle_buff_status
                0x2000048c       0xa0 CMakeFiles/rp2040project.dir/Users/elizabethgodsey/pico-sdk/lib/tinyusb/src/portable/raspberrypi/rp2040/dcd_rp2040.c.o
 .time_critical.dcd_rp2040_irq
                0x2000052c      0x548 CMakeFiles/rp2040project.dir/Users/elizabethgodsey/pico-sdk/lib/tinyusb/src/portable/raspberrypi/rp2040/dcd_rp2040.c.o
 .time_critical.prepare_ep_buffer
                0x20000a74       0xc8 CMakeFiles/rp2040project.dir/Users/elizabethgodsey/pico-sdk/lib/tinyusb/src/portable/raspberrypi/rp2040/rp2040_usb.c.o
 .time_critical.sync_ep_buffer
                0x20000b3c       0x9c CMakeFiles/rp2040project.dir/Users/elizabethgodsey/pico-sdk/lib/tinyusb/src/portable/raspberrypi/rp2040/rp2040_usb.c.o
 .time_critical._hw_endpoint_xfer_sync
                0x20000bd8       0x28 CMakeFiles/rp2040project.dir/Users/elizabethgodsey/pico-sdk/lib/tinyusb/src/portable/raspberrypi/rp2040/rp2040_usb.c.o
 .time_critical.e15_is_bulkin_ep
                0x20000c00       0x28 CMakeFiles/rp2040project.dir/Users/elizabethgodsey/pico-sdk/lib/tinyusb/src/portable/raspberrypi/rp2040/rp2040_usb.c.o
 .time_critical.e15_is_critical_frame_period
                0x20000c28       0x34 CMakeFiles/rp2040project.dir/Users/elizabethgodsey/pico-sdk/lib/tinyusb/src/portable/raspberrypi/rp2040/rp2040_usb.c.o
 .time_critical.hw_endpoint_reset_transfer
                0x20000c5c        0xc CMakeFiles/rp2040project.dir/Users/elizabethgodsey/pico-sdk/lib/tinyusb/src/portable/raspberrypi/rp2040/rp2040_usb.c.o
                0x20000c5c                hw_endpoint_reset_transfer
 .time_critical._hw_endpoint_buffer_control_update32
                0x20000c68       0x50 CMakeFiles/rp2040project.dir/Users/elizabethgodsey/pico-sdk/lib/tinyusb/src/portable/raspberrypi/rp2040/rp2040_usb.c.o
                0x20000c68                _hw_endpoint_buffer_control_update32
 .time_critical.hw_endpoint_start_next_buffer
                0x20000cb8       0x68 CMakeFiles/rp2040project.dir/Users/elizabethgodsey/pico-sdk/lib/tinyusb/src/portable/raspberrypi/rp2040/rp2040_usb.c.o
                0x20000cb8                hw_endpoint_start_next_buffer
 .time_critical.hw_endpoint_xfer_continue
                0x20000d20       0x40 CMakeFiles/rp2040project.dir/Users/elizabethgodsey/pico-sdk/lib/tinyusb/src/portable/raspberrypi/rp2040/rp2040_usb.c.o
                0x20000d20                hw_endpoint_xfer_continue
 .time_critical.tinyusb
                0x20000d60      0x1e4 CMakeFiles/rp2040project.dir/Users/elizabethgodsey/pico-sdk/lib/tinyusb/src/device/usbd.c.o
                0x20000d60                dcd_event_handler
 *(.text*)
 .text          0x20000f44        0x4 /Applications/ArmGNUToolchain/14.2.rel1/arm-none-eabi/bin/../lib/gcc/arm-none-eabi/14.2.1/thumb/v6-m/nofp/libgcc.a(_dvmd_tls.o)
                0x20000f44                __aeabi_ldiv0
                0x20000f44                __aeabi_idiv0
 .text.__stub   0x20000f48       0xa0 linker stubs
                0x20000fe8                        . = ALIGN (0x4)
 *(.rodata*)
                0x20000fe8                        . = ALIGN (0x4)
 *(.data*)
 .data.start_buffer
                0x20000fe8        0x2 CMakeFiles/rp2040project.dir/src/i2c.c.o
                0x20000fe8                start_buffer
 *fill*         0x20000fea        0x2 
 .data.lpf      0x20000fec        0x2 CMakeFiles/rp2040project.dir/src/i2c.c.o
                0x20000fec                lpf
 *fill*         0x20000fee        0x2 
 .data.gyro_settings
                0x20000ff0        0x2 CMakeFiles/rp2040project.dir/src/i2c.c.o
                0x20000ff0                gyro_settings
 *fill*         0x20000ff2        0x2 
 .data.accel_settings
                0x20000ff4        0x2 CMakeFiles/rp2040project.dir/src/i2c.c.o
                0x20000ff4                accel_settings
 *fill*         0x20000ff6        0x2 
 .data.config_buffer
                0x20000ff8        0x2 CMakeFiles/rp2040project.dir/src/i2c.c.o
                0x20000ff8                config_buffer
 *fill*         0x20000ffa        0x2 
 .data.imupacket
                0x20000ffc        0x1 CMakeFiles/rp2040project.dir/src/i2c.c.o
                0x20000ffc                imupacket
 .data.striped_spin_lock_num
                0x20000ffd        0x1 CMakeFiles/rp2040project.dir/Users/elizabethgodsey/pico-sdk/src/rp2_common/hardware_sync/sync.c.o
 *fill*         0x20000ffe        0x2 
 .data          0x20001000       0x48 CMakeFiles/rp2040project.dir/Users/elizabethgodsey/pico-sdk/src/rp2_common/hardware_irq/irq_handler_chain.S.o
                0x20001000                irq_handler_chain_slots
                0x20001030                irq_handler_chain_first_slot
                0x2000103a                irq_handler_chain_remove_tail
 .data.default_alarm_pool
                0x20001048       0x18 CMakeFiles/rp2040project.dir/Users/elizabethgodsey/pico-sdk/src/common/pico_time/time.c.o
 .data.aeabi_bits_funcs
                0x20001060       0x10 CMakeFiles/rp2040project.dir/Users/elizabethgodsey/pico-sdk/src/rp2_common/pico_bit_ops/bit_ops_aeabi.S.o
                0x20001060                aeabi_bits_funcs
                0x20001070                aeabi_bits_funcs_end
 .data.aeabi_mem_funcs
                0x20001070       0x10 CMakeFiles/rp2040project.dir/Users/elizabethgodsey/pico-sdk/src/rp2_common/pico_mem_ops/mem_ops_aeabi.S.o
                0x20001070                aeabi_mem_funcs
                0x20001080                aeabi_mem_funcs_end
 .data.stdio_usb
                0x20001080       0x18 CMakeFiles/rp2040project.dir/Users/elizabethgodsey/pico-sdk/src/rp2_common/pico_stdio_usb/stdio_usb.c.o
                0x20001080                stdio_usb
 .data._usbd_qdef
                0x20001098       0x1c CMakeFiles/rp2040project.dir/Users/elizabethgodsey/pico-sdk/lib/tinyusb/src/device/usbd.c.o
                0x20001098                _usbd_qdef
 .data._usbd_rhport
                0x200010b4        0x1 CMakeFiles/rp2040project.dir/Users/elizabethgodsey/pico-sdk/lib/tinyusb/src/device/usbd.c.o
 .data.ucPrimaryCoreNum
                0x200010b5        0x1 CMakeFiles/rp2040project.dir/freertos/portable/ThirdParty/GCC/RP2040/port.c.o
 *fill*         0x200010b6        0x2 
 .data.i2c1_inst
                0x200010b8        0x8 CMakeFiles/rp2040project.dir/Users/elizabethgodsey/pico-sdk/src/rp2_common/hardware_i2c/i2c.c.o
                0x200010b8                i2c1_inst
 .data.i2c0_inst