Archive member included to satisfy reference by file (symbol)

/Applications/ArmGNUToolchain/14.2.rel1/arm-none-eabi/bin/../lib/gcc/arm-none-eabi/14.2.1/thumb/v6-m/nofp/libgcc.a(_dvmd_tls.o)
                              CMakeFiles/rp2040project.dir/Users/elizabethgodsey/pico-sdk/src/rp2_common/pico_divider/divider_hardware.S.o (__aeabi_idiv0)
/Applications/ArmGNUToolchain/14.2.rel1/arm-none-eabi/bin/../lib/gcc/arm-none-eabi/14.2.1/../../../../arm-none-eabi/lib/thumb/v6-m/nofp/libg.a(libc_a-calloc.o)
                              CMakeFiles/rp2040project.dir/Users/elizabethgodsey/pico-sdk/src/rp2_common/pico_malloc/malloc.c.o (calloc)
/Applications/ArmGNUToolchain/14.2.rel1/arm-none-eabi/bin/../lib/gcc/arm-none-eabi/14.2.1/../../../../arm-none-eabi/lib/thumb/v6-m/nofp/libg.a(libc_a-callocr.o)
                              /Applications/ArmGNUToolchain/14.2.rel1/arm-none-eabi/bin/../lib/gcc/arm-none-eabi/14.2.1/../../../../arm-none-eabi/lib/thumb/v6-m/nofp/libg.a(libc_a-calloc.o) (_calloc_r)
/Applications/ArmGNUToolchain/14.2.rel1/arm-none-eabi/bin/../lib/gcc/arm-none-eabi/14.2.1/../../../../arm-none-eabi/lib/thumb/v6-m/nofp/libg.a(libc_a-malloc.o)
                              CMakeFiles/rp2040project.dir/Users/elizabethgodsey/pico-sdk/src/rp2_common/pico_malloc/malloc.c.o (malloc)
/Applications/ArmGNUToolchain/14.2.rel1/arm-none-eabi/bin/../lib/gcc/arm-none-eabi/14.2.1/../../../../arm-none-eabi/lib/thumb/v6-m/nofp/libg.a(libc_a-mallocr.o)
                              /Applications/ArmGNUToolchain/14.2.rel1/arm-none-eabi/bin/../lib/gcc/arm-none-eabi/14.2.1/../../../../arm-none-eabi/lib/thumb/v6-m/nofp/libg.a(libc_a-callocr.o) (_malloc_r)
/Applications/ArmGNUToolchain/14.2.rel1/arm-none-eabi/bin/../lib/gcc/arm-none-eabi/14.2.1/../../../../arm-none-eabi/lib/thumb/v6-m/nofp/libg.a(libc_a-mlock.o)
                              /Applications/ArmGNUToolchain/14.2.rel1/arm-none-eabi/bin/../lib/gcc/arm-none-eabi/14.2.1/../../../../arm-none-eabi/lib/thumb/v6-m/nofp/libg.a(libc_a-mallocr.o) (__malloc_lock)
/Applications/ArmGNUToolchain/14.2.rel1/arm-none-eabi/bin/../lib/gcc/arm-none-eabi/14.2.1/../../../../arm-none-eabi/lib/thumb/v6-m/nofp/libg.a(libc_a-realloc.o)
                              CMakeFiles/rp2040project.dir/Users/elizabethgodsey/pico-sdk/src/rp2_common/pico_malloc/malloc.c.o (realloc)
/Applications/ArmGNUToolchain/14.2.rel1/arm-none-eabi/bin/../lib/gcc/arm-none-eabi/14.2.1/../../../../arm-none-eabi/lib/thumb/v6-m/nofp/libg.a(libc_a-reallocr.o)
                              /Applications/ArmGNUToolchain/14.2.rel1/arm-none-eabi/bin/../lib/gcc/arm-none-eabi/14.2.1/../../../../arm-none-eabi/lib/thumb/v6-m/nofp/libg.a(libc_a-realloc.o) (_realloc_r)
/Applications/ArmGNUToolchain/14.2.rel1/arm-none-eabi/bin/../lib/gcc/arm-none-eabi/14.2.1/../../../../arm-none-eabi/lib/thumb/v6-m/nofp/libg.a(libc_a-findfp.o)
                              CMakeFiles/rp2040project.dir/freertos/tasks.c.o (__sf)
/Applications/ArmGNUToolchain/14.2.rel1/arm-none-eabi/bin/../lib/gcc/arm-none-eabi/14.2.1/../../../../arm-none-eabi/lib/thumb/v6-m/nofp/libg.a(libc_a-memcmp.o)
                              CMakeFiles/rp2040project.dir/Users/elizabethgodsey/pico-sdk/src/rp2_common/pico_atomic/atomic.c.o (memcmp)
/Applications/ArmGNUToolchain/14.2.rel1/arm-none-eabi/bin/../lib/gcc/arm-none-eabi/14.2.1/../../../../arm-none-eabi/lib/thumb/v6-m/nofp/libg.a(libc_a-memmove.o)
                              /Applications/ArmGNUToolchain/14.2.rel1/arm-none-eabi/bin/../lib/gcc/arm-none-eabi/14.2.1/../../../../arm-none-eabi/lib/thumb/v6-m/nofp/libg.a(libc_a-reallocr.o) (memmove)
/Applications/ArmGNUToolchain/14.2.rel1/arm-none-eabi/bin/../lib/gcc/arm-none-eabi/14.2.1/../../../../arm-none-eabi/lib/thumb/v6-m/nofp/libg.a(libc_a-lcltime_r.o)
                              CMakeFiles/rp2040project.dir/Users/elizabethgodsey/pico-sdk/src/common/pico_util/datetime.c.o (localtime_r)
/Applications/ArmGNUToolchain/14.2.rel1/arm-none-eabi/bin/../lib/gcc/arm-none-eabi/14.2.1/../../../../arm-none-eabi/lib/thumb/v6-m/nofp/libg.a(libc_a-mktime.o)
                              CMakeFiles/rp2040project.dir/Users/elizabethgodsey/pico-sdk/src/common/pico_util/datetime.c.o (mktime)
/Applications/ArmGNUToolchain/14.2.rel1/arm-none-eabi/bin/../lib/gcc/arm-none-eabi/14.2.1/../../../../arm-none-eabi/lib/thumb/v6-m/nofp/libg.a(libc_a-month_lengths.o)
                              /Applications/ArmGNUToolchain/14.2.rel1/arm-none-eabi/bin/../lib/gcc/arm-none-eabi/14.2.1/../../../../arm-none-eabi/lib/thumb/v6-m/nofp/libg.a(libc_a-lcltime_r.o) (__month_lengths)
/Applications/ArmGNUToolchain/14.2.rel1/arm-none-eabi/bin/../lib/gcc/arm-none-eabi/14.2.1/../../../../arm-none-eabi/lib/thumb/v6-m/nofp/libg.a(libc_a-tzcalc_limits.o)
                              /Applications/ArmGNUToolchain/14.2.rel1/arm-none-eabi/bin/../lib/gcc/arm-none-eabi/14.2.1/../../../../arm-none-eabi/lib/thumb/v6-m/nofp/libg.a(libc_a-lcltime_r.o) (__tzcalc_limits)
[...]
Memory Configuration

Name             Origin             Length             Attributes
FLASH            0x10000000         0x00200000         xr
RAM              0x20000000         0x00040000         xrw
SCRATCH_X        0x20040000         0x00001000         xrw
SCRATCH_Y        0x20041000         0x00001000         xrw
*default*        0x00000000         0xffffffff

Linker script and memory map

LOAD /Applications/ArmGNUToolchain/14.2.rel1/arm-none-eabi/bin/../lib/gcc/arm-none-eabi/14.2.1/thumb/v6-m/nofp/crti.o
LOAD /Applications/ArmGNUToolchain/14.2.rel1/arm-none-eabi/bin/../lib/gcc/arm-none-eabi/14.2.1/thumb/v6-m/nofp/crtbegin.o
LOAD /Applications/ArmGNUToolchain/14.2.rel1/arm-none-eabi/bin/../lib/gcc/arm-none-eabi/14.2.1/../../../../arm-none-eabi/lib/thumb/v6-m/nofp/crt0.o

.flash_begin    0x10000000        0x0
                0x10000000                        __flash_binary_start = .

.boot2          0x10000000      0x100
                0x10000000                        __boot2_start__ = .
 *(.boot2)
 .boot2         0x10000000      0x100 pico-sdk/src/rp2040/boot_stage2/CMakeFiles/bs2_default_library.dir/bs2_default_padded_checksummed.S.o
                0x10000100                        __boot2_end__ = .
                0x00000001                        ASSERT (((__boot2_end__ - __boot2_start__) == 0x100), ERROR: Pico second stage bootloader must be 256 bytes in size)

.text           0x10000100     0xb538
                0x10000100                        __logical_binary_start = .
 *(.vectors)
 .vectors       0x10000100       0xd4 CMakeFiles/rp2040project.dir/Users/elizabethgodsey/pico-sdk/src/rp2_common/pico_crt0/crt0.S.o
                0x10000100                __VECTOR_TABLE
                0x10000100                __vectors
                0x100001c0                isr_irq13
                0x100001c0                isr_irq27
                0x100001c0                isr_irq31
                0x100001c0                isr_irq5
                0x100001c0                isr_irq11
                0x100001c0                isr_irq23
                0x100001c0                isr_irq18
                0x100001c0                isr_irq28
                0x100001c0                isr_irq19
                0x100001c0                isr_irq0
                0x100001c0                isr_irq6
                0x100001c0                isr_irq9
                0x100001c0                __unhandled_user_irq
                0x100001c0                isr_irq29
                0x100001c0                isr_irq26
                0x100001c0                isr_irq3
                0x100001c0                isr_irq12
                0x100001c0                isr_irq30
                0x100001c0                isr_irq22
                0x100001c0                isr_irq17
                0x100001c0                isr_irq14
                0x100001c0                __vectors_end
                0x100001c0                __default_isrs_start
                0x100001c0                isr_irq2
                0x100001c0                isr_irq10
                0x100001c0                isr_irq8
                0x100001c0                isr_irq24
                0x100001c0                isr_irq1
                0x100001c0                isr_irq7
                0x100001c0                isr_irq21
                0x100001c0                isr_irq20
                0x100001c0                isr_irq15
                0x100001c0                isr_irq25
                0x100001c0                isr_irq4
                0x100001c0                isr_irq16
                0x100001c6                unhandled_user_irq_num_in_r0
                0x100001c8                isr_invalid
                0x100001ca                isr_nmi
                0x100001cc                isr_hardfault
                0x100001d4                __default_isrs_end
 *(.binary_info_header)
 .binary_info_header
                0x100001d4       0x14 CMakeFiles/rp2040project.dir/Users/elizabethgodsey/pico-sdk/src/rp2_common/pico_crt0/crt0.S.o
                0x100001e8                        __binary_info_header_end = .
 *(.embedded_block)
                0x100001e8                        __embedded_block_end = .
 *(.reset)
 .reset         0x100001e8       0x9c CMakeFiles/rp2040project.dir/Users/elizabethgodsey/pico-sdk/src/rp2_common/pico_crt0/crt0.S.o
                0x100001e8                _entry_point
 *(.init)
 .init          0x10000284        0x4 /Applications/ArmGNUToolchain/14.2.rel1/arm-none-eabi/bin/../lib/gcc/arm-none-eabi/14.2.1/thumb/v6-m/nofp/crti.o
                0x10000284                _init
 *(EXCLUDE_FILE(*libm.a: *libc.a:*lib_a-mem*.o *libgcc.a:) .text*)
 .text.register_tm_clones
                0x10000288       0x28 /Applications/ArmGNUToolchain/14.2.rel1/arm-none-eabi/bin/../lib/gcc/arm-none-eabi/14.2.1/thumb/v6-m/nofp/crtbegin.o
 .text.frame_dummy
                0x100002b0       0x24 /Applications/ArmGNUToolchain/14.2.rel1/arm-none-eabi/bin/../lib/gcc/arm-none-eabi/14.2.1/thumb/v6-m/nofp/crtbegin.o
 .text.ImuTask  0x100002d4       0x40 CMakeFiles/rp2040project.dir/src/main.c.o
                0x100002d4                ImuTask
 .text.ImuDisplayandLoggingTask
                0x10000314      0x2c0 CMakeFiles/rp2040project.dir/src/main.c.o
                0x10000314                ImuDisplayandLoggingTask
 .text.AdcParseTask
                0x100005d4       0xbc CMakeFiles/rp2040project.dir/src/main.c.o
                0x100005d4                AdcParseTask
 .text.startup.main
                0x10000690       0xd0 CMakeFiles/rp2040project.dir/src/main.c.o
                0x10000690                main
 .text.configure_i2c_peripheral
                0x10000760       0xa4 CMakeFiles/rp2040project.dir/src/i2c.c.o
                0x10000760                configure_i2c_peripheral
 .text.IMU_data_exfil
                0x10000804      0x138 CMakeFiles/rp2040project.dir/src/i2c.c.o
                0x10000804                IMU_data_exfil
 .text.BufferTriggerADC
                0x1000093c       0xcc CMakeFiles/rp2040project.dir/src/adc.c.o
                0x1000093c                BufferTriggerADC
 .text.init_adc
                0x10000a08      0x124 CMakeFiles/rp2040project.dir/src/adc.c.o
                0x10000a08                init_adc
 .text.LCD_1IN28_Init
                0x10000b2c      0xa90 CMakeFiles/rp2040project.dir/src/lib/RP2040-LCD-1.28/c/lib/LCD/LCD_1in28.c.o
                0x10000b2c                LCD_1IN28_Init
 .text.LCD_1IN28_SetWindows
                0x100015bc       0xb0 CMakeFiles/rp2040project.dir/src/lib/RP2040-LCD-1.28/c/lib/LCD/LCD_1in28.c.o
                0x100015bc                LCD_1IN28_SetWindows
 .text.LCD_1IN28_Display
                0x1000166c       0x34 CMakeFiles/rp2040project.dir/src/lib/RP2040-LCD-1.28/c/lib/LCD/LCD_1in28.c.o
                0x1000166c                LCD_1IN28_Display
 .text.Paint_SetPixel.part.0
                0x100016a0      0x120 CMakeFiles/rp2040project.dir/src/lib/RP2040-LCD-1.28/c/lib/GUI/GUI_PAINT.c.o
 .text.Paint_DrawChar.part.0
                0x100017c0       0xfc CMakeFiles/rp2040project.dir/src/lib/RP2040-LCD-1.28/c/lib/GUI/GUI_PAINT.c.o
 .text.Paint_NewImage
                0x100018bc       0x40 CMakeFiles/rp2040project.dir/src/lib/RP2040-LCD-1.28/c/lib/GUI/GUI_PAINT.c.o
                0x100018bc                Paint_NewImage
 .text.Paint_SetRotate
                0x100018fc       0x20 CMakeFiles/rp2040project.dir/src/lib/RP2040-LCD-1.28/c/lib/GUI/GUI_PAINT.c.o
                0x100018fc                Paint_SetRotate
 .text.Paint_SetScale
                0x1000191c       0x58 CMakeFiles/rp2040project.dir/src/lib/RP2040-LCD-1.28/c/lib/GUI/GUI_PAINT.c.o
                0x1000191c                Paint_SetScale
 .text.Paint_Clear
                0x10001974       0xd8 CMakeFiles/rp2040project.dir/src/lib/RP2040-LCD-1.28/c/lib/GUI/GUI_PAINT.c.o
                0x10001974                Paint_Clear
 .text.Paint_DrawString_EN
                0x10001a4c       0xa8 CMakeFiles/rp2040project.dir/src/lib/RP2040-LCD-1.28/c/lib/GUI/GUI_PAINT.c.o
                0x10001a4c                Paint_DrawString_EN
 .text.DEV_Digital_Write
                0x10001af4       0x14 CMakeFiles/rp2040project.dir/src/lib/RP2040-LCD-1.28/c/lib/Config/DEV_Config.c.o
                0x10001af4                DEV_Digital_Write
 .text.DEV_SPI_WriteByte
                0x10001b08       0x1c CMakeFiles/rp2040project.dir/src/lib/RP2040-LCD-1.28/c/lib/Config/DEV_Config.c.o
                0x10001b08                DEV_SPI_WriteByte
 .text.DEV_SPI_Write_nByte
                0x10001b24       0x14 CMakeFiles/rp2040project.dir/src/lib/RP2040-LCD-1.28/c/lib/Config/DEV_Config.c.o
                0x10001b24                DEV_SPI_Write_nByte
 .text.DEV_SET_PWM
                0x10001b38       0x40 CMakeFiles/rp2040project.dir/src/lib/RP2040-LCD-1.28/c/lib/Config/DEV_Config.c.o
                0x10001b38                DEV_SET_PWM
 .text.DEV_Delay_ms
                0x10001b78        0x8 CMakeFiles/rp2040project.dir/src/lib/RP2040-LCD-1.28/c/lib/Config/DEV_Config.c.o
                0x10001b78                DEV_Delay_ms
 .text.DEV_Module_Init
                0x10001b80       0xf4 CMakeFiles/rp2040project.dir/src/lib/RP2040-LCD-1.28/c/lib/Config/DEV_Config.c.o
                0x10001b80                DEV_Module_Init
 .text.gpio_set_function
                0x10001c74       0x34 CMakeFiles/rp2040project.dir/Users/elizabethgodsey/pico-sdk/src/rp2_common/hardware_gpio/gpio.c.o
                0x10001c74                gpio_set_function
 .text.gpio_set_pulls
                0x10001ca8       0x28 CMakeFiles/rp2040project.dir/Users/elizabethgodsey/pico-sdk/src/rp2_common/hardware_gpio/gpio.c.o
                0x10001ca8                gpio_set_pulls
 .text.gpio_set_input_enabled
                0x10001cd0       0x28 CMakeFiles/rp2040project.dir/Users/elizabethgodsey/pico-sdk/src/rp2_common/hardware_gpio/gpio.c.o
                0x10001cd0                gpio_set_input_enabled
 .text.gpio_init
                0x10001cf8       0x40 CMakeFiles/rp2040project.dir/Users/elizabethgodsey/pico-sdk/src/rp2_common/hardware_gpio/gpio.c.o
                0x10001cf8                gpio_init
 .text.rp2040_chip_version
                0x10001d38        0xc CMakeFiles/rp2040project.dir/Users/elizabethgodsey/pico-sdk/src/rp2040/pico_platform/platform.c.o
                0x10001d38                rp2040_chip_version
 .text.panic    0x10001d44       0x30 CMakeFiles/rp2040project.dir/Users/elizabethgodsey/pico-sdk/src/rp2_common/pico_platform_panic/panic.c.o
                0x10001d44                panic
 .text.panic_unsupported
                0x10001d74        0xc CMakeFiles/rp2040project.dir/Users/elizabethgodsey/pico-sdk/src/rp2_common/pico_platform_panic/panic.c.o
                0x10001d74                panic_unsupported
 .text.hw_claim_or_assert
                0x10001d80       0x44 CMakeFiles/rp2040project.dir/Users/elizabethgodsey/pico-sdk/src/common/hardware_claim/claim.c.o
                0x10001d80                hw_claim_or_assert
 .text.hw_claim_unused_from_range
                0x10001dc4       0x88 CMakeFiles/rp2040project.dir/Users/elizabethgodsey/pico-sdk/src/common/hardware_claim/claim.c.o
                0x10001dc4                hw_claim_unused_from_range
 .text.next_striped_spin_lock_num
                0x10001e4c       0x18 CMakeFiles/rp2040project.dir/Users/elizabethgodsey/pico-sdk/src/rp2_common/hardware_sync/sync.c.o
                0x10001e4c                next_striped_spin_lock_num
 .text.spin_lock_claim_unused
                0x10001e64       0x24 CMakeFiles/rp2040project.dir/Users/elizabethgodsey/pico-sdk/src/rp2_common/hardware_sync/sync.c.o
                0x10001e64                spin_lock_claim_unused
 .text.spin_locks_reset
                0x10001e88       0x1c CMakeFiles/rp2040project.dir/Users/elizabethgodsey/pico-sdk/src/rp2_common/hardware_sync_spin_lock/sync_spin_lock.c.o
                0x10001e88                spin_locks_reset
 .text.runtime_init_per_core_irq_priorities
                0x10001ea4       0x24 CMakeFiles/rp2040project.dir/Users/elizabethgodsey/pico-sdk/src/rp2_common/hardware_irq/irq.c.o
                0x10001ea4                runtime_init_per_core_irq_priorities
 .text.irq_set_enabled
                0x10001ec8       0x24 CMakeFiles/rp2040project.dir/Users/elizabethgodsey/pico-sdk/src/rp2_common/hardware_irq/irq.c.o
                0x10001ec8                irq_set_enabled
 .text.irq_is_enabled
                0x10001eec       0x18 CMakeFiles/rp2040project.dir/Users/elizabethgodsey/pico-sdk/src/rp2_common/hardware_irq/irq.c.o
                0x10001eec                irq_is_enabled
 .text.irq_set_pending
                0x10001f04       0x10 CMakeFiles/rp2040project.dir/Users/elizabethgodsey/pico-sdk/src/rp2_common/hardware_irq/irq.c.o
                0x10001f04                irq_set_pending
 .text.irq_has_shared_handler
                0x10001f14       0x24 CMakeFiles/rp2040project.dir/Users/elizabethgodsey/pico-sdk/src/rp2_common/hardware_irq/irq.c.o
                0x10001f14                irq_has_shared_handler
 .text.irq_set_exclusive_handler
                0x10001f38       0x54 CMakeFiles/rp2040project.dir/Users/elizabethgodsey/pico-sdk/src/rp2_common/hardware_irq/irq.c.o
                0x10001f38                irq_set_exclusive_handler
 .text.irq_add_shared_handler
                0x10001f8c      0x1f4 CMakeFiles/rp2040project.dir/Users/elizabethgodsey/pico-sdk/src/rp2_common/hardware_irq/irq.c.o
                0x10001f8c                irq_add_shared_handler
 .text.irq_set_priority
                0x10002180       0x28 CMakeFiles/rp2040project.dir/Users/elizabethgodsey/pico-sdk/src/rp2_common/hardware_irq/irq.c.o
                0x10002180                irq_set_priority
 .text.irq_add_tail_to_free_list
                0x100021a8       0xb4 CMakeFiles/rp2040project.dir/Users/elizabethgodsey/pico-sdk/src/rp2_common/hardware_irq/irq.c.o
                0x100021a8                irq_add_tail_to_free_list
 .text.user_irq_claim_unused
                0x1000225c       0x2c CMakeFiles/rp2040project.dir/Users/elizabethgodsey/pico-sdk/src/rp2_common/hardware_irq/irq.c.o
                0x1000225c                user_irq_claim_unused
 .text.lock_init
                0x10002288       0x10 CMakeFiles/rp2040project.dir/Users/elizabethgodsey/pico-sdk/src/common/pico_sync/lock_core.c.o
                0x10002288                lock_init
 .text.runtime_init_mutex
                0x10002298       0x54 CMakeFiles/rp2040project.dir/Users/elizabethgodsey/pico-sdk/src/common/pico_sync/mutex.c.o
                0x10002298                runtime_init_mutex
 .text.mutex_init
                0x100022ec       0x1c CMakeFiles/rp2040project.dir/Users/elizabethgodsey/pico-sdk/src/common/pico_sync/mutex.c.o
                0x100022ec                mutex_init
 .text.critical_section_init
                0x10002308       0x1c CMakeFiles/rp2040project.dir/Users/elizabethgodsey/pico-sdk/src/common/pico_sync/critical_section.c.o
                0x10002308                critical_section_init
 .text.critical_section_init_with_lock_num
                0x10002324       0x14 CMakeFiles/rp2040project.dir/Users/elizabethgodsey/pico-sdk/src/common/pico_sync/critical_section.c.o
                0x10002324                critical_section_init_with_lock_num
 .text.alarm_pool_irq_handler
                0x10002338      0x300 CMakeFiles/rp2040project.dir/Users/elizabethgodsey/pico-sdk/src/common/pico_time/time.c.o
 .text.sleep_until_callback
                0x10002638       0x24 CMakeFiles/rp2040project.dir/Users/elizabethgodsey/pico-sdk/src/common/pico_time/time.c.o
 .text.runtime_init_default_alarm_pool
                0x1000265c       0xdc CMakeFiles/rp2040project.dir/Users/elizabethgodsey/pico-sdk/src/common/pico_time/time.c.o
                0x1000265c                runtime_init_default_alarm_pool
 .text.alarm_pool_get_default
                0x10002738        0x8 CMakeFiles/rp2040project.dir/Users/elizabethgodsey/pico-sdk/src/common/pico_time/time.c.o
                0x10002738                alarm_pool_get_default
 .text.alarm_pool_add_alarm_at
                0x10002740       0xd0 CMakeFiles/rp2040project.dir/Users/elizabethgodsey/pico-sdk/src/common/pico_time/time.c.o
                0x10002740                alarm_pool_add_alarm_at
 .text.alarm_pool_add_alarm_at_force_in_context
                0x10002810       0xb0 CMakeFiles/rp2040project.dir/Users/elizabethgodsey/pico-sdk/src/common/pico_time/time.c.o
                0x10002810                alarm_pool_add_alarm_at_force_in_context
 .text.alarm_pool_cancel_alarm
                0x100028c0       0x74 CMakeFiles/rp2040project.dir/Users/elizabethgodsey/pico-sdk/src/common/pico_time/time.c.o
                0x100028c0                alarm_pool_cancel_alarm
 .text.alarm_pool_core_num
                0x10002934        0x4 CMakeFiles/rp2040project.dir/Users/elizabethgodsey/pico-sdk/src/common/pico_time/time.c.o
                0x10002934                alarm_pool_core_num
 .text.sleep_ms
                0x10002938       0xf8 CMakeFiles/rp2040project.dir/Users/elizabethgodsey/pico-sdk/src/common/pico_time/time.c.o
                0x10002938                sleep_ms
 .text.best_effort_wfe_or_timeout
                0x10002a30      0x10c CMakeFiles/rp2040project.dir/Users/elizabethgodsey/pico-sdk/src/common/pico_time/time.c.o
                0x10002a30                best_effort_wfe_or_timeout
 .text.timer_hardware_alarm_claim
                0x10002b3c       0x14 CMakeFiles/rp2040project.dir/Users/elizabethgodsey/pico-sdk/src/rp2_common/hardware_timer/timer.c.o
                0x10002b3c                timer_hardware_alarm_claim
 .text.timer_time_us_64
                0x10002b50       0x10 CMakeFiles/rp2040project.dir/Users/elizabethgodsey/pico-sdk/src/rp2_common/hardware_timer/timer.c.o
                0x10002b50                timer_time_us_64
 .text.time_us_64
                0x10002b60       0x14 CMakeFiles/rp2040project.dir/Users/elizabethgodsey/pico-sdk/src/rp2_common/hardware_timer/timer.c.o
                0x10002b60                time_us_64
 .text.busy_wait_until
                0x10002b74       0x20 CMakeFiles/rp2040project.dir/Users/elizabethgodsey/pico-sdk/src/rp2_common/hardware_timer/timer.c.o
                0x10002b74                busy_wait_until
 .text.clock_configure_int_divider
                0x10002b94       0xf4 CMakeFiles/rp2040project.dir/Users/elizabethgodsey/pico-sdk/src/rp2_common/hardware_clocks/clocks.c.o
                0x10002b94                clock_configure_int_divider
 .text.clock_configure_undivided
                0x10002c88       0xe8 CMakeFiles/rp2040project.dir/Users/elizabethgodsey/pico-sdk/src/rp2_common/hardware_clocks/clocks.c.o
                0x10002c88                clock_configure_undivided
 .text.clock_get_hz
                0x10002d70        0xc CMakeFiles/rp2040project.dir/Users/elizabethgodsey/pico-sdk/src/rp2_common/hardware_clocks/clocks.c.o
                0x10002d70                clock_get_hz
 .text.pll_init
                0x10002d7c       0xa4 CMakeFiles/rp2040project.dir/Users/elizabethgodsey/pico-sdk/src/rp2_common/hardware_pll/pll.c.o
                0x10002d7c                pll_init
 .text.watchdog_reboot
                0x10002e20       0x9c CMakeFiles/rp2040project.dir/Users/elizabethgodsey/pico-sdk/src/rp2_common/hardware_watchdog/watchdog.c.o
                0x10002e20                watchdog_reboot
 .text.tick_start
                0x10002ebc       0x10 CMakeFiles/rp2040project.dir/Users/elizabethgodsey/pico-sdk/src/rp2_common/hardware_ticks/ticks.c.o
                0x10002ebc                tick_start
 .text.rom_func_lookup
                0x10002ecc       0x10 CMakeFiles/rp2040project.dir/Users/elizabethgodsey/pico-sdk/src/rp2_common/pico_bootrom/bootrom.c.o
                0x10002ecc                rom_func_lookup
 .text.rom_data_lookup
                0x10002edc       0x10 CMakeFiles/rp2040project.dir/Users/elizabethgodsey/pico-sdk/src/rp2_common/pico_bootrom/bootrom.c.o
                0x10002edc                rom_data_lookup
 .text.rom_funcs_lookup
                0x10002eec       0x44 CMakeFiles/rp2040project.dir/Users/elizabethgodsey/pico-sdk/src/rp2_common/pico_bootrom/bootrom.c.o
                0x10002eec                rom_funcs_lookup
 .text.rom_reset_usb_boot_extra
                0x10002f30       0x24 CMakeFiles/rp2040project.dir/Users/elizabethgodsey/pico-sdk/src/rp2_common/pico_bootrom/bootrom.c.o
                0x10002f30                rom_reset_usb_boot_extra
 .text.xosc_init
                0x10002f54       0x28 CMakeFiles/rp2040project.dir/Users/elizabethgodsey/pico-sdk/src/rp2_common/hardware_xosc/xosc.c.o
                0x10002f54                xosc_init
 .text.first_per_core_initializer
                0x10002f7c        0x4 CMakeFiles/rp2040project.dir/Users/elizabethgodsey/pico-sdk/src/rp2_common/pico_runtime/runtime.c.o
 .text.hard_assertion_failure
                0x10002f80        0xc CMakeFiles/rp2040project.dir/Users/elizabethgodsey/pico-sdk/src/rp2_common/pico_runtime/runtime.c.o
                0x10002f80                hard_assertion_failure
 .text.runtime_run_initializers
                0x10002f8c       0x28 CMakeFiles/rp2040project.dir/Users/elizabethgodsey/pico-sdk/src/rp2_common/pico_runtime/runtime.c.o
                0x10002f8c                runtime_run_initializers
 .text.runtime_init_early_resets
                0x10002fb4       0x2c CMakeFiles/rp2040project.dir/Users/elizabethgodsey/pico-sdk/src/rp2_common/pico_runtime_init/runtime_init.c.o
                0x10002fb4                runtime_init_early_resets
 .text.runtime_init_usb_power_down
                0x10002fe0       0x1c CMakeFiles/rp2040project.dir/Users/elizabethgodsey/pico-sdk/src/rp2_common/pico_runtime_init/runtime_init.c.o
                0x10002fe0                runtime_init_usb_power_down
 .text.runtime_init_post_clock_resets
                0x10002ffc       0x20 CMakeFiles/rp2040project.dir/Users/elizabethgodsey/pico-sdk/src/rp2_common/pico_runtime_init/runtime_init.c.o
                0x10002ffc                runtime_init_post_clock_resets
 .text.runtime_init_rp2040_gpio_ie_disable
                0x1000301c       0x14 CMakeFiles/rp2040project.dir/Users/elizabethgodsey/pico-sdk/src/rp2_common/pico_runtime_init/runtime_init.c.o
                0x1000301c                runtime_init_rp2040_gpio_ie_disable
 .text.runtime_init_spin_locks_reset
                0x10003030        0x8 CMakeFiles/rp2040project.dir/Users/elizabethgodsey/pico-sdk/src/rp2_common/pico_runtime_init/runtime_init.c.o
                0x10003030                runtime_init_spin_locks_reset
 .text.runtime_init_install_ram_vector_table
                0x10003038       0xb4 CMakeFiles/rp2040project.dir/Users/elizabethgodsey/pico-sdk/src/rp2_common/pico_runtime_init/runtime_init.c.o
                0x10003038                runtime_init_install_ram_vector_table
 .text.runtime_init_clocks
                0x100030ec       0xd8 CMakeFiles/rp2040project.dir/Users/elizabethgodsey/pico-sdk/src/rp2_common/pico_runtime_init/runtime_init_clocks.c.o
                0x100030ec                runtime_init_clocks
 .text          0x100031c4       0x10 CMakeFiles/rp2040project.dir/Users/elizabethgodsey/pico-sdk/src/rp2_common/pico_bit_ops/bit_ops_aeabi.S.o
 .text.__wrap___aeabi_idiv
                0x100031d4       0x50 CMakeFiles/rp2040project.dir/Users/elizabethgodsey/pico-sdk/src/rp2_common/pico_divider/divider_hardware.S.o
                0x100031d4                __wrap___aeabi_idivmod
                0x100031d4                divmod_s32s32
                0x100031d4                div_s32s32
                0x100031d4                __wrap___aeabi_idiv
                0x100031dc                divmod_s32s32_unsafe
                0x10003208                divmod_s32s32_savestate
 .text.__wrap___aeabi_uidiv
                0x10003224       0x4c CMakeFiles/rp2040project.dir/Users/elizabethgodsey/pico-sdk/src/rp2_common/pico_divider/divider_hardware.S.o
                0x10003224                __wrap___aeabi_uidiv
                0x10003224                __wrap___aeabi_uidivmod
                0x10003224                div_u32u32
                0x10003224                divmod_u32u32
                0x1000322c                divmod_u32u32_unsafe
                0x10003254                divmod_u32u32_savestate
 .text.__wrap___aeabi_ldiv
                0x10003270      0x424 CMakeFiles/rp2040project.dir/Users/elizabethgodsey/pico-sdk/src/rp2_common/pico_divider/divider_hardware.S.o
                0x10003270                __wrap___aeabi_ldivmod
                0x10003270                div_s64s64
                0x10003270                divmod_s64s64
                0x100032a0                divmod_u64u64
                0x100032a0                div_u64u64
                0x100032a0                __wrap___aeabi_uldivmod
                0x100032b0                divmod_u64u64_savestate
                0x100032d0                divmod_s64s64_unsafe
                0x10003358                divmod_u64u64_unsafe
 .text.__wrap___aeabi_darithmetic
                0x10003694       0x80 CMakeFiles/rp2040project.dir/Users/elizabethgodsey/pico-sdk/src/rp2_common/pico_double/double_aeabi_rp2040.S.o
                0x10003694                __wrap___aeabi_drsub
                0x1000369a                __wrap___aeabi_dsub
                0x100036ac                __wrap___aeabi_dadd
                0x100036be                __wrap___aeabi_ddiv
                0x100036fa                __wrap___aeabi_dmul
 .text.__wrap___aeabi_cdcmple
                0x10003714       0x6c CMakeFiles/rp2040project.dir/Users/elizabethgodsey/pico-sdk/src/rp2_common/pico_double/double_aeabi_rp2040.S.o
                0x10003714                __wrap___aeabi_cdrcmple
                0x10003724                __wrap___aeabi_cdcmple
                0x10003724                __wrap___aeabi_cdcmpeq
 .text.__wrap___aeabi_dcmplt
                0x10003780        0xc CMakeFiles/rp2040project.dir/Users/elizabethgodsey/pico-sdk/src/rp2_common/pico_double/double_aeabi_rp2040.S.o
                0x10003780                __wrap___aeabi_dcmplt
 .text.__wrap___aeabi_dcmple
                0x1000378c       0x10 CMakeFiles/rp2040project.dir/Users/elizabethgodsey/pico-sdk/src/rp2_common/pico_double/double_aeabi_rp2040.S.o
                0x1000378c                __wrap___aeabi_dcmple
 .text.__wrap___aeabi_dcmpge
                0x1000379c       0x10 CMakeFiles/rp2040project.dir/Users/elizabethgodsey/pico-sdk/src/rp2_common/pico_double/double_aeabi_rp2040.S.o
                0x1000379c                __wrap___aeabi_dcmpge
 .text.__wrap___aeabi_dcmpgt
                0x100037ac        0xa CMakeFiles/rp2040project.dir/Users/elizabethgodsey/pico-sdk/src/rp2_common/pico_double/double_aeabi_rp2040.S.o
                0x100037ac                __wrap___aeabi_dcmpgt
 .text.__wrap___aeabi_dcmpun
                0x100037b6       0x18 CMakeFiles/rp2040project.dir/Users/elizabethgodsey/pico-sdk/src/rp2_common/pico_double/double_aeabi_rp2040.S.o
                0x100037b6                __wrap___aeabi_dcmpun
 *fill*         0x100037ce        0x2 
 .text.__wrap___aeabi_i2d
                0x100037d0       0x38 CMakeFiles/rp2040project.dir/Users/elizabethgodsey/pico-sdk/src/rp2_common/pico_double/double_aeabi_rp2040.S.o
                0x100037d0                __wrap___aeabi_ui2d
                0x100037d0                uint2double
                0x100037d8                __wrap___aeabi_i2d
                0x100037d8                int2double
 .text.__wrap___aeabi_d2iz
                0x10003808       0x48 CMakeFiles/rp2040project.dir/Users/elizabethgodsey/pico-sdk/src/rp2_common/pico_double/double_aeabi_rp2040.S.o
                0x10003808                __wrap___aeabi_d2iz
                0x10003808                double2int_z
 .text.__wrap___aeabi_d2uiz
                0x10003850       0x18 CMakeFiles/rp2040project.dir/Users/elizabethgodsey/pico-sdk/src/rp2_common/pico_double/double_aeabi_rp2040.S.o
                0x10003850                double2uint_z
                0x10003850                double2uint
                0x10003850                __wrap___aeabi_d2uiz
 .text.__aeabi_double_init
                0x10003868       0xa4 CMakeFiles/rp2040project.dir/Users/elizabethgodsey/pico-sdk/src/rp2_common/pico_double/double_init_rom_rp2040.c.o
                0x10003868                __aeabi_double_init
 .text.double_table_shim_on_use_helper
                0x1000390c       0x2c CMakeFiles/rp2040project.dir/Users/elizabethgodsey/pico-sdk/src/rp2_common/pico_double/double_v1_rom_shim_rp2040.S.o
                0x1000390c                double_table_shim_on_use_helper
 .text.__wrap___aeabi_dsub
                0x10003938       0x10 CMakeFiles/rp2040project.dir/Users/elizabethgodsey/pico-sdk/src/rp2_common/pico_double/double_v1_rom_shim_rp2040.S.o
                0x10003938                drsub_shim
                0x1000393e                dsub_shim
 .text.dadd_shim
                0x10003948      0x15c CMakeFiles/rp2040project.dir/Users/elizabethgodsey/pico-sdk/src/rp2_common/pico_double/double_v1_rom_shim_rp2040.S.o
                0x10003948                dadd_shim
 .text.dmul_shim
                0x10003aa4      0x15c CMakeFiles/rp2040project.dir/Users/elizabethgodsey/pico-sdk/src/rp2_common/pico_double/double_v1_rom_shim_rp2040.S.o
                0x10003aa4                dmul_shim
 .text.ddiv_shim
                0x10003c00      0x1b0 CMakeFiles/rp2040project.dir/Users/elizabethgodsey/pico-sdk/src/rp2_common/pico_double/double_v1_rom_shim_rp2040.S.o
                0x10003c00                ddiv_shim
 .text.double2uint_shim
                0x10003db0        0xe CMakeFiles/rp2040project.dir/Users/elizabethgodsey/pico-sdk/src/rp2_common/pico_double/double_v1_rom_shim_rp2040.S.o
                0x10003db0                double2uint_shim
                0x10003db2                double2ufix_shim
 *fill*         0x10003dbe        0x2 
 .text.double2uint64_shim
                0x10003dc0       0x70 CMakeFiles/rp2040project.dir/Users/elizabethgodsey/pico-sdk/src/rp2_common/pico_double/double_v1_rom_shim_rp2040.S.o
                0x10003dc0                double2uint64_shim
                0x10003dc2                double2ufix64_shim
                0x10003de2                d2fix_a
 .text.dunpacks
                0x10003e30       0x3c CMakeFiles/rp2040project.dir/Users/elizabethgodsey/pico-sdk/src/rp2_common/pico_double/double_v1_rom_shim_rp2040.S.o
                0x10003e30                dunpacks
 .text.__aeabi_lmul
                0x10003e6c       0x32 CMakeFiles/rp2040project.dir/Users/elizabethgodsey/pico-sdk/src/rp2_common/pico_int64_ops/pico_int64_ops_aeabi.S.o
                0x10003e6c                __wrap___aeabi_lmul
 *fill*         0x10003e9e        0x2 
 .text.__wrap___aeabi_farithmetic
                0x10003ea0       0x48 CMakeFiles/rp2040project.dir/Users/elizabethgodsey/pico-sdk/src/rp2_common/pico_float/float_aeabi_rp2040.S.o
                0x10003ea0                __wrap___aeabi_frsub
                0x10003ea6                __wrap___aeabi_fsub
                0x10003eac                __wrap___aeabi_fadd
                0x10003eb2                __wrap___aeabi_fdiv
                0x10003eda                __wrap___aeabi_fmul
 .text.__wrap___aeabi_i2f
                0x10003ee8       0x44 CMakeFiles/rp2040project.dir/Users/elizabethgodsey/pico-sdk/src/rp2_common/pico_float/float_aeabi_rp2040.S.o
                0x10003ee8                int2float
                0x10003ee8                __wrap___aeabi_i2f
 .text.__wrap___aeabi_f2d
                0x10003f2c       0x14 CMakeFiles/rp2040project.dir/Users/elizabethgodsey/pico-sdk/src/rp2_common/pico_float/float_aeabi_rp2040.S.o
                0x10003f2c                __wrap___aeabi_f2d
 .text.__aeabi_float_init
                0x10003f40       0x64 CMakeFiles/rp2040project.dir/Users/elizabethgodsey/pico-sdk/src/rp2_common/pico_float/float_init_rom_rp2040.c.o
                0x10003f40                __aeabi_float_init
 .text.float_table_shim_on_use_helper
                0x10003fa4       0x2c CMakeFiles/rp2040project.dir/Users/elizabethgodsey/pico-sdk/src/rp2_common/pico_float/float_v1_rom_shim_rp2040.S.o
                0x10003fa4                float_table_shim_on_use_helper
 .text.float2double_shim
                0x10003fd0       0x30 CMakeFiles/rp2040project.dir/Users/elizabethgodsey/pico-sdk/src/rp2_common/pico_float/float_v1_rom_shim_rp2040.S.o
                0x10003fd0                float2double_shim
 .text          0x10004000       0x10 CMakeFiles/rp2040project.dir/Users/elizabethgodsey/pico-sdk/src/rp2_common/pico_mem_ops/mem_ops_aeabi.S.o
                0x10004000                __aeabi_mem_init
 .text.memset   0x10004010        0xc CMakeFiles/rp2040project.dir/Users/elizabethgodsey/pico-sdk/src/rp2_common/pico_mem_ops/mem_ops_aeabi.S.o
                0x10004010                __wrap_memset
 .text.memcpy   0x1000401c        0xc CMakeFiles/rp2040project.dir/Users/elizabethgodsey/pico-sdk/src/rp2_common/pico_mem_ops/mem_ops_aeabi.S.o
                0x1000401c                __wrap___aeabi_memcpy
                0x1000401c                __wrap_memcpy
 .text._out_buffer
                0x10004028        0x8 CMakeFiles/rp2040project.dir/Users/elizabethgodsey/pico-sdk/src/rp2_common/pico_printf/printf.c.o
 .text._out_null
                0x10004030        0x4 CMakeFiles/rp2040project.dir/Users/elizabethgodsey/pico-sdk/src/rp2_common/pico_printf/printf.c.o
 .text._out_rev
                0x10004034       0xac CMakeFiles/rp2040project.dir/Users/elizabethgodsey/pico-sdk/src/rp2_common/pico_printf/printf.c.o
 .text._ntoa_format
                0x100040e0      0x1cc CMakeFiles/rp2040project.dir/Users/elizabethgodsey/pico-sdk/src/rp2_common/pico_printf/printf.c.o
 .text._out_char
                0x100042ac       0x10 CMakeFiles/rp2040project.dir/Users/elizabethgodsey/pico-sdk/src/rp2_common/pico_printf/printf.c.o
 .text._out_fct
                0x100042bc       0x10 CMakeFiles/rp2040project.dir/Users/elizabethgodsey/pico-sdk/src/rp2_common/pico_printf/printf.c.o
 .text._ftoa    0x100042cc      0x4a8 CMakeFiles/rp2040project.dir/Users/elizabethgodsey/pico-sdk/src/rp2_common/pico_printf/printf.c.o
 .text._etoa    0x10004774      0x57c CMakeFiles/rp2040project.dir/Users/elizabethgodsey/pico-sdk/src/rp2_common/pico_printf/printf.c.o
 .text._vsnprintf
                0x10004cf0      0xbe0 CMakeFiles/rp2040project.dir/Users/elizabethgodsey/pico-sdk/src/rp2_common/pico_printf/printf.c.o
 .text.__wrap_snprintf
                0x100058d0       0x28 CMakeFiles/rp2040project.dir/Users/elizabethgodsey/pico-sdk/src/rp2_common/pico_printf/printf.c.o
                0x100058d0                __wrap_snprintf
 .text.vfctprintf
                0x100058f8       0x24 CMakeFiles/rp2040project.dir/Users/elizabethgodsey/pico-sdk/src/rp2_common/pico_printf/printf.c.o
                0x100058f8                vfctprintf
 .text.weak_raw_vprintf
                0x1000591c       0x30 CMakeFiles/rp2040project.dir/Users/elizabethgodsey/pico-sdk/src/rp2_common/pico_printf/printf.c.o
                0x1000591c                weak_raw_vprintf
 .text._exit    0x1000594c        0x4 CMakeFiles/rp2040project.dir/Users/elizabethgodsey/pico-sdk/src/rp2_common/pico_clib_interface/newlib_interface.c.o
                0x1000594c                _exit
 .text._sbrk    0x10005950       0x34 CMakeFiles/rp2040project.dir/Users/elizabethgodsey/pico-sdk/src/rp2_common/pico_clib_interface/newlib_interface.c.o
                0x10005950                _sbrk
 .text.exit     0x10005984        0x8 CMakeFiles/rp2040project.dir/Users/elizabethgodsey/pico-sdk/src/rp2_common/pico_clib_interface/newlib_interface.c.o
                0x10005984                exit
 .text.runtime_init
                0x1000598c       0x2c CMakeFiles/rp2040project.dir/Users/elizabethgodsey/pico-sdk/src/rp2_common/pico_clib_interface/newlib_interface.c.o
                0x1000598c                runtime_init
 .text.stdio_out_chars_no_crlf
                0x100059b8       0x10 CMakeFiles/rp2040project.dir/Users/elizabethgodsey/pico-sdk/src/rp2_common/pico_stdio/stdio.c.o
 .text.stdio_out_chars_crlf
                0x100059c8       0xb0 CMakeFiles/rp2040project.dir/Users/elizabethgodsey/pico-sdk/src/rp2_common/pico_stdio/stdio.c.o
 .text.stdio_buffered_printer
                0x10005a78       0x64 CMakeFiles/rp2040project.dir/Users/elizabethgodsey/pico-sdk/src/rp2_common/pico_stdio/stdio.c.o
 .text.stdio_put_string
                0x10005adc       0xfc CMakeFiles/rp2040project.dir/Users/elizabethgodsey/pico-sdk/src/rp2_common/pico_stdio/stdio.c.o
                0x10005adc                stdio_put_string
 .text.stdio_set_driver_enabled
                0x10005bd8       0x30 CMakeFiles/rp2040project.dir/Users/elizabethgodsey/pico-sdk/src/rp2_common/pico_stdio/stdio.c.o
                0x10005bd8                stdio_set_driver_enabled
 .text.stdio_init_all
                0x10005c08        0x8 CMakeFiles/rp2040project.dir/Users/elizabethgodsey/pico-sdk/src/rp2_common/pico_stdio/stdio.c.o
                0x10005c08                stdio_init_all
 .text.__wrap_putchar
                0x10005c10       0x94 CMakeFiles/rp2040project.dir/Users/elizabethgodsey/pico-sdk/src/rp2_common/pico_stdio/stdio.c.o
                0x10005c10                stdio_putchar
                0x10005c10                __wrap_putchar
 .text.__wrap_puts
                0x10005ca4       0x3c CMakeFiles/rp2040project.dir/Users/elizabethgodsey/pico-sdk/src/rp2_common/pico_stdio/stdio.c.o
                0x10005ca4                __wrap_puts
                0x10005ca4                stdio_puts
 .text.__wrap_vprintf
                0x10005ce0       0xcc CMakeFiles/rp2040project.dir/Users/elizabethgodsey/pico-sdk/src/rp2_common/pico_stdio/stdio.c.o
                0x10005ce0                __wrap_vprintf
                0x10005ce0                stdio_vprintf
 .text.__wrap_printf
                0x10005dac       0x18 CMakeFiles/rp2040project.dir/Users/elizabethgodsey/pico-sdk/src/rp2_common/pico_stdio/stdio.c.o
                0x10005dac                stdio_printf
                0x10005dac                __wrap_printf
 .text.resetd_init
                0x10005dc4        0x4 CMakeFiles/rp2040project.dir/Users/elizabethgodsey/pico-sdk/src/rp2_common/pico_stdio_usb/reset_interface.c.o
 .text.resetd_reset
                0x10005dc8        0xc CMakeFiles/rp2040project.dir/Users/elizabethgodsey/pico-sdk/src/rp2_common/pico_stdio_usb/reset_interface.c.o
 .text.resetd_open
                0x10005dd4       0x28 CMakeFiles/rp2040project.dir/Users/elizabethgodsey/pico-sdk/src/rp2_common/pico_stdio_usb/reset_interface.c.o
 .text.resetd_xfer_cb
                0x10005dfc        0x4 CMakeFiles/rp2040project.dir/Users/elizabethgodsey/pico-sdk/src/rp2_common/pico_stdio_usb/reset_interface.c.o
 .text.resetd_control_xfer_cb
                0x10005e00       0x54 CMakeFiles/rp2040project.dir/Users/elizabethgodsey/pico-sdk/src/rp2_common/pico_stdio_usb/reset_interface.c.o
 .text.tud_descriptor_bos_cb
                0x10005e54        0x8 CMakeFiles/rp2040project.dir/Users/elizabethgodsey/pico-sdk/src/rp2_common/pico_stdio_usb/reset_interface.c.o
                0x10005e54                tud_descriptor_bos_cb
 .text.tud_vendor_control_xfer_cb
                0x10005e5c       0x34 CMakeFiles/rp2040project.dir/Users/elizabethgodsey/pico-sdk/src/rp2_common/pico_stdio_usb/reset_interface.c.o
                0x10005e5c                tud_vendor_control_xfer_cb
 .text.usbd_app_driver_get_cb
                0x10005e90        0xc CMakeFiles/rp2040project.dir/Users/elizabethgodsey/pico-sdk/src/rp2_common/pico_stdio_usb/reset_interface.c.o
                0x10005e90                usbd_app_driver_get_cb
 .text.tud_cdc_line_coding_cb
                0x10005e9c       0x2c CMakeFiles/rp2040project.dir/Users/elizabethgodsey/pico-sdk/src/rp2_common/pico_stdio_usb/reset_interface.c.o
                0x10005e9c                tud_cdc_line_coding_cb
 .text.stdio_usb_set_chars_available_callback
                0x10005ec8       0x14 CMakeFiles/rp2040project.dir/Users/elizabethgodsey/pico-sdk/src/rp2_common/pico_stdio_usb/stdio_usb.c.o
                0x10005ec8                stdio_usb_set_chars_available_callback
 .text.usb_irq  0x10005edc       0x10 CMakeFiles/rp2040project.dir/Users/elizabethgodsey/pico-sdk/src/rp2_common/pico_stdio_usb/stdio_usb.c.o
 .text.timer_task
                0x10005eec       0x64 CMakeFiles/rp2040project.dir/Users/elizabethgodsey/pico-sdk/src/rp2_common/pico_stdio_usb/stdio_usb.c.o
 .text.stdio_usb_in_chars
                0x10005f50       0x8c CMakeFiles/rp2040project.dir/Users/elizabethgodsey/pico-sdk/src/rp2_common/pico_stdio_usb/stdio_usb.c.o
                0x10005f50                stdio_usb_in_chars
 .text.stdio_usb_out_flush
                0x10005fdc       0x4c CMakeFiles/rp2040project.dir/Users/elizabethgodsey/pico-sdk/src/rp2_common/pico_stdio_usb/stdio_usb.c.o
 .text.stdio_usb_out_chars
                0x10006028      0x100 CMakeFiles/rp2040project.dir/Users/elizabethgodsey/pico-sdk/src/rp2_common/pico_stdio_usb/stdio_usb.c.o
 .text.low_priority_worker_irq
                0x10006128       0xc8 CMakeFiles/rp2040project.dir/Users/elizabethgodsey/pico-sdk/src/rp2_common/pico_stdio_usb/stdio_usb.c.o
 .text.stdio_usb_init
                0x100061f0       0xe8 CMakeFiles/rp2040project.dir/Users/elizabethgodsey/pico-sdk/src/rp2_common/pico_stdio_usb/stdio_usb.c.o
                0x100061f0                stdio_usb_init
 .text.stdio_usb_connected
                0x100062d8        0xc CMakeFiles/rp2040project.dir/Users/elizabethgodsey/pico-sdk/src/rp2_common/pico_stdio_usb/stdio_usb.c.o
                0x100062d8                stdio_usb_connected
 .text.tud_descriptor_device_cb
                0x100062e4        0x8 CMakeFiles/rp2040project.dir/Users/elizabethgodsey/pico-sdk/src/rp2_common/pico_stdio_usb/stdio_usb_descriptors.c.o
                0x100062e4                tud_descriptor_device_cb
 .text.tud_descriptor_configuration_cb
                0x100062ec        0x8 CMakeFiles/rp2040project.dir/Users/elizabethgodsey/pico-sdk/src/rp2_common/pico_stdio_usb/stdio_usb_descriptors.c.o
                0x100062ec                tud_descriptor_configuration_cb
 .text.tud_descriptor_string_cb
                0x100062f4       0x78 CMakeFiles/rp2040project.dir/Users/elizabethgodsey/pico-sdk/src/rp2_common/pico_stdio_usb/stdio_usb_descriptors.c.o
                0x100062f4                tud_descriptor_string_cb
 .text.startup._retrieve_unique_id_on_boot
                0x1000636c       0x10 CMakeFiles/rp2040project.dir/Users/elizabethgodsey/pico-sdk/src/rp2_common/pico_unique_id/unique_id.c.o
 .text.pico_get_unique_board_id_string
                0x1000637c      0x1a8 CMakeFiles/rp2040project.dir/Users/elizabethgodsey/pico-sdk/src/rp2_common/pico_unique_id/unique_id.c.o
                0x1000637c                pico_get_unique_board_id_string
 .text.flash_get_unique_id
                0x10006524       0x3c CMakeFiles/rp2040project.dir/Users/elizabethgodsey/pico-sdk/src/rp2_common/hardware_flash/flash.c.o
                0x10006524                flash_get_unique_id
 .text.dcd_init
                0x10006560       0x90 CMakeFiles/rp2040project.dir/Users/elizabethgodsey/pico-sdk/lib/tinyusb/src/portable/raspberrypi/rp2040/dcd_rp2040.c.o
                0x10006560                dcd_init
 .text.dcd_int_enable
                0x100065f0        0xc CMakeFiles/rp2040project.dir/Users/elizabethgodsey/pico-sdk/lib/tinyusb/src/portable/raspberrypi/rp2040/dcd_rp2040.c.o
                0x100065f0                dcd_int_enable
 .text.dcd_set_address
                0x100065fc       0x14 CMakeFiles/rp2040project.dir/Users/elizabethgodsey/pico-sdk/lib/tinyusb/src/portable/raspberrypi/rp2040/dcd_rp2040.c.o
                0x100065fc                dcd_set_address
 .text.dcd_sof_enable
                0x10006610       0x1c CMakeFiles/rp2040project.dir/Users/elizabethgodsey/pico-sdk/lib/tinyusb/src/portable/raspberrypi/rp2040/dcd_rp2040.c.o
                0x10006610                dcd_sof_enable
 .text.dcd_edpt0_status_complete
                0x1000662c       0x1c CMakeFiles/rp2040project.dir/Users/elizabethgodsey/pico-sdk/lib/tinyusb/src/portable/raspberrypi/rp2040/dcd_rp2040.c.o
                0x1000662c                dcd_edpt0_status_complete
 .text.dcd_edpt_open
                0x10006648      0x114 CMakeFiles/rp2040project.dir/Users/elizabethgodsey/pico-sdk/lib/tinyusb/src/portable/raspberrypi/rp2040/dcd_rp2040.c.o
                0x10006648                dcd_edpt_open
 .text.dcd_edpt_close_all
                0x1000675c        0x8 CMakeFiles/rp2040project.dir/Users/elizabethgodsey/pico-sdk/lib/tinyusb/src/portable/raspberrypi/rp2040/dcd_rp2040.c.o
                0x1000675c                dcd_edpt_close_all
 .text.dcd_edpt_xfer
                0x10006764       0x24 CMakeFiles/rp2040project.dir/Users/elizabethgodsey/pico-sdk/lib/tinyusb/src/portable/raspberrypi/rp2040/dcd_rp2040.c.o
                0x10006764                dcd_edpt_xfer
 .text.dcd_edpt_stall
                0x10006788       0x3c CMakeFiles/rp2040project.dir/Users/elizabethgodsey/pico-sdk/lib/tinyusb/src/portable/raspberrypi/rp2040/dcd_rp2040.c.o
                0x10006788                dcd_edpt_stall
 .text.dcd_edpt_clear_stall
                0x100067c4       0x30 CMakeFiles/rp2040project.dir/Users/elizabethgodsey/pico-sdk/lib/tinyusb/src/portable/raspberrypi/rp2040/dcd_rp2040.c.o
                0x100067c4                dcd_edpt_clear_stall
 .text.rp2040_usb_init
                0x100067f4       0x40 CMakeFiles/rp2040project.dir/Users/elizabethgodsey/pico-sdk/lib/tinyusb/src/portable/raspberrypi/rp2040/rp2040_usb.c.o
                0x100067f4                rp2040_usb_init
 .text.hw_endpoint_xfer_start
                0x10006834       0x40 CMakeFiles/rp2040project.dir/Users/elizabethgodsey/pico-sdk/lib/tinyusb/src/portable/raspberrypi/rp2040/rp2040_usb.c.o
                0x10006834                hw_endpoint_xfer_start
 .text.tud_event_hook_cb
                0x10006874        0x4 CMakeFiles/rp2040project.dir/Users/elizabethgodsey/pico-sdk/lib/tinyusb/src/device/usbd.c.o
                0x10006874                tud_event_hook_cb
 .text.tud_sof_cb
                0x10006878        0x4 CMakeFiles/rp2040project.dir/Users/elizabethgodsey/pico-sdk/lib/tinyusb/src/device/usbd.c.o
                0x10006878                tud_sof_cb
 .text.tud_descriptor_device_qualifier_cb
                0x1000687c        0x4 CMakeFiles/rp2040project.dir/Users/elizabethgodsey/pico-sdk/lib/tinyusb/src/device/usbd.c.o
                0x1000687c                tud_descriptor_device_qualifier_cb
 .text.tud_descriptor_other_speed_configuration_cb
                0x10006880        0x4 CMakeFiles/rp2040project.dir/Users/elizabethgodsey/pico-sdk/lib/tinyusb/src/device/usbd.c.o
                0x10006880                tud_descriptor_other_speed_configuration_cb
 .text.tud_mount_cb
                0x10006884        0x4 CMakeFiles/rp2040project.dir/Users/elizabethgodsey/pico-sdk/lib/tinyusb/src/device/usbd.c.o
                0x10006884                tud_mount_cb
 .text.tud_umount_cb
                0x10006888        0x4 CMakeFiles/rp2040project.dir/Users/elizabethgodsey/pico-sdk/lib/tinyusb/src/device/usbd.c.o
                0x10006888                tud_umount_cb
 .text.tud_suspend_cb
                0x1000688c        0x4 CMakeFiles/rp2040project.dir/Users/elizabethgodsey/pico-sdk/lib/tinyusb/src/device/usbd.c.o
                0x1000688c                tud_suspend_cb
 .text.tud_resume_cb
                0x10006890        0x4 CMakeFiles/rp2040project.dir/Users/elizabethgodsey/pico-sdk/lib/tinyusb/src/device/usbd.c.o
                0x10006890                tud_resume_cb
 .text.tud_mounted
                0x10006894       0x10 CMakeFiles/rp2040project.dir/Users/elizabethgodsey/pico-sdk/lib/tinyusb/src/device/usbd.c.o
                0x10006894                tud_mounted
 .text.tud_suspended
                0x100068a4       0x10 CMakeFiles/rp2040project.dir/Users/elizabethgodsey/pico-sdk/lib/tinyusb/src/device/usbd.c.o
                0x100068a4                tud_suspended
 .text.tud_rhport_init
                0x100068b4       0xf4 CMakeFiles/rp2040project.dir/Users/elizabethgodsey/pico-sdk/lib/tinyusb/src/device/usbd.c.o
                0x100068b4                tud_rhport_init
 .text.tud_task_ext
                0x100069a8      0x800 CMakeFiles/rp2040project.dir/Users/elizabethgodsey/pico-sdk/lib/tinyusb/src/device/usbd.c.o
                0x100069a8                tud_task_ext
 .text.usbd_open_edpt_pair
                0x100071a8       0x9c CMakeFiles/rp2040project.dir/Users/elizabethgodsey/pico-sdk/lib/tinyusb/src/device/usbd.c.o
                0x100071a8                usbd_open_edpt_pair
 .text.usbd_edpt_open
                0x10007244       0x34 CMakeFiles/rp2040project.dir/Users/elizabethgodsey/pico-sdk/lib/tinyusb/src/device/usbd.c.o
                0x10007244                usbd_edpt_open
 .text.usbd_edpt_claim
                0x10007278       0x28 CMakeFiles/rp2040project.dir/Users/elizabethgodsey/pico-sdk/lib/tinyusb/src/device/usbd.c.o
                0x10007278                usbd_edpt_claim
 .text.usbd_edpt_release
                0x100072a0       0x28 CMakeFiles/rp2040project.dir/Users/elizabethgodsey/pico-sdk/lib/tinyusb/src/device/usbd.c.o
                0x100072a0                usbd_edpt_release
 .text.usbd_edpt_xfer
                0x100072c8       0x4c CMakeFiles/rp2040project.dir/Users/elizabethgodsey/pico-sdk/lib/tinyusb/src/device/usbd.c.o
                0x100072c8                usbd_edpt_xfer
 .text.tud_control_status
                0x10007314       0x2c CMakeFiles/rp2040project.dir/Users/elizabethgodsey/pico-sdk/lib/tinyusb/src/device/usbd_control.c.o
                0x10007314                tud_control_status
 .text.tud_control_xfer
                0x10007340       0xa8 CMakeFiles/rp2040project.dir/Users/elizabethgodsey/pico-sdk/lib/tinyusb/src/device/usbd_control.c.o
                0x10007340                tud_control_xfer
 .text.usbd_control_reset
                0x100073e8       0x14 CMakeFiles/rp2040project.dir/Users/elizabethgodsey/pico-sdk/lib/tinyusb/src/device/usbd_control.c.o
                0x100073e8                usbd_control_reset
 .text.usbd_control_set_complete_callback
                0x100073fc        0xc CMakeFiles/rp2040project.dir/Users/elizabethgodsey/pico-sdk/lib/tinyusb/src/device/usbd_control.c.o
                0x100073fc                usbd_control_set_complete_callback
 .text.usbd_control_set_request
                0x10007408       0x1c CMakeFiles/rp2040project.dir/Users/elizabethgodsey/pico-sdk/lib/tinyusb/src/device/usbd_control.c.o
                0x10007408                usbd_control_set_request
 .text.usbd_control_xfer_cb
                0x10007424       0xec CMakeFiles/rp2040project.dir/Users/elizabethgodsey/pico-sdk/lib/tinyusb/src/device/usbd_control.c.o
                0x10007424                usbd_control_xfer_cb
 .text._prep_out_transaction.isra.0
                0x10007510       0x6c CMakeFiles/rp2040project.dir/Users/elizabethgodsey/pico-sdk/lib/tinyusb/src/class/cdc/cdc_device.c.o
 .text.tud_cdc_n_connected
                0x1000757c       0x2c CMakeFiles/rp2040project.dir/Users/elizabethgodsey/pico-sdk/lib/tinyusb/src/class/cdc/cdc_device.c.o
                0x1000757c                tud_cdc_n_connected
 .text.tud_cdc_n_available
                0x100075a8       0x14 CMakeFiles/rp2040project.dir/Users/elizabethgodsey/pico-sdk/lib/tinyusb/src/class/cdc/cdc_device.c.o
                0x100075a8                tud_cdc_n_available
 .text.tud_cdc_n_read
                0x100075bc       0x88 CMakeFiles/rp2040project.dir/Users/elizabethgodsey/pico-sdk/lib/tinyusb/src/class/cdc/cdc_device.c.o
                0x100075bc                tud_cdc_n_read
 .text.tud_cdc_n_write_flush
                0x10007644       0x74 CMakeFiles/rp2040project.dir/Users/elizabethgodsey/pico-sdk/lib/tinyusb/src/class/cdc/cdc_device.c.o
                0x10007644                tud_cdc_n_write_flush
 .text.tud_cdc_n_write
                0x100076b8       0x40 CMakeFiles/rp2040project.dir/Users/elizabethgodsey/pico-sdk/lib/tinyusb/src/class/cdc/cdc_device.c.o
                0x100076b8                tud_cdc_n_write
 .text.tud_cdc_n_write_available
                0x100076f8       0x14 CMakeFiles/rp2040project.dir/Users/elizabethgodsey/pico-sdk/lib/tinyusb/src/class/cdc/cdc_device.c.o
                0x100076f8                tud_cdc_n_write_available
 .text.cdcd_init
                0x1000770c       0x70 CMakeFiles/rp2040project.dir/Users/elizabethgodsey/pico-sdk/lib/tinyusb/src/class/cdc/cdc_device.c.o
                0x1000770c                cdcd_init
 .text.cdcd_deinit
                0x1000777c       0x30 CMakeFiles/rp2040project.dir/Users/elizabethgodsey/pico-sdk/lib/tinyusb/src/class/cdc/cdc_device.c.o
                0x1000777c                cdcd_deinit
 .text.cdcd_reset
                0x100077ac       0x4c CMakeFiles/rp2040project.dir/Users/elizabethgodsey/pico-sdk/lib/tinyusb/src/class/cdc/cdc_device.c.o
                0x100077ac                cdcd_reset
 .text.cdcd_open
                0x100077f8       0xa4 CMakeFiles/rp2040project.dir/Users/elizabethgodsey/pico-sdk/lib/tinyusb/src/class/cdc/cdc_device.c.o
                0x100077f8                cdcd_open
 .text.cdcd_control_xfer_cb
                0x1000789c       0xe8 CMakeFiles/rp2040project.dir/Users/elizabethgodsey/pico-sdk/lib/tinyusb/src/class/cdc/cdc_device.c.o
                0x1000789c                cdcd_control_xfer_cb
 .text.cdcd_xfer_cb
                0x10007984      0x100 CMakeFiles/rp2040project.dir/Users/elizabethgodsey/pico-sdk/lib/tinyusb/src/class/cdc/cdc_device.c.o
                0x10007984                cdcd_xfer_cb
 .text.vendord_init
                0x10007a84       0x5c CMakeFiles/rp2040project.dir/Users/elizabethgodsey/pico-sdk/lib/tinyusb/src/class/vendor/vendor_device.c.o
                0x10007a84                vendord_init
 .text.vendord_deinit
                0x10007ae0       0x1c CMakeFiles/rp2040project.dir/Users/elizabethgodsey/pico-sdk/lib/tinyusb/src/class/vendor/vendor_device.c.o
                0x10007ae0                vendord_deinit
 .text.vendord_reset
                0x10007afc       0x28 CMakeFiles/rp2040project.dir/Users/elizabethgodsey/pico-sdk/lib/tinyusb/src/class/vendor/vendor_device.c.o
                0x10007afc                vendord_reset
 .text.vendord_open
                0x10007b24      0x120 CMakeFiles/rp2040project.dir/Users/elizabethgodsey/pico-sdk/lib/tinyusb/src/class/vendor/vendor_device.c.o
                0x10007b24                vendord_open
 .text.vendord_xfer_cb
                0x10007c44       0x9c CMakeFiles/rp2040project.dir/Users/elizabethgodsey/pico-sdk/lib/tinyusb/src/class/vendor/vendor_device.c.o
                0x10007c44                vendord_xfer_cb
 .text.tusb_rhport_init
                0x10007ce0       0x4c CMakeFiles/rp2040project.dir/Users/elizabethgodsey/pico-sdk/lib/tinyusb/src/tusb.c.o
                0x10007ce0                tusb_rhport_init
 .text.tu_edpt_claim
                0x10007d2c       0x50 CMakeFiles/rp2040project.dir/Users/elizabethgodsey/pico-sdk/lib/tinyusb/src/tusb.c.o
                0x10007d2c                tu_edpt_claim
 .text.tu_edpt_release
                0x10007d7c       0x38 CMakeFiles/rp2040project.dir/Users/elizabethgodsey/pico-sdk/lib/tinyusb/src/tusb.c.o
                0x10007d7c                tu_edpt_release
 .text.tu_edpt_validate
                0x10007db4       0x7c CMakeFiles/rp2040project.dir/Users/elizabethgodsey/pico-sdk/lib/tinyusb/src/tusb.c.o
                0x10007db4                tu_edpt_validate
 .text.tu_edpt_bind_driver
                0x10007e30       0x34 CMakeFiles/rp2040project.dir/Users/elizabethgodsey/pico-sdk/lib/tinyusb/src/tusb.c.o
                0x10007e30                tu_edpt_bind_driver
 .text.tu_edpt_stream_init
                0x10007e64       0x6c CMakeFiles/rp2040project.dir/Users/elizabethgodsey/pico-sdk/lib/tinyusb/src/tusb.c.o
                0x10007e64                tu_edpt_stream_init
 .text.tu_edpt_stream_deinit
                0x10007ed0        0x4 CMakeFiles/rp2040project.dir/Users/elizabethgodsey/pico-sdk/lib/tinyusb/src/tusb.c.o
                0x10007ed0                tu_edpt_stream_deinit
 .text.tu_edpt_stream_write_zlp_if_needed
                0x10007ed4       0x68 CMakeFiles/rp2040project.dir/Users/elizabethgodsey/pico-sdk/lib/tinyusb/src/tusb.c.o
                0x10007ed4                tu_edpt_stream_write_zlp_if_needed
 .text.tu_edpt_stream_write_xfer
                0x10007f3c       0x68 CMakeFiles/rp2040project.dir/Users/elizabethgodsey/pico-sdk/lib/tinyusb/src/tusb.c.o
                0x10007f3c                tu_edpt_stream_write_xfer
 .text.tu_edpt_stream_read_xfer
                0x10007fa4       0xd8 CMakeFiles/rp2040project.dir/Users/elizabethgodsey/pico-sdk/lib/tinyusb/src/tusb.c.o
                0x10007fa4                tu_edpt_stream_read_xfer
 .text.tu_fifo_config
                0x1000807c       0x6c CMakeFiles/rp2040project.dir/Users/elizabethgodsey/pico-sdk/lib/tinyusb/src/common/tusb_fifo.c.o
                0x1000807c                tu_fifo_config
 .text.tu_fifo_count
                0x100080e8       0x2c CMakeFiles/rp2040project.dir/Users/elizabethgodsey/pico-sdk/lib/tinyusb/src/common/tusb_fifo.c.o
                0x100080e8                tu_fifo_count
 .text.tu_fifo_empty
                0x10008114       0x10 CMakeFiles/rp2040project.dir/Users/elizabethgodsey/pico-sdk/lib/tinyusb/src/common/tusb_fifo.c.o
                0x10008114                tu_fifo_empty
 .text.tu_fifo_remaining
                0x10008124       0x2c CMakeFiles/rp2040project.dir/Users/elizabethgodsey/pico-sdk/lib/tinyusb/src/common/tusb_fifo.c.o
                0x10008124                tu_fifo_remaining
 .text.tu_fifo_read
                0x10008150       0x9c CMakeFiles/rp2040project.dir/Users/elizabethgodsey/pico-sdk/lib/tinyusb/src/common/tusb_fifo.c.o
                0x10008150                tu_fifo_read
 .text.tu_fifo_read_n
                0x100081ec       0xe8 CMakeFiles/rp2040project.dir/Users/elizabethgodsey/pico-sdk/lib/tinyusb/src/common/tusb_fifo.c.o
                0x100081ec                tu_fifo_read_n
 .text.tu_fifo_write
                0x100082d4       0xa4 CMakeFiles/rp2040project.dir/Users/elizabethgodsey/pico-sdk/lib/tinyusb/src/common/tusb_fifo.c.o
                0x100082d4                tu_fifo_write
 .text.tu_fifo_write_n
                0x10008378      0x178 CMakeFiles/rp2040project.dir/Users/elizabethgodsey/pico-sdk/lib/tinyusb/src/common/tusb_fifo.c.o
                0x10008378                tu_fifo_write_n
 .text.tu_fifo_clear
                0x100084f0       0x40 CMakeFiles/rp2040project.dir/Users/elizabethgodsey/pico-sdk/lib/tinyusb/src/common/tusb_fifo.c.o
                0x100084f0                tu_fifo_clear
 .text.tu_fifo_set_overwritable
                0x10008530       0x48 CMakeFiles/rp2040project.dir/Users/elizabethgodsey/pico-sdk/lib/tinyusb/src/common/tusb_fifo.c.o
                0x10008530                tu_fifo_set_overwritable
 *fill*         0x10008578        0x8 
 .text.vPortStartFirstTask
                0x10008580       0x34 CMakeFiles/rp2040project.dir/freertos/portable/ThirdParty/GCC/RP2040/port.c.o
 *fill*         0x100085b4        0xc 
 .text.isr_pendsv
                0x100085c0       0x64 CMakeFiles/rp2040project.dir/freertos/portable/ThirdParty/GCC/RP2040/port.c.o
                0x100085c0                isr_pendsv
 .text.prvTaskExitError
                0x10008624        0x8 CMakeFiles/rp2040project.dir/freertos/portable/ThirdParty/GCC/RP2040/port.c.o
 .text.prvFIFOInterruptHandler
                0x1000862c       0x78 CMakeFiles/rp2040project.dir/freertos/portable/ThirdParty/GCC/RP2040/port.c.o
 .text.isr_svcall
                0x100086a4        0x4 CMakeFiles/rp2040project.dir/freertos/portable/ThirdParty/GCC/RP2040/port.c.o
                0x100086a4                isr_svcall
 .text.pxPortInitialiseStack
                0x100086a8       0x20 CMakeFiles/rp2040project.dir/freertos/portable/ThirdParty/GCC/RP2040/port.c.o
                0x100086a8                pxPortInitialiseStack
 .text.vPortYield
                0x100086c8       0x18 CMakeFiles/rp2040project.dir/freertos/portable/ThirdParty/GCC/RP2040/port.c.o
                0x100086c8                vPortYield
 .text.vPortEnterCritical
                0x100086e0       0x18 CMakeFiles/rp2040project.dir/freertos/portable/ThirdParty/GCC/RP2040/port.c.o
                0x100086e0                vPortEnterCritical
 .text.vPortExitCritical
                0x100086f8       0x14 CMakeFiles/rp2040project.dir/freertos/portable/ThirdParty/GCC/RP2040/port.c.o
                0x100086f8                vPortExitCritical
 .text.ulSetInterruptMaskFromISR
                0x1000870c        0x8 CMakeFiles/rp2040project.dir/freertos/portable/ThirdParty/GCC/RP2040/port.c.o
                0x1000870c                ulSetInterruptMaskFromISR
 .text.vClearInterruptMaskFromISR
                0x10008714        0x8 CMakeFiles/rp2040project.dir/freertos/portable/ThirdParty/GCC/RP2040/port.c.o
                0x10008714                vClearInterruptMaskFromISR
 .text.isr_systick
                0x1000871c       0x24 CMakeFiles/rp2040project.dir/freertos/portable/ThirdParty/GCC/RP2040/port.c.o
                0x1000871c                isr_systick
 .text.vPortSetupTimerInterrupt
                0x10008740       0x34 CMakeFiles/rp2040project.dir/freertos/portable/ThirdParty/GCC/RP2040/port.c.o
                0x10008740                vPortSetupTimerInterrupt
 .text.xPortStartScheduler
                0x10008774       0x9c CMakeFiles/rp2040project.dir/freertos/portable/ThirdParty/GCC/RP2040/port.c.o
                0x10008774                xPortStartScheduler
 .text.ulPortLockGetCurrentOwnerId
                0x10008810       0x2c CMakeFiles/rp2040project.dir/freertos/portable/ThirdParty/GCC/RP2040/port.c.o
                0x10008810                ulPortLockGetCurrentOwnerId
 .text.vPortLockInternalSpinUnlockWithWait
                0x1000883c       0x68 CMakeFiles/rp2040project.dir/freertos/portable/ThirdParty/GCC/RP2040/port.c.o
                0x1000883c                vPortLockInternalSpinUnlockWithWait
 .text.vPortLockInternalSpinUnlockWithNotify
                0x100088a4       0xc8 CMakeFiles/rp2040project.dir/freertos/portable/ThirdParty/GCC/RP2040/port.c.o
                0x100088a4                vPortLockInternalSpinUnlockWithNotify
 .text.xPortLockInternalSpinUnlockWithBestEffortWaitOrTimeout
                0x1000896c       0xf4 CMakeFiles/rp2040project.dir/freertos/portable/ThirdParty/GCC/RP2040/port.c.o
                0x1000896c                xPortLockInternalSpinUnlockWithBestEffortWaitOrTimeout
 .text.startup.prvRuntimeInitializer
                0x10008a60       0x28 CMakeFiles/rp2040project.dir/freertos/portable/ThirdParty/GCC/RP2040/port.c.o
 .text.vEventGroupSetBitsCallback
                0x10008a88       0x90 CMakeFiles/rp2040project.dir/freertos/event_groups.c.o
                0x10008a88                vEventGroupSetBitsCallback
 .text.xEventGroupCreate
                0x10008b18       0x18 CMakeFiles/rp2040project.dir/freertos/event_groups.c.o
                0x10008b18                xEventGroupCreate
 .text.xEventGroupWaitBits
                0x10008b30       0xb8 CMakeFiles/rp2040project.dir/freertos/event_groups.c.o
                0x10008b30                xEventGroupWaitBits
 .text.xEventGroupSetBits
                0x10008be8       0x9c CMakeFiles/rp2040project.dir/freertos/event_groups.c.o
                0x10008be8                xEventGroupSetBits
 .text.xEventGroupSetBitsFromISR
                0x10008c84       0x18 CMakeFiles/rp2040project.dir/freertos/event_groups.c.o
                0x10008c84                xEventGroupSetBitsFromISR
 .text.vListInitialise
                0x10008c9c       0x18 CMakeFiles/rp2040project.dir/freertos/list.c.o
                0x10008c9c                vListInitialise
 .text.vListInitialiseItem
                0x10008cb4        0x8 CMakeFiles/rp2040project.dir/freertos/list.c.o
                0x10008cb4                vListInitialiseItem
 .text.vListInsert
                0x10008cbc       0x30 CMakeFiles/rp2040project.dir/freertos/list.c.o
                0x10008cbc                vListInsert
 .text.uxListRemove
                0x10008cec       0x20 CMakeFiles/rp2040project.dir/freertos/list.c.o
                0x10008cec                uxListRemove
 .text.xQueueGenericCreate
                0x10008d0c       0x9c CMakeFiles/rp2040project.dir/freertos/queue.c.o
                0x10008d0c                xQueueGenericCreate
 .text.xQueueGenericSend
                0x10008da8      0x31c CMakeFiles/rp2040project.dir/freertos/queue.c.o
                0x10008da8                xQueueGenericSend
 .text.xQueueGenericSendFromISR
                0x100090c4      0x120 CMakeFiles/rp2040project.dir/freertos/queue.c.o
                0x100090c4                xQueueGenericSendFromISR
 .text.xQueueReceive
                0x100091e4      0x2b4 CMakeFiles/rp2040project.dir/freertos/queue.c.o
                0x100091e4                xQueueReceive
 .text.vQueueAddToRegistry
                0x10009498      0x168 CMakeFiles/rp2040project.dir/freertos/queue.c.o
                0x10009498                vQueueAddToRegistry
 .text.vQueueWaitForMessageRestricted
                0x10009600       0xd0 CMakeFiles/rp2040project.dir/freertos/queue.c.o
                0x10009600                vQueueWaitForMessageRestricted
 .text.prvAddNewTaskToReadyList
                0x100096d0      0x120 CMakeFiles/rp2040project.dir/freertos/tasks.c.o
 .text.prvAddCurrentTaskToDelayedList
                0x100097f0       0xc4 CMakeFiles/rp2040project.dir/freertos/tasks.c.o
 .text.prvCreateTask
                0x100098b4      0x184 CMakeFiles/rp2040project.dir/freertos/tasks.c.o
 .text.prvIdleTask
                0x10009a38       0x68 CMakeFiles/rp2040project.dir/freertos/tasks.c.o
 .text.xTaskIncrementTick.part.0
                0x10009aa0      0x194 CMakeFiles/rp2040project.dir/freertos/tasks.c.o
 .text.xTaskCreate
                0x10009c34       0x24 CMakeFiles/rp2040project.dir/freertos/tasks.c.o
                0x10009c34                xTaskCreate
 .text.vTaskStartScheduler
                0x10009c58       0x88 CMakeFiles/rp2040project.dir/freertos/tasks.c.o
                0x10009c58                vTaskStartScheduler
 .text.vTaskSuspendAll
                0x10009ce0       0x10 CMakeFiles/rp2040project.dir/freertos/tasks.c.o
                0x10009ce0                vTaskSuspendAll
 .text.xTaskResumeAll
                0x10009cf0      0x188 CMakeFiles/rp2040project.dir/freertos/tasks.c.o
                0x10009cf0                xTaskResumeAll
 .text.xTaskDelayUntil
                0x10009e78       0xb4 CMakeFiles/rp2040project.dir/freertos/tasks.c.o
                0x10009e78                xTaskDelayUntil
 .text.vTaskDelay
                0x10009f2c       0x88 CMakeFiles/rp2040project.dir/freertos/tasks.c.o
                0x10009f2c                vTaskDelay
 .text.xTaskGetTickCount
                0x10009fb4        0xc CMakeFiles/rp2040project.dir/freertos/tasks.c.o
                0x10009fb4                xTaskGetTickCount
 .text.uxTaskGetNumberOfTasks
                0x10009fc0        0xc CMakeFiles/rp2040project.dir/freertos/tasks.c.o
                0x10009fc0                uxTaskGetNumberOfTasks
 .text.xTaskIncrementTick
                0x10009fcc       0x24 CMakeFiles/rp2040project.dir/freertos/tasks.c.o
                0x10009fcc                xTaskIncrementTick
 .text.vTaskSwitchContext
                0x10009ff0       0x80 CMakeFiles/rp2040project.dir/freertos/tasks.c.o
                0x10009ff0                vTaskSwitchContext
 .text.vTaskPlaceOnEventList
                0x1000a070       0xa0 CMakeFiles/rp2040project.dir/freertos/tasks.c.o
                0x1000a070                vTaskPlaceOnEventList
 .text.vTaskPlaceOnUnorderedEventList
                0x1000a110       0xc4 CMakeFiles/rp2040project.dir/freertos/tasks.c.o
                0x1000a110                vTaskPlaceOnUnorderedEventList
 .text.vTaskPlaceOnEventListRestricted
                0x1000a1d4       0xf8 CMakeFiles/rp2040project.dir/freertos/tasks.c.o
                0x1000a1d4                vTaskPlaceOnEventListRestricted
 .text.xTaskRemoveFromEventList
                0x1000a2cc       0xcc CMakeFiles/rp2040project.dir/freertos/tasks.c.o
                0x1000a2cc                xTaskRemoveFromEventList
 .text.vTaskRemoveFromUnorderedEventList
                0x1000a398       0x94 CMakeFiles/rp2040project.dir/freertos/tasks.c.o
                0x1000a398                vTaskRemoveFromUnorderedEventList
 .text.vTaskInternalSetTimeOutState
                0x1000a42c       0x18 CMakeFiles/rp2040project.dir/freertos/tasks.c.o
                0x1000a42c                vTaskInternalSetTimeOutState
 .text.xTaskCheckForTimeOut
                0x1000a444       0x78 CMakeFiles/rp2040project.dir/freertos/tasks.c.o
                0x1000a444                xTaskCheckForTimeOut
 .text.vTaskMissedYield
                0x1000a4bc        0xc CMakeFiles/rp2040project.dir/freertos/tasks.c.o
                0x1000a4bc                vTaskMissedYield
 .text.xTaskGetCurrentTaskHandle
                0x1000a4c8        0xc CMakeFiles/rp2040project.dir/freertos/tasks.c.o
                0x1000a4c8                xTaskGetCurrentTaskHandle
 .text.uxTaskResetEventItemValue
                0x1000a4d4       0x18 CMakeFiles/rp2040project.dir/freertos/tasks.c.o
                0x1000a4d4                uxTaskResetEventItemValue
 .text.ulTaskGenericNotifyTake
                0x1000a4ec       0xb0 CMakeFiles/rp2040project.dir/freertos/tasks.c.o
                0x1000a4ec                ulTaskGenericNotifyTake
 .text.vTaskGenericNotifyGiveFromISR
                0x1000a59c       0xe0 CMakeFiles/rp2040project.dir/freertos/tasks.c.o
                0x1000a59c                vTaskGenericNotifyGiveFromISR
 .text.prvTimerTask
                0x1000a67c      0x39c CMakeFiles/rp2040project.dir/freertos/timers.c.o
 .text.xTimerCreateTimerTask
                0x1000aa18       0x8c CMakeFiles/rp2040project.dir/freertos/timers.c.o
                0x1000aa18                xTimerCreateTimerTask
 .text.xTimerPendFunctionCallFromISR
                0x1000aaa4       0x2c CMakeFiles/rp2040project.dir/freertos/timers.c.o
                0x1000aaa4                xTimerPendFunctionCallFromISR
 .text.exception_set_exclusive_handler
                0x1000aad0       0x48 CMakeFiles/rp2040project.dir/Users/elizabethgodsey/pico-sdk/src/rp2_common/hardware_exception/exception.c.o
                0x1000aad0                exception_set_exclusive_handler
 .text.pvPortMalloc
                0x1000ab18      0x124 CMakeFiles/rp2040project.dir/freertos/portable/MemMang/heap_4.c.o
                0x1000ab18                pvPortMalloc
 .text.vPortFree
                0x1000ac3c       0x98 CMakeFiles/rp2040project.dir/freertos/portable/MemMang/heap_4.c.o
                0x1000ac3c                vPortFree
 .text.i2c_read_blocking_internal.constprop.0
                0x1000acd4       0x98 CMakeFiles/rp2040project.dir/Users/elizabethgodsey/pico-sdk/src/rp2_common/hardware_i2c/i2c.c.o
 .text.i2c_write_blocking_internal.constprop.0
                0x1000ad6c       0xf8 CMakeFiles/rp2040project.dir/Users/elizabethgodsey/pico-sdk/src/rp2_common/hardware_i2c/i2c.c.o
 .text.i2c_set_baudrate
                0x1000ae64       0xc0 CMakeFiles/rp2040project.dir/Users/elizabethgodsey/pico-sdk/src/rp2_common/hardware_i2c/i2c.c.o
                0x1000ae64                i2c_set_baudrate
 .text.i2c_init
                0x1000af24       0x50 CMakeFiles/rp2040project.dir/Users/elizabethgodsey/pico-sdk/src/rp2_common/hardware_i2c/i2c.c.o
                0x1000af24                i2c_init
 .text.i2c_write_blocking
                0x1000af74       0x14 CMakeFiles/rp2040project.dir/Users/elizabethgodsey/pico-sdk/src/rp2_common/hardware_i2c/i2c.c.o
                0x1000af74                i2c_write_blocking
 .text.i2c_read_blocking
                0x1000af88       0x14 CMakeFiles/rp2040project.dir/Users/elizabethgodsey/pico-sdk/src/rp2_common/hardware_i2c/i2c.c.o
                0x1000af88                i2c_read_blocking
 .text.spi_init
                0x1000af9c      0x13c CMakeFiles/rp2040project.dir/Users/elizabethgodsey/pico-sdk/src/rp2_common/hardware_spi/spi.c.o
                0x1000af9c                spi_init
 .text.adc_init
                0x1000b0d8       0x38 CMakeFiles/rp2040project.dir/Users/elizabethgodsey/pico-sdk/src/rp2_common/hardware_adc/adc.c.o
                0x1000b0d8                adc_init
 .text.dma_claim_unused_channel
                0x1000b110       0x24 CMakeFiles/rp2040project.dir/Users/elizabethgodsey/pico-sdk/src/rp2_common/hardware_dma/dma.c.o
                0x1000b110                dma_claim_unused_channel
 .text.__malloc_lock
                0x1000b134       0x10 /Applications/ArmGNUToolchain/14.2.rel1/arm-none-eabi/bin/../lib/gcc/arm-none-eabi/14.2.1/../../../../arm-none-eabi/lib/thumb/v6-m/nofp/libg.a(libc_a-mlock.o)
                0x1000b134                __malloc_lock
 .text.__malloc_unlock
                0x1000b144       0x10 /Applications/ArmGNUToolchain/14.2.rel1/arm-none-eabi/bin/../lib/gcc/arm-none-eabi/14.2.1/../../../../arm-none-eabi/lib/thumb/v6-m/nofp/libg.a(libc_a-mlock.o)
                0x1000b144                __malloc_unlock
 .text._reclaim_reent
                0x1000b154       0x74 /Applications/ArmGNUToolchain/14.2.rel1/arm-none-eabi/bin/../lib/gcc/arm-none-eabi/14.2.1/../../../../arm-none-eabi/lib/thumb/v6-m/nofp/libg.a(libc_a-reent.o)
                0x1000b154                _reclaim_reent
 .text._sbrk_r  0x1000b1c8       0x24 /Applications/ArmGNUToolchain/14.2.rel1/arm-none-eabi/bin/../lib/gcc/arm-none-eabi/14.2.1/../../../../arm-none-eabi/lib/thumb/v6-m/nofp/libg.a(libc_a-sbrkr.o)
                0x1000b1c8                _sbrk_r
 .text.__errno  0x1000b1ec        0xc /Applications/ArmGNUToolchain/14.2.rel1/arm-none-eabi/bin/../lib/gcc/arm-none-eabi/14.2.1/../../../../arm-none-eabi/lib/thumb/v6-m/nofp/libg.a(libc_a-errno.o)
                0x1000b1ec                __errno
 .text.sysconf  0x1000b1f8       0x1c /Applications/ArmGNUToolchain/14.2.rel1/arm-none-eabi/bin/../lib/gcc/arm-none-eabi/14.2.1/../../../../arm-none-eabi/lib/thumb/v6-m/nofp/libg.a(libc_a-sysconf.o)
                0x1000b1f8                sysconf
 .text.__retarget_lock_acquire_recursive
                0x1000b214        0x4 /Applications/ArmGNUToolchain/14.2.rel1/arm-none-eabi/bin/../lib/gcc/arm-none-eabi/14.2.1/../../../../arm-none-eabi/lib/thumb/v6-m/nofp/libg.a(libc_a-lock.o)
                0x1000b214                __retarget_lock_acquire_recursive
 .text.__retarget_lock_release_recursive
                0x1000b218        0x4 /Applications/ArmGNUToolchain/14.2.rel1/arm-none-eabi/bin/../lib/gcc/arm-none-eabi/14.2.1/../../../../arm-none-eabi/lib/thumb/v6-m/nofp/libg.a(libc_a-lock.o)
                0x1000b218                __retarget_lock_release_recursive
 .text.strlen   0x1000b21c       0x5c /Applications/ArmGNUToolchain/14.2.rel1/arm-none-eabi/bin/../lib/gcc/arm-none-eabi/14.2.1/../../../../arm-none-eabi/lib/thumb/v6-m/nofp/libg.a(libc_a-strlen-stub.o)
                0x1000b21c                strlen
 .text._malloc_trim_r
                0x1000b278       0xb4 /Applications/ArmGNUToolchain/14.2.rel1/arm-none-eabi/bin/../lib/gcc/arm-none-eabi/14.2.1/../../../../arm-none-eabi/lib/thumb/v6-m/nofp/libg.a(libc_a-freer.o)
                0x1000b278                _malloc_trim_r
 .text._free_r  0x1000b32c      0x1f0 /Applications/ArmGNUToolchain/14.2.rel1/arm-none-eabi/bin/../lib/gcc/arm-none-eabi/14.2.1/../../../../arm-none-eabi/lib/thumb/v6-m/nofp/libg.a(libc_a-freer.o)
                0x1000b32c                _free_r
 *(.fini)
 .fini          0x1000b51c        0x4 /Applications/ArmGNUToolchain/14.2.rel1/arm-none-eabi/bin/../lib/gcc/arm-none-eabi/14.2.1/thumb/v6-m/nofp/crti.o
                0x1000b51c                _fini
 .fini.__stub   0x1000b520       0xd0 linker stubs
 *crtbegin.o(.ctors)
 *crtbegin?.o(.ctors)
 *(EXCLUDE_FILE(*crtend.o *crtend?.o) .ctors)
 *(SORT_BY_NAME(.ctors.*))
 *(.ctors)
 *crtbegin.o(.dtors)
 *crtbegin?.o(.dtors)
 *(EXCLUDE_FILE(*crtend.o *crtend?.o) .dtors)
 *(SORT_BY_NAME(.dtors.*))
 *(.dtors)
                0x1000b5f0                        . = ALIGN (0x4)
                0x1000b5f0                        PROVIDE (__preinit_array_start = .)
 *(SORT_BY_NAME(.preinit_array.*))
 .preinit_array.00100
                0x1000b5f0        0x4 CMakeFiles/rp2040project.dir/Users/elizabethgodsey/pico-sdk/src/rp2_common/pico_runtime_init/runtime_init.c.o
                0x1000b5f0                __pre_init_runtime_init_early_resets
 .preinit_array.00101
                0x1000b5f4        0x4 CMakeFiles/rp2040project.dir/Users/elizabethgodsey/pico-sdk/src/rp2_common/pico_runtime_init/runtime_init.c.o
                0x1000b5f4                __pre_init_runtime_init_usb_power_down
 .preinit_array.00275
                0x1000b5f8        0x4 CMakeFiles/rp2040project.dir/Users/elizabethgodsey/pico-sdk/src/rp2_common/pico_bit_ops/bit_ops_aeabi.S.o
 .preinit_array.00300
                0x1000b5fc        0x4 CMakeFiles/rp2040project.dir/Users/elizabethgodsey/pico-sdk/src/rp2_common/pico_mem_ops/mem_ops_aeabi.S.o
 .preinit_array.00350
                0x1000b600        0x4 CMakeFiles/rp2040project.dir/Users/elizabethgodsey/pico-sdk/src/rp2_common/pico_double/double_aeabi_rp2040.S.o
 .preinit_array.00350
                0x1000b604        0x4 CMakeFiles/rp2040project.dir/Users/elizabethgodsey/pico-sdk/src/rp2_common/pico_float/float_aeabi_rp2040.S.o
 .preinit_array.00500
                0x1000b608        0x4 CMakeFiles/rp2040project.dir/Users/elizabethgodsey/pico-sdk/src/rp2_common/pico_runtime_init/runtime_init.c.o
                0x1000b608                __pre_init_runtime_init_clocks
 .preinit_array.00600
                0x1000b60c        0x4 CMakeFiles/rp2040project.dir/Users/elizabethgodsey/pico-sdk/src/rp2_common/pico_runtime_init/runtime_init.c.o
                0x1000b60c                __pre_init_runtime_init_post_clock_resets
 .preinit_array.00700
                0x1000b610        0x4 CMakeFiles/rp2040project.dir/Users/elizabethgodsey/pico-sdk/src/rp2_common/pico_runtime_init/runtime_init.c.o
                0x1000b610                __pre_init_runtime_init_rp2040_gpio_ie_disable
 .preinit_array.01000
                0x1000b614        0x4 CMakeFiles/rp2040project.dir/Users/elizabethgodsey/pico-sdk/src/rp2_common/pico_runtime_init/runtime_init.c.o
                0x1000b614                __pre_init_runtime_init_spin_locks_reset
 .preinit_array.01100
                0x1000b618        0x4 CMakeFiles/rp2040project.dir/Users/elizabethgodsey/pico-sdk/src/common/pico_sync/mutex.c.o
                0x1000b618                __pre_init_runtime_init_mutex
 .preinit_array.10080
                0x1000b61c        0x4 CMakeFiles/rp2040project.dir/Users/elizabethgodsey/pico-sdk/src/rp2_common/pico_runtime_init/runtime_init.c.o
                0x1000b61c                __pre_init_runtime_init_install_ram_vector_table
 .preinit_array.11000
                0x1000b620        0x4 CMakeFiles/rp2040project.dir/Users/elizabethgodsey/pico-sdk/src/common/pico_time/time.c.o
                0x1000b620                __pre_init_runtime_init_default_alarm_pool
 .preinit_array.YYYYY
                0x1000b624        0x4 CMakeFiles/rp2040project.dir/Users/elizabethgodsey/pico-sdk/src/rp2_common/pico_runtime/runtime.c.o
                0x1000b624                __pre_init_first_per_core_initializer
 .preinit_array.ZZZZZ.01200
                0x1000b628        0x4 CMakeFiles/rp2040project.dir/Users/elizabethgodsey/pico-sdk/src/rp2_common/hardware_irq/irq.c.o
                0x1000b628                __pre_init_runtime_init_per_core_irq_priorities
 *(.preinit_array)
                0x1000b62c                        PROVIDE (__preinit_array_end = .)
                0x1000b62c                        . = ALIGN (0x4)
                0x1000b62c                        PROVIDE (__init_array_start = .)
 *(SORT_BY_NAME(.init_array.*))
 .init_array.01000
                0x1000b62c        0x4 CMakeFiles/rp2040project.dir/Users/elizabethgodsey/pico-sdk/src/rp2_common/pico_unique_id/unique_id.c.o
 *(.init_array)
 .init_array    0x1000b630        0x4 /Applications/ArmGNUToolchain/14.2.rel1/arm-none-eabi/bin/../lib/gcc/arm-none-eabi/14.2.1/thumb/v6-m/nofp/crtbegin.o
 .init_array    0x1000b634        0x4 CMakeFiles/rp2040project.dir/freertos/portable/ThirdParty/GCC/RP2040/port.c.o
                0x1000b638                        PROVIDE (__init_array_end = .)
                0x1000b638                        . = ALIGN (0x4)
                [!provide]                        PROVIDE (__fini_array_start = .)
 *(SORT_BY_NAME(.fini_array.*))
 *(.fini_array)
                [!provide]                        PROVIDE (__fini_array_end = .)
 *(.eh_frame*)
 .eh_frame      0x1000b638        0x0 /Applications/ArmGNUToolchain/14.2.rel1/arm-none-eabi/bin/../lib/gcc/arm-none-eabi/14.2.1/thumb/v6-m/nofp/crtbegin.o
                0x1000b638                        . = ALIGN (0x4)

.glue_7         0x1000b638        0x0
 .glue_7        0x1000b638        0x0 linker stubs

.glue_7t        0x1000b638        0x0
 .glue_7t       0x1000b638        0x0 linker stubs

.vfp11_veneer   0x1000b638        0x0
 .vfp11_veneer  0x1000b638        0x0 linker stubs

.v4_bx          0x1000b638        0x0
 .v4_bx         0x1000b638        0x0 linker stubs

.iplt           0x1000b638        0x0
 .iplt          0x1000b638        0x0 /Applications/ArmGNUToolchain/14.2.rel1/arm-none-eabi/bin/../lib/gcc/arm-none-eabi/14.2.1/thumb/v6-m/nofp/crtbegin.o

.rodata         0x1000b638     0x1408
 *(EXCLUDE_FILE(*libm.a: *libc.a:*lib_a-mem*.o *libgcc.a:) .rodata*)
 .rodata.ImuTask.str1.4
                0x1000b638      0x356 CMakeFiles/rp2040project.dir/src/main.c.o
                                  0xf (size before relaxing)
 .rodata.ImuDisplayandLoggingTask.str1.4
                0x1000b98e       0xb2 CMakeFiles/rp2040project.dir/src/main.c.o
 .rodata.AdcParseTask.str1.4
                0x1000b98e       0x31 CMakeFiles/rp2040project.dir/src/main.c.o
 .rodata.main.str1.4
                0x1000b98e       0x75 CMakeFiles/rp2040project.dir/src/main.c.o
 .rodata.IMU_data_exfil.str1.4
                0x1000b98e        0x6 CMakeFiles/rp2040project.dir/src/i2c.c.o
 .rodata.DEV_SET_PWM.str1.4
                0x1000b98e       0x14 CMakeFiles/rp2040project.dir/src/lib/RP2040-LCD-1.28/c/lib/Config/DEV_Config.c.o
 .rodata.DEV_Module_Init.str1.4
                0x1000b98e       0x15 CMakeFiles/rp2040project.dir/src/lib/RP2040-LCD-1.28/c/lib/Config/DEV_Config.c.o
 *fill*         0x1000b98e        0x2 
 .rodata.Font16_Table
                0x1000b990      0xbe0 CMakeFiles/rp2040project.dir/src/lib/RP2040-LCD-1.28/c/lib/Fonts/font16.c.o
                0x1000b990                Font16_Table
 .rodata.panic.str1.4
                0x1000c570       0x12 CMakeFiles/rp2040project.dir/Users/elizabethgodsey/pico-sdk/src/rp2_common/pico_platform_panic/panic.c.o
 .rodata.panic_unsupported.str1.4
                0x1000c570        0xe CMakeFiles/rp2040project.dir/Users/elizabethgodsey/pico-sdk/src/rp2_common/pico_platform_panic/panic.c.o
 .rodata.spin_lock_claim_unused.str1.4
                0x1000c570       0x1b CMakeFiles/rp2040project.dir/Users/elizabethgodsey/pico-sdk/src/rp2_common/hardware_sync/sync.c.o
 .rodata.user_irq_claim_unused.str1.4
                0x1000c570       0x1b CMakeFiles/rp2040project.dir/Users/elizabethgodsey/pico-sdk/src/rp2_common/hardware_irq/irq.c.o
 .rodata.timer_hardware_alarm_claim.str1.4
                0x1000c570       0x22 CMakeFiles/rp2040project.dir/Users/elizabethgodsey/pico-sdk/src/rp2_common/hardware_timer/timer.c.o
 .rodata.hard_assertion_failure.str1.4
                0x1000c570        0xc CMakeFiles/rp2040project.dir/Users/elizabethgodsey/pico-sdk/src/rp2_common/pico_runtime/runtime.c.o
 .rodata.str1.4
                0x1000c570       0x44 CMakeFiles/rp2040project.dir/Users/elizabethgodsey/pico-sdk/src/rp2_common/pico_standard_binary_info/standard_binary_info.c.o
 .rodata.__bi_84
                0x1000c570        0xc CMakeFiles/rp2040project.dir/Users/elizabethgodsey/pico-sdk/src/rp2_common/pico_standard_binary_info/standard_binary_info.c.o
 .rodata.__bi_78
                0x1000c57c        0xc CMakeFiles/rp2040project.dir/Users/elizabethgodsey/pico-sdk/src/rp2_common/pico_standard_binary_info/standard_binary_info.c.o
 .rodata.__bi_54
                0x1000c588        0xc CMakeFiles/rp2040project.dir/Users/elizabethgodsey/pico-sdk/src/rp2_common/pico_standard_binary_info/standard_binary_info.c.o
 .rodata.__bi_48
                0x1000c594        0xc CMakeFiles/rp2040project.dir/Users/elizabethgodsey/pico-sdk/src/rp2_common/pico_standard_binary_info/standard_binary_info.c.o
 .rodata.__bi_42
                0x1000c5a0        0xc CMakeFiles/rp2040project.dir/Users/elizabethgodsey/pico-sdk/src/rp2_common/pico_standard_binary_info/standard_binary_info.c.o
 .rodata.__bi_34
                0x1000c5ac        0xc CMakeFiles/rp2040project.dir/Users/elizabethgodsey/pico-sdk/src/rp2_common/pico_standard_binary_info/standard_binary_info.c.o
 .rodata.__bi_26
                0x1000c5b8        0xc CMakeFiles/rp2040project.dir/Users/elizabethgodsey/pico-sdk/src/rp2_common/pico_standard_binary_info/standard_binary_info.c.o
 .rodata._ftoa.str1.4
                0x1000c5c4       0x15 CMakeFiles/rp2040project.dir/Users/elizabethgodsey/pico-sdk/src/rp2_common/pico_printf/printf.c.o
 .rodata._vsnprintf
                0x1000c5c4      0x19c CMakeFiles/rp2040project.dir/Users/elizabethgodsey/pico-sdk/src/rp2_common/pico_printf/printf.c.o
 .rodata.pow10.0
                0x1000c760       0x50 CMakeFiles/rp2040project.dir/Users/elizabethgodsey/pico-sdk/src/rp2_common/pico_printf/printf.c.o
 .rodata.crlf_str.0
                0x1000c7b0        0x2 CMakeFiles/rp2040project.dir/Users/elizabethgodsey/pico-sdk/src/rp2_common/pico_stdio/stdio.c.o
 *fill*         0x1000c7b2        0x2 
 .rodata._resetd_driver
                0x1000c7b4       0x20 CMakeFiles/rp2040project.dir/Users/elizabethgodsey/pico-sdk/src/rp2_common/pico_stdio_usb/reset_interface.c.o
 .rodata.desc_ms_os_20
                0x1000c7d4       0xa6 CMakeFiles/rp2040project.dir/Users/elizabethgodsey/pico-sdk/src/rp2_common/pico_stdio_usb/reset_interface.c.o
 *fill*         0x1000c87a        0x2 
 .rodata.desc_bos
                0x1000c87c       0x21 CMakeFiles/rp2040project.dir/Users/elizabethgodsey/pico-sdk/src/rp2_common/pico_stdio_usb/reset_interface.c.o
                0x1000c87c                desc_bos
 .rodata.str1.4
                0x1000c89d       0x13 CMakeFiles/rp2040project.dir/Users/elizabethgodsey/pico-sdk/src/rp2_common/pico_stdio_usb/stdio_usb.c.o
 *fill*         0x1000c89d        0x3 
 .rodata.__bi_202.0
                0x1000c8a0        0xc CMakeFiles/rp2040project.dir/Users/elizabethgodsey/pico-sdk/src/rp2_common/pico_stdio_usb/stdio_usb.c.o
 .rodata.str1.4
                0x1000c8ac       0x2a CMakeFiles/rp2040project.dir/Users/elizabethgodsey/pico-sdk/src/rp2_common/pico_stdio_usb/stdio_usb_descriptors.c.o
 .rodata.usbd_desc_str
                0x1000c8ac       0x18 CMakeFiles/rp2040project.dir/Users/elizabethgodsey/pico-sdk/src/rp2_common/pico_stdio_usb/stdio_usb_descriptors.c.o
 .rodata.usbd_desc_cfg
                0x1000c8c4       0x54 CMakeFiles/rp2040project.dir/Users/elizabethgodsey/pico-sdk/src/rp2_common/pico_stdio_usb/stdio_usb_descriptors.c.o
 .rodata.usbd_desc_device
                0x1000c918       0x12 CMakeFiles/rp2040project.dir/Users/elizabethgodsey/pico-sdk/src/rp2_common/pico_stdio_usb/stdio_usb_descriptors.c.o
 .rodata.str1.4
                0x1000c92a       0x14 CMakeFiles/rp2040project.dir/Users/elizabethgodsey/pico-sdk/lib/tinyusb/src/portable/raspberrypi/rp2040/dcd_rp2040.c.o
 .rodata.str1.4
                0x1000c92a       0x48 CMakeFiles/rp2040project.dir/Users/elizabethgodsey/pico-sdk/lib/tinyusb/src/portable/raspberrypi/rp2040/rp2040_usb.c.o
 *fill*         0x1000c92a        0x2 
 .rodata.tud_task_ext
                0x1000c92c       0x8c CMakeFiles/rp2040project.dir/Users/elizabethgodsey/pico-sdk/lib/tinyusb/src/device/usbd.c.o
 .rodata        0x1000c9b8       0x1c CMakeFiles/rp2040project.dir/Users/elizabethgodsey/pico-sdk/lib/tinyusb/src/device/usbd.c.o
 .rodata._usbd_driver
                0x1000c9d4       0x40 CMakeFiles/rp2040project.dir/Users/elizabethgodsey/pico-sdk/lib/tinyusb/src/device/usbd.c.o
 .rodata.uxTopUsedPriority
                0x1000ca14        0x4 CMakeFiles/rp2040project.dir/freertos/tasks.c.o
 .rodata.prvTimerTask
                0x1000ca18       0x28 CMakeFiles/rp2040project.dir/freertos/timers.c.o
 .rodata.xTimerCreateTimerTask.str1.4
                0x1000ca40       0x10 CMakeFiles/rp2040project.dir/freertos/timers.c.o
 .rodata.dma_claim_unused_channel.str1.4
                0x1000ca40       0x1e CMakeFiles/rp2040project.dir/Users/elizabethgodsey/pico-sdk/src/rp2_common/hardware_dma/dma.c.o
                0x1000ca60                        . = ALIGN (0x4)
 *(SORT_BY_ALIGNMENT(SORT_BY_NAME(.flashdata*)))
                0x1000ca60                        . = ALIGN (0x4)

.ARM.extab
 *(.ARM.extab* .gnu.linkonce.armextab.*)
                0x1000ca40                        __exidx_start = .

.ARM.exidx
 *(.ARM.exidx* .gnu.linkonce.armexidx.*)
                0x1000ca40                        __exidx_end = .
                0x1000ca60                        . = ALIGN (0x4)
                0x1000ca40                        __binary_info_start = .

.binary_info    0x1000ca40       0x20
 *(.binary_info.keep.*)
 .binary_info.keep.__bi_ptr84
                0x1000ca40        0x4 CMakeFiles/rp2040project.dir/Users/elizabethgodsey/pico-sdk/src/rp2_common/pico_standard_binary_info/standard_binary_info.c.o
 .binary_info.keep.__bi_ptr78
                0x1000ca44        0x4 CMakeFiles/rp2040project.dir/Users/elizabethgodsey/pico-sdk/src/rp2_common/pico_standard_binary_info/standard_binary_info.c.o
 .binary_info.keep.__bi_ptr54
                0x1000ca48        0x4 CMakeFiles/rp2040project.dir/Users/elizabethgodsey/pico-sdk/src/rp2_common/pico_standard_binary_info/standard_binary_info.c.o
 .binary_info.keep.__bi_ptr48
                0x1000ca4c        0x4 CMakeFiles/rp2040project.dir/Users/elizabethgodsey/pico-sdk/src/rp2_common/pico_standard_binary_info/standard_binary_info.c.o
 .binary_info.keep.__bi_ptr42
                0x1000ca50        0x4 CMakeFiles/rp2040project.dir/Users/elizabethgodsey/pico-sdk/src/rp2_common/pico_standard_binary_info/standard_binary_info.c.o
 .binary_info.keep.__bi_ptr34
                0x1000ca54        0x4 CMakeFiles/rp2040project.dir/Users/elizabethgodsey/pico-sdk/src/rp2_common/pico_standard_binary_info/standard_binary_info.c.o
 .binary_info.keep.__bi_ptr26
                0x1000ca58        0x4 CMakeFiles/rp2040project.dir/Users/elizabethgodsey/pico-sdk/src/rp2_common/pico_standard_binary_info/standard_binary_info.c.o
 *(.binary_info.*)
 .binary_info.__bi_ptr202
                0x1000ca5c        0x4 CMakeFiles/rp2040project.dir/Users/elizabethgodsey/pico-sdk/src/rp2_common/pico_stdio_usb/stdio_usb.c.o
                0x1000ca60                        __binary_info_end = .
                0x1000ca60                        . = ALIGN (0x4)

.ram_vector_table
                0x20000000       0xc0
 *(.ram_vector_table)
 .ram_vector_table
                0x20000000       0xc0 CMakeFiles/rp2040project.dir/Users/elizabethgodsey/pico-sdk/src/rp2_common/pico_runtime_init/runtime_init.c.o
                0x20000000                ram_vector_table

.uninitialized_data
                0x200000c0        0x0
                0x200000c0                        . = ALIGN (0x4)
 *(.uninitialized_data*)

.data           0x200000c0     0x15d0 load address 0x1000ca60
                0x200000c0                        __data_start__ = .
 *(vtable)
 *(.time_critical*)
 .time_critical.mutex_try_enter
                0x200000c0       0x40 CMakeFiles/rp2040project.dir/Users/elizabethgodsey/pico-sdk/src/common/pico_sync/mutex.c.o
                0x200000c0                mutex_try_enter
 .time_critical.mutex_try_enter_block_until
                0x20000100       0xa0 CMakeFiles/rp2040project.dir/Users/elizabethgodsey/pico-sdk/src/common/pico_sync/mutex.c.o
                0x20000100                mutex_try_enter_block_until
 .time_critical.mutex_enter_timeout_ms
                0x200001a0       0x74 CMakeFiles/rp2040project.dir/Users/elizabethgodsey/pico-sdk/src/common/pico_sync/mutex.c.o
                0x200001a0                mutex_enter_timeout_ms
 .time_critical.mutex_exit
                0x20000214       0x20 CMakeFiles/rp2040project.dir/Users/elizabethgodsey/pico-sdk/src/common/pico_sync/mutex.c.o
                0x20000214                mutex_exit
 .time_critical.flash_init_boot2_copyout
                0x20000234       0x30 CMakeFiles/rp2040project.dir/Users/elizabethgodsey/pico-sdk/src/rp2_common/hardware_flash/flash.c.o
 .time_critical.flash_enable_xip_via_boot2
                0x20000264        0xc CMakeFiles/rp2040project.dir/Users/elizabethgodsey/pico-sdk/src/rp2_common/hardware_flash/flash.c.o
 .time_critical.flash_save_hardware_state
                0x20000270       0x20 CMakeFiles/rp2040project.dir/Users/elizabethgodsey/pico-sdk/src/rp2_common/hardware_flash/flash.c.o
 .time_critical.flash_restore_hardware_state
                0x20000290       0x20 CMakeFiles/rp2040project.dir/Users/elizabethgodsey/pico-sdk/src/rp2_common/hardware_flash/flash.c.o
 .time_critical.flash_cs_force
                0x200002b0       0x38 CMakeFiles/rp2040project.dir/Users/elizabethgodsey/pico-sdk/src/rp2_common/hardware_flash/flash.c.o
 .time_critical.flash_do_cmd
                0x200002e8      0x13c CMakeFiles/rp2040project.dir/Users/elizabethgodsey/pico-sdk/src/rp2_common/hardware_flash/flash.c.o