Archive member included to satisfy reference by file (symbol)

/Applications/ArmGNUToolchain/14.2.rel1/arm-none-eabi/bin/../lib/gcc/arm-none-eabi/14.2.1/thumb/v6-m/nofp/libgcc.a(_dvmd_tls.o)
                              CMakeFiles/rp2040project.dir/Users/elizabethgodsey/pico-sdk/src/rp2_common/pico_divider/divider_hardware.S.o (__aeabi_idiv0)
/Applications/ArmGNUToolchain/14.2.rel1/arm-none-eabi/bin/../lib/gcc/arm-none-eabi/14.2.1/../../../../arm-none-eabi/lib/thumb/v6-m/nofp/libg.a(libc_a-calloc.o)
                              CMakeFiles/rp2040project.dir/Users/elizabethgodsey/pico-sdk/src/rp2_common/pico_malloc/malloc.c.o (calloc)
/Applications/ArmGNUToolchain/14.2.rel1/arm-none-eabi/bin/../lib/gcc/arm-none-eabi/14.2.1/../../../../arm-none-eabi/lib/thumb/v6-m/nofp/libg.a(libc_a-callocr.o)
                              /Applications/ArmGNUToolchain/14.2.rel1/arm-none-eabi/bin/../lib/gcc/arm-none-eabi/14.2.1/../../../../arm-none-eabi/lib/thumb/v6-m/nofp/libg.a(libc_a-calloc.o) (_calloc_r)
/Applications/ArmGNUToolchain/14.2.rel1/arm-none-eabi/bin/../lib/gcc/arm-none-eabi/14.2.1/../../../../arm-none-eabi/lib/thumb/v6-m/nofp/libg.a(libc_a-malloc.o)
                              CMakeFiles/rp2040project.dir/Users/elizabethgodsey/pico-sdk/src/rp2_common/pico_malloc/malloc.c.o (malloc)
/Applications/ArmGNUToolchain/14.2.rel1/arm-none-eabi/bin/../lib/gcc/arm-none-eabi/14.2.1/../../../../arm-none-eabi/lib/thumb/v6-m/nofp/libg.a(libc_a-mallocr.o)
                              /Applications/ArmGNUToolchain/14.2.rel1/arm-none-eabi/bin/../lib/gcc/arm-none-eabi/14.2.1/../../../../arm-none-eabi/lib/thumb/v6-m/nofp/libg.a(libc_a-callocr.o) (_malloc_r)
/Applications/ArmGNUToolchain/14.2.rel1/arm-none-eabi/bin/../lib/gcc/arm-none-eabi/14.2.1/../../../../arm-none-eabi/lib/thumb/v6-m/nofp/libg.a(libc_a-mlock.o)
                              /Applications/ArmGNUToolchain/14.2.rel1/arm-none-eabi/bin/../lib/gcc/arm-none-eabi/14.2.1/../../../../arm-none-eabi/lib/thumb/v6-m/nofp/libg.a(libc_a-mallocr.o) (__malloc_lock)
/Applications/ArmGNUToolchain/14.2.rel1/arm-none-eabi/bin/../lib/gcc/arm-none-eabi/14.2.1/../../../../arm-none-eabi/lib/thumb/v6-m/nofp/libg.a(libc_a-realloc.o)
                              CMakeFiles/rp2040project.dir/Users/elizabethgodsey/pico-sdk/src/rp2_common/pico_malloc/malloc.c.o (realloc)
/Applications/ArmGNUToolchain/14.2.rel1/arm-none-eabi/bin/../lib/gcc/arm-none-eabi/14.2.1/../../../../arm-none-eabi/lib/thumb/v6-m/nofp/libg.a(libc_a-reallocr.o)
                              /Applications/ArmGNUToolchain/14.2.rel1/arm-none-eabi/bin/../lib/gcc/arm-none-eabi/14.2.1/../../../../arm-none-eabi/lib/thumb/v6-m/nofp/libg.a(libc_a-realloc.o) (_realloc_r)
/Applications/ArmGNUToolchain/14.2.rel1/arm-none-eabi/bin/../lib/gcc/arm-none-eabi/14.2.1/../../../../arm-none-eabi/lib/thumb/v6-m/nofp/libg.a(libc_a-findfp.o)
                              CMakeFiles/rp2040project.dir/freertos/tasks.c.o (__sf)
/Applications/ArmGNUToolchain/14.2.rel1/arm-none-eabi/bin/../lib/gcc/arm-none-eabi/14.2.1/../../../../arm-none-eabi/lib/thumb/v6-m/nofp/libg.a(libc_a-memcmp.o)
                              CMakeFiles/rp2040project.dir/Users/elizabethgodsey/pico-sdk/src/rp2_common/pico_atomic/atomic.c.o (memcmp)
/Applications/ArmGNUToolchain/14.2.rel1/arm-none-eabi/bin/../lib/gcc/arm-none-eabi/14.2.1/../../../../arm-none-eabi/lib/thumb/v6-m/nofp/libg.a(libc_a-memmove.o)
                              /Applications/ArmGNUToolchain/14.2.rel1/arm-none-eabi/bin/../lib/gcc/arm-none-eabi/14.2.1/../../../../arm-none-eabi/lib/thumb/v6-m/nofp/libg.a(libc_a-reallocr.o) (memmove)
/Applications/ArmGNUToolchain/14.2.rel1/arm-none-eabi/bin/../lib/gcc/arm-none-eabi/14.2.1/../../../../arm-none-eabi/lib/thumb/v6-m/nofp/libg.a(libc_a-lcltime_r.o)
                              CMakeFiles/rp2040project.dir/Users/elizabethgodsey/pico-sdk/src/common/pico_util/datetime.c.o (localtime_r)
/Applications/ArmGNUToolchain/14.2.rel1/arm-none-eabi/bin/../lib/gcc/arm-none-eabi/14.2.1/../../../../arm-none-eabi/lib/thumb/v6-m/nofp/libg.a(libc_a-mktime.o)
                              CMakeFiles/rp2040project.dir/Users/elizabethgodsey/pico-sdk/src/common/pico_util/datetime.c.o (mktime)
/Applications/ArmGNUToolchain/14.2.rel1/arm-none-eabi/bin/../lib/gcc/arm-none-eabi/14.2.1/../../../../arm-none-eabi/lib/thumb/v6-m/nofp/libg.a(libc_a-month_lengths.o)
                              /Applications/ArmGNUToolchain/14.2.rel1/arm-none-eabi/bin/../lib/gcc/arm-none-eabi/14.2.1/../../../../arm-none-eabi/lib/thumb/v6-m/nofp/libg.a(libc_a-lcltime_r.o) (__month_lengths)
/Applications/ArmGNUToolchain/14.2.rel1/arm-none-eabi/bin/../lib/gcc/arm-none-eabi/14.2.1/../../../../arm-none-eabi/lib/thumb/v6-m/nofp/libg.a(libc_a-tzcalc_limits.o)
                              /Applications/ArmGNUToolchain/14.2.rel1/arm-none-eabi/bin/../lib/gcc/arm-none-eabi/14.2.1/../../../../arm-none-eabi/lib/thumb/v6-m/nofp/libg.a(libc_a-lcltime_r.o) (__tzcalc_limits)
[...]
Memory Configuration

Name             Origin             Length             Attributes
FLASH            0x10000000         0x00200000         xr
RAM              0x20000000         0x00040000         xrw
SCRATCH_X        0x20040000         0x00001000         xrw
SCRATCH_Y        0x20041000         0x00001000         xrw
*default*        0x00000000         0xffffffff

Linker script and memory map

LOAD /Applications/ArmGNUToolchain/14.2.rel1/arm-none-eabi/bin/../lib/gcc/arm-none-eabi/14.2.1/thumb/v6-m/nofp/crti.o
LOAD /Applications/ArmGNUToolchain/14.2.rel1/arm-none-eabi/bin/../lib/gcc/arm-none-eabi/14.2.1/thumb/v6-m/nofp/crtbegin.o
LOAD /Applications/ArmGNUToolchain/14.2.rel1/arm-none-eabi/bin/../lib/gcc/arm-none-eabi/14.2.1/../../../../arm-none-eabi/lib/thumb/v6-m/nofp/crt0.o

.flash_begin    0x10000000        0x0
                0x10000000                        __flash_binary_start = .

.boot2          0x10000000      0x100
                0x10000000                        __boot2_start__ = .
 *(.boot2)
 .boot2         0x10000000      0x100 pico-sdk/src/rp2040/boot_stage2/CMakeFiles/bs2_default_library.dir/bs2_default_padded_checksummed.S.o
                0x10000100                        __boot2_end__ = .
                0x00000001                        ASSERT (((__boot2_end__ - __boot2_start__) == 0x100), ERROR: Pico second stage bootloader must be 256 bytes in size)

.text           0x10000100     0x291c
                0x10000100                        __logical_binary_start = .
 *(.vectors)
 .vectors       0x10000100       0xd4 CMakeFiles/rp2040project.dir/Users/elizabethgodsey/pico-sdk/src/rp2_common/pico_crt0/crt0.S.o
                0x10000100                __VECTOR_TABLE
                0x10000100                __vectors
                0x100001c0                isr_irq13
                0x100001c0                isr_irq27
                0x100001c0                isr_irq31
                0x100001c0                isr_irq5
                0x100001c0                isr_irq11
                0x100001c0                isr_irq23
                0x100001c0                isr_irq18
                0x100001c0                isr_irq28
                0x100001c0                isr_irq19
                0x100001c0                isr_irq0
                0x100001c0                isr_irq6
                0x100001c0                isr_irq9
                0x100001c0                __unhandled_user_irq
                0x100001c0                isr_irq29
                0x100001c0                isr_irq26
                0x100001c0                isr_irq3
                0x100001c0                isr_irq12
                0x100001c0                isr_irq30
                0x100001c0                isr_irq22
                0x100001c0                isr_irq17
                0x100001c0                isr_irq14
                0x100001c0                __vectors_end
                0x100001c0                __default_isrs_start
                0x100001c0                isr_irq2
                0x100001c0                isr_irq10
                0x100001c0                isr_irq8
                0x100001c0                isr_irq24
                0x100001c0                isr_irq1
                0x100001c0                isr_irq7
                0x100001c0                isr_irq21
                0x100001c0                isr_irq20
                0x100001c0                isr_irq15
                0x100001c0                isr_irq25
                0x100001c0                isr_irq4
                0x100001c0                isr_irq16
                0x100001c6                unhandled_user_irq_num_in_r0
                0x100001c8                isr_invalid
                0x100001ca                isr_nmi
                0x100001cc                isr_hardfault
                0x100001d4                __default_isrs_end
 *(.binary_info_header)
 .binary_info_header
                0x100001d4       0x14 CMakeFiles/rp2040project.dir/Users/elizabethgodsey/pico-sdk/src/rp2_common/pico_crt0/crt0.S.o
                0x100001e8                        __binary_info_header_end = .
 *(.embedded_block)
                0x100001e8                        __embedded_block_end = .
 *(.reset)
 .reset         0x100001e8       0x9c CMakeFiles/rp2040project.dir/Users/elizabethgodsey/pico-sdk/src/rp2_common/pico_crt0/crt0.S.o
                0x100001e8                _entry_point
 *(.init)
 .init          0x10000284        0x4 /Applications/ArmGNUToolchain/14.2.rel1/arm-none-eabi/bin/../lib/gcc/arm-none-eabi/14.2.1/thumb/v6-m/nofp/crti.o
                0x10000284                _init
 *(EXCLUDE_FILE(*libm.a: *libc.a:*lib_a-mem*.o *libgcc.a:) .text*)
 .text.register_tm_clones
                0x10000288       0x28 /Applications/ArmGNUToolchain/14.2.rel1/arm-none-eabi/bin/../lib/gcc/arm-none-eabi/14.2.1/thumb/v6-m/nofp/crtbegin.o
 .text.frame_dummy
                0x100002b0       0x24 /Applications/ArmGNUToolchain/14.2.rel1/arm-none-eabi/bin/../lib/gcc/arm-none-eabi/14.2.1/thumb/v6-m/nofp/crtbegin.o
 .text.startup.main
                0x100002d4       0x24 CMakeFiles/rp2040project.dir/src/main.c.o
                0x100002d4                main
 .text.panic    0x100002f8       0x30 CMakeFiles/rp2040project.dir/Users/elizabethgodsey/pico-sdk/src/rp2_common/pico_platform_panic/panic.c.o
                0x100002f8                panic
 .text.hw_claim_or_assert
                0x10000328       0x44 CMakeFiles/rp2040project.dir/Users/elizabethgodsey/pico-sdk/src/common/hardware_claim/claim.c.o
                0x10000328                hw_claim_or_assert
 .text.next_striped_spin_lock_num
                0x1000036c       0x18 CMakeFiles/rp2040project.dir/Users/elizabethgodsey/pico-sdk/src/rp2_common/hardware_sync/sync.c.o
                0x1000036c                next_striped_spin_lock_num
 .text.spin_locks_reset
                0x10000384       0x1c CMakeFiles/rp2040project.dir/Users/elizabethgodsey/pico-sdk/src/rp2_common/hardware_sync_spin_lock/sync_spin_lock.c.o
                0x10000384                spin_locks_reset
 .text.runtime_init_per_core_irq_priorities
                0x100003a0       0x24 CMakeFiles/rp2040project.dir/Users/elizabethgodsey/pico-sdk/src/rp2_common/hardware_irq/irq.c.o
                0x100003a0                runtime_init_per_core_irq_priorities
 .text.irq_set_enabled
                0x100003c4       0x24 CMakeFiles/rp2040project.dir/Users/elizabethgodsey/pico-sdk/src/rp2_common/hardware_irq/irq.c.o
                0x100003c4                irq_set_enabled
 .text.irq_set_exclusive_handler
                0x100003e8       0x54 CMakeFiles/rp2040project.dir/Users/elizabethgodsey/pico-sdk/src/rp2_common/hardware_irq/irq.c.o
                0x100003e8                irq_set_exclusive_handler
 .text.lock_init
                0x1000043c       0x10 CMakeFiles/rp2040project.dir/Users/elizabethgodsey/pico-sdk/src/common/pico_sync/lock_core.c.o
                0x1000043c                lock_init
 .text.runtime_init_mutex
                0x1000044c       0x54 CMakeFiles/rp2040project.dir/Users/elizabethgodsey/pico-sdk/src/common/pico_sync/mutex.c.o
                0x1000044c                runtime_init_mutex
 .text.alarm_pool_irq_handler
                0x100004a0      0x300 CMakeFiles/rp2040project.dir/Users/elizabethgodsey/pico-sdk/src/common/pico_time/time.c.o
 .text.sleep_until_callback
                0x100007a0       0x24 CMakeFiles/rp2040project.dir/Users/elizabethgodsey/pico-sdk/src/common/pico_time/time.c.o
 .text.runtime_init_default_alarm_pool
                0x100007c4       0xdc CMakeFiles/rp2040project.dir/Users/elizabethgodsey/pico-sdk/src/common/pico_time/time.c.o
                0x100007c4                runtime_init_default_alarm_pool
 .text.alarm_pool_add_alarm_at_force_in_context
                0x100008a0       0xb0 CMakeFiles/rp2040project.dir/Users/elizabethgodsey/pico-sdk/src/common/pico_time/time.c.o
                0x100008a0                alarm_pool_add_alarm_at_force_in_context
 .text.alarm_pool_cancel_alarm
                0x10000950       0x74 CMakeFiles/rp2040project.dir/Users/elizabethgodsey/pico-sdk/src/common/pico_time/time.c.o
                0x10000950                alarm_pool_cancel_alarm
 .text.sleep_ms
                0x100009c4       0xf8 CMakeFiles/rp2040project.dir/Users/elizabethgodsey/pico-sdk/src/common/pico_time/time.c.o
                0x100009c4                sleep_ms
 .text.best_effort_wfe_or_timeout
                0x10000abc      0x10c CMakeFiles/rp2040project.dir/Users/elizabethgodsey/pico-sdk/src/common/pico_time/time.c.o
                0x10000abc                best_effort_wfe_or_timeout
 .text.timer_hardware_alarm_claim
                0x10000bc8       0x14 CMakeFiles/rp2040project.dir/Users/elizabethgodsey/pico-sdk/src/rp2_common/hardware_timer/timer.c.o
                0x10000bc8                timer_hardware_alarm_claim
 .text.timer_time_us_64
                0x10000bdc       0x10 CMakeFiles/rp2040project.dir/Users/elizabethgodsey/pico-sdk/src/rp2_common/hardware_timer/timer.c.o
                0x10000bdc                timer_time_us_64
 .text.time_us_64
                0x10000bec       0x14 CMakeFiles/rp2040project.dir/Users/elizabethgodsey/pico-sdk/src/rp2_common/hardware_timer/timer.c.o
                0x10000bec                time_us_64
 .text.busy_wait_until
                0x10000c00       0x20 CMakeFiles/rp2040project.dir/Users/elizabethgodsey/pico-sdk/src/rp2_common/hardware_timer/timer.c.o
                0x10000c00                busy_wait_until
 .text.clock_configure_int_divider
                0x10000c20       0xf4 CMakeFiles/rp2040project.dir/Users/elizabethgodsey/pico-sdk/src/rp2_common/hardware_clocks/clocks.c.o
                0x10000c20                clock_configure_int_divider
 .text.clock_configure_undivided
                0x10000d14       0xe8 CMakeFiles/rp2040project.dir/Users/elizabethgodsey/pico-sdk/src/rp2_common/hardware_clocks/clocks.c.o
                0x10000d14                clock_configure_undivided
 .text.clock_get_hz
                0x10000dfc        0xc CMakeFiles/rp2040project.dir/Users/elizabethgodsey/pico-sdk/src/rp2_common/hardware_clocks/clocks.c.o
                0x10000dfc                clock_get_hz
 .text.pll_init
                0x10000e08       0xa4 CMakeFiles/rp2040project.dir/Users/elizabethgodsey/pico-sdk/src/rp2_common/hardware_pll/pll.c.o
                0x10000e08                pll_init
 .text.tick_start
                0x10000eac       0x10 CMakeFiles/rp2040project.dir/Users/elizabethgodsey/pico-sdk/src/rp2_common/hardware_ticks/ticks.c.o
                0x10000eac                tick_start
 .text.rom_func_lookup
                0x10000ebc       0x10 CMakeFiles/rp2040project.dir/Users/elizabethgodsey/pico-sdk/src/rp2_common/pico_bootrom/bootrom.c.o
                0x10000ebc                rom_func_lookup
 .text.rom_data_lookup
                0x10000ecc       0x10 CMakeFiles/rp2040project.dir/Users/elizabethgodsey/pico-sdk/src/rp2_common/pico_bootrom/bootrom.c.o
                0x10000ecc                rom_data_lookup
 .text.rom_funcs_lookup
                0x10000edc       0x44 CMakeFiles/rp2040project.dir/Users/elizabethgodsey/pico-sdk/src/rp2_common/pico_bootrom/bootrom.c.o
                0x10000edc                rom_funcs_lookup
 .text.xosc_init
                0x10000f20       0x28 CMakeFiles/rp2040project.dir/Users/elizabethgodsey/pico-sdk/src/rp2_common/hardware_xosc/xosc.c.o
                0x10000f20                xosc_init
 .text.first_per_core_initializer
                0x10000f48        0x4 CMakeFiles/rp2040project.dir/Users/elizabethgodsey/pico-sdk/src/rp2_common/pico_runtime/runtime.c.o
 .text.hard_assertion_failure
                0x10000f4c        0xc CMakeFiles/rp2040project.dir/Users/elizabethgodsey/pico-sdk/src/rp2_common/pico_runtime/runtime.c.o
                0x10000f4c                hard_assertion_failure
 .text.runtime_run_initializers
                0x10000f58       0x28 CMakeFiles/rp2040project.dir/Users/elizabethgodsey/pico-sdk/src/rp2_common/pico_runtime/runtime.c.o
                0x10000f58                runtime_run_initializers
 .text.runtime_init_early_resets
                0x10000f80       0x2c CMakeFiles/rp2040project.dir/Users/elizabethgodsey/pico-sdk/src/rp2_common/pico_runtime_init/runtime_init.c.o
                0x10000f80                runtime_init_early_resets
 .text.runtime_init_usb_power_down
                0x10000fac       0x1c CMakeFiles/rp2040project.dir/Users/elizabethgodsey/pico-sdk/src/rp2_common/pico_runtime_init/runtime_init.c.o
                0x10000fac                runtime_init_usb_power_down
 .text.runtime_init_post_clock_resets
                0x10000fc8       0x20 CMakeFiles/rp2040project.dir/Users/elizabethgodsey/pico-sdk/src/rp2_common/pico_runtime_init/runtime_init.c.o
                0x10000fc8                runtime_init_post_clock_resets
 .text.runtime_init_rp2040_gpio_ie_disable
                0x10000fe8       0x14 CMakeFiles/rp2040project.dir/Users/elizabethgodsey/pico-sdk/src/rp2_common/pico_runtime_init/runtime_init.c.o
                0x10000fe8                runtime_init_rp2040_gpio_ie_disable
 .text.runtime_init_spin_locks_reset
                0x10000ffc        0x8 CMakeFiles/rp2040project.dir/Users/elizabethgodsey/pico-sdk/src/rp2_common/pico_runtime_init/runtime_init.c.o
                0x10000ffc                runtime_init_spin_locks_reset
 .text.runtime_init_install_ram_vector_table
                0x10001004       0xb4 CMakeFiles/rp2040project.dir/Users/elizabethgodsey/pico-sdk/src/rp2_common/pico_runtime_init/runtime_init.c.o
                0x10001004                runtime_init_install_ram_vector_table
 .text.runtime_init_clocks
                0x100010b8       0xd8 CMakeFiles/rp2040project.dir/Users/elizabethgodsey/pico-sdk/src/rp2_common/pico_runtime_init/runtime_init_clocks.c.o
                0x100010b8                runtime_init_clocks
 .text          0x10001190       0x10 CMakeFiles/rp2040project.dir/Users/elizabethgodsey/pico-sdk/src/rp2_common/pico_bit_ops/bit_ops_aeabi.S.o
 .text.__wrap___aeabi_uidiv
                0x100011a0       0x4c CMakeFiles/rp2040project.dir/Users/elizabethgodsey/pico-sdk/src/rp2_common/pico_divider/divider_hardware.S.o
                0x100011a0                __wrap___aeabi_uidiv
                0x100011a0                __wrap___aeabi_uidivmod
                0x100011a0                div_u32u32
                0x100011a0                divmod_u32u32
                0x100011a8                divmod_u32u32_unsafe
                0x100011d0                divmod_u32u32_savestate
 .text.__wrap___aeabi_ldiv
                0x100011ec      0x424 CMakeFiles/rp2040project.dir/Users/elizabethgodsey/pico-sdk/src/rp2_common/pico_divider/divider_hardware.S.o
                0x100011ec                __wrap___aeabi_ldivmod
                0x100011ec                div_s64s64
                0x100011ec                divmod_s64s64
                0x1000121c                divmod_u64u64
                0x1000121c                div_u64u64
                0x1000121c                __wrap___aeabi_uldivmod
                0x1000122c                divmod_u64u64_savestate
                0x1000124c                divmod_s64s64_unsafe
                0x100012d4                divmod_u64u64_unsafe
 .text.__aeabi_double_init
                0x10001610       0xa4 CMakeFiles/rp2040project.dir/Users/elizabethgodsey/pico-sdk/src/rp2_common/pico_double/double_init_rom_rp2040.c.o
                0x10001610                __aeabi_double_init
 .text.double_table_shim_on_use_helper
                0x100016b4       0x2c CMakeFiles/rp2040project.dir/Users/elizabethgodsey/pico-sdk/src/rp2_common/pico_double/double_v1_rom_shim_rp2040.S.o
                0x100016b4                double_table_shim_on_use_helper
 .text.__aeabi_lmul
                0x100016e0       0x32 CMakeFiles/rp2040project.dir/Users/elizabethgodsey/pico-sdk/src/rp2_common/pico_int64_ops/pico_int64_ops_aeabi.S.o
                0x100016e0                __wrap___aeabi_lmul
 *fill*         0x10001712        0x2 
 .text.__aeabi_float_init
                0x10001714       0x64 CMakeFiles/rp2040project.dir/Users/elizabethgodsey/pico-sdk/src/rp2_common/pico_float/float_init_rom_rp2040.c.o
                0x10001714                __aeabi_float_init
 .text.float_table_shim_on_use_helper
                0x10001778       0x2c CMakeFiles/rp2040project.dir/Users/elizabethgodsey/pico-sdk/src/rp2_common/pico_float/float_v1_rom_shim_rp2040.S.o
                0x10001778                float_table_shim_on_use_helper
 .text          0x100017a4       0x10 CMakeFiles/rp2040project.dir/Users/elizabethgodsey/pico-sdk/src/rp2_common/pico_mem_ops/mem_ops_aeabi.S.o
                0x100017a4                __aeabi_mem_init
 .text.memcpy   0x100017b4        0xc CMakeFiles/rp2040project.dir/Users/elizabethgodsey/pico-sdk/src/rp2_common/pico_mem_ops/mem_ops_aeabi.S.o
                0x100017b4                __wrap___aeabi_memcpy
                0x100017b4                __wrap_memcpy
 .text._out_char
                0x100017c0       0x10 CMakeFiles/rp2040project.dir/Users/elizabethgodsey/pico-sdk/src/rp2_common/pico_printf/printf.c.o
 .text.weak_raw_vprintf
                0x100017d0       0x30 CMakeFiles/rp2040project.dir/Users/elizabethgodsey/pico-sdk/src/rp2_common/pico_printf/printf.c.o
                0x100017d0                weak_raw_vprintf
 .text._exit    0x10001800        0x4 CMakeFiles/rp2040project.dir/Users/elizabethgodsey/pico-sdk/src/rp2_common/pico_clib_interface/newlib_interface.c.o
                0x10001800                _exit
 .text.exit     0x10001804        0x8 CMakeFiles/rp2040project.dir/Users/elizabethgodsey/pico-sdk/src/rp2_common/pico_clib_interface/newlib_interface.c.o
                0x10001804                exit
 .text.runtime_init
                0x1000180c       0x2c CMakeFiles/rp2040project.dir/Users/elizabethgodsey/pico-sdk/src/rp2_common/pico_clib_interface/newlib_interface.c.o
                0x1000180c                runtime_init
 .text.stdio_out_chars_no_crlf
                0x10001838       0x10 CMakeFiles/rp2040project.dir/Users/elizabethgodsey/pico-sdk/src/rp2_common/pico_stdio/stdio.c.o
 .text.stdio_out_chars_crlf
                0x10001848       0xb0 CMakeFiles/rp2040project.dir/Users/elizabethgodsey/pico-sdk/src/rp2_common/pico_stdio/stdio.c.o
 .text.stdio_put_string
                0x100018f8       0xfc CMakeFiles/rp2040project.dir/Users/elizabethgodsey/pico-sdk/src/rp2_common/pico_stdio/stdio.c.o
                0x100018f8                stdio_put_string
 .text.stdio_init_all
                0x100019f4        0x4 CMakeFiles/rp2040project.dir/Users/elizabethgodsey/pico-sdk/src/rp2_common/pico_stdio/stdio.c.o
                0x100019f4                stdio_init_all
 .text.__wrap_putchar
                0x100019f8       0x94 CMakeFiles/rp2040project.dir/Users/elizabethgodsey/pico-sdk/src/rp2_common/pico_stdio/stdio.c.o
                0x100019f8                stdio_putchar
                0x100019f8                __wrap_putchar
 .text.__wrap_puts
                0x10001a8c       0x3c CMakeFiles/rp2040project.dir/Users/elizabethgodsey/pico-sdk/src/rp2_common/pico_stdio/stdio.c.o
                0x10001a8c                __wrap_puts
                0x10001a8c                stdio_puts
 *fill*         0x10001ac8        0x8 
 .text.isr_pendsv
                0x10001ad0       0x64 CMakeFiles/rp2040project.dir/freertos/portable/ThirdParty/GCC/RP2040/port.c.o
                0x10001ad0                isr_pendsv
 .text.isr_svcall
                0x10001b34        0x4 CMakeFiles/rp2040project.dir/freertos/portable/ThirdParty/GCC/RP2040/port.c.o
                0x10001b34                isr_svcall
 .text.vPortYield
                0x10001b38       0x18 CMakeFiles/rp2040project.dir/freertos/portable/ThirdParty/GCC/RP2040/port.c.o
                0x10001b38                vPortYield
 .text.vPortEnterCritical
                0x10001b50       0x18 CMakeFiles/rp2040project.dir/freertos/portable/ThirdParty/GCC/RP2040/port.c.o
                0x10001b50                vPortEnterCritical
 .text.vPortExitCritical
                0x10001b68       0x14 CMakeFiles/rp2040project.dir/freertos/portable/ThirdParty/GCC/RP2040/port.c.o
                0x10001b68                vPortExitCritical
 .text.ulSetInterruptMaskFromISR
                0x10001b7c        0x8 CMakeFiles/rp2040project.dir/freertos/portable/ThirdParty/GCC/RP2040/port.c.o
                0x10001b7c                ulSetInterruptMaskFromISR
 .text.vClearInterruptMaskFromISR
                0x10001b84        0x8 CMakeFiles/rp2040project.dir/freertos/portable/ThirdParty/GCC/RP2040/port.c.o
                0x10001b84                vClearInterruptMaskFromISR
 .text.isr_systick
                0x10001b8c       0x24 CMakeFiles/rp2040project.dir/freertos/portable/ThirdParty/GCC/RP2040/port.c.o
                0x10001b8c                isr_systick
 .text.ulPortLockGetCurrentOwnerId
                0x10001bb0       0x2c CMakeFiles/rp2040project.dir/freertos/portable/ThirdParty/GCC/RP2040/port.c.o
                0x10001bb0                ulPortLockGetCurrentOwnerId
 .text.vPortLockInternalSpinUnlockWithWait
                0x10001bdc       0x68 CMakeFiles/rp2040project.dir/freertos/portable/ThirdParty/GCC/RP2040/port.c.o
                0x10001bdc                vPortLockInternalSpinUnlockWithWait
 .text.vPortLockInternalSpinUnlockWithNotify
                0x10001c44       0xc8 CMakeFiles/rp2040project.dir/freertos/portable/ThirdParty/GCC/RP2040/port.c.o
                0x10001c44                vPortLockInternalSpinUnlockWithNotify
 .text.xPortLockInternalSpinUnlockWithBestEffortWaitOrTimeout
                0x10001d0c       0xf4 CMakeFiles/rp2040project.dir/freertos/portable/ThirdParty/GCC/RP2040/port.c.o
                0x10001d0c                xPortLockInternalSpinUnlockWithBestEffortWaitOrTimeout
 .text.startup.prvRuntimeInitializer
                0x10001e00       0x28 CMakeFiles/rp2040project.dir/freertos/portable/ThirdParty/GCC/RP2040/port.c.o
 .text.vEventGroupSetBitsCallback
                0x10001e28       0x90 CMakeFiles/rp2040project.dir/freertos/event_groups.c.o
                0x10001e28                vEventGroupSetBitsCallback
 .text.xEventGroupCreate
                0x10001eb8       0x18 CMakeFiles/rp2040project.dir/freertos/event_groups.c.o
                0x10001eb8                xEventGroupCreate
 .text.xEventGroupWaitBits
                0x10001ed0       0xb8 CMakeFiles/rp2040project.dir/freertos/event_groups.c.o
                0x10001ed0                xEventGroupWaitBits
 .text.xEventGroupSetBits
                0x10001f88       0x9c CMakeFiles/rp2040project.dir/freertos/event_groups.c.o
                0x10001f88                xEventGroupSetBits
 .text.xEventGroupSetBitsFromISR
                0x10002024       0x18 CMakeFiles/rp2040project.dir/freertos/event_groups.c.o
                0x10002024                xEventGroupSetBitsFromISR
 .text.vListInitialise
                0x1000203c       0x18 CMakeFiles/rp2040project.dir/freertos/list.c.o
                0x1000203c                vListInitialise
 .text.vListInsert
                0x10002054       0x30 CMakeFiles/rp2040project.dir/freertos/list.c.o
                0x10002054                vListInsert
 .text.uxListRemove
                0x10002084       0x20 CMakeFiles/rp2040project.dir/freertos/list.c.o
                0x10002084                uxListRemove
 .text.xQueueGenericSendFromISR
                0x100020a4      0x120 CMakeFiles/rp2040project.dir/freertos/queue.c.o
                0x100020a4                xQueueGenericSendFromISR
 .text.xTaskIncrementTick.part.0
                0x100021c4      0x194 CMakeFiles/rp2040project.dir/freertos/tasks.c.o
 .text.vTaskSuspendAll
                0x10002358       0x10 CMakeFiles/rp2040project.dir/freertos/tasks.c.o
                0x10002358                vTaskSuspendAll
 .text.xTaskResumeAll
                0x10002368      0x188 CMakeFiles/rp2040project.dir/freertos/tasks.c.o
                0x10002368                xTaskResumeAll
 .text.uxTaskGetNumberOfTasks
                0x100024f0        0xc CMakeFiles/rp2040project.dir/freertos/tasks.c.o
                0x100024f0                uxTaskGetNumberOfTasks
 .text.xTaskIncrementTick
                0x100024fc       0x24 CMakeFiles/rp2040project.dir/freertos/tasks.c.o
                0x100024fc                xTaskIncrementTick
 .text.vTaskSwitchContext
                0x10002520       0x80 CMakeFiles/rp2040project.dir/freertos/tasks.c.o
                0x10002520                vTaskSwitchContext
 .text.vTaskPlaceOnUnorderedEventList
                0x100025a0       0xc4 CMakeFiles/rp2040project.dir/freertos/tasks.c.o
                0x100025a0                vTaskPlaceOnUnorderedEventList
 .text.xTaskRemoveFromEventList
                0x10002664       0xcc CMakeFiles/rp2040project.dir/freertos/tasks.c.o
                0x10002664                xTaskRemoveFromEventList
 .text.vTaskRemoveFromUnorderedEventList
                0x10002730       0x94 CMakeFiles/rp2040project.dir/freertos/tasks.c.o
                0x10002730                vTaskRemoveFromUnorderedEventList
 .text.xTaskGetCurrentTaskHandle
                0x100027c4        0xc CMakeFiles/rp2040project.dir/freertos/tasks.c.o
                0x100027c4                xTaskGetCurrentTaskHandle
 .text.uxTaskResetEventItemValue
                0x100027d0       0x18 CMakeFiles/rp2040project.dir/freertos/tasks.c.o
                0x100027d0                uxTaskResetEventItemValue
 .text.xTimerPendFunctionCallFromISR
                0x100027e8       0x2c CMakeFiles/rp2040project.dir/freertos/timers.c.o
                0x100027e8                xTimerPendFunctionCallFromISR
 .text.pvPortMalloc
                0x10002814      0x124 CMakeFiles/rp2040project.dir/freertos/portable/MemMang/heap_4.c.o
                0x10002814                pvPortMalloc
 .text.strlen   0x10002938       0x5c /Applications/ArmGNUToolchain/14.2.rel1/arm-none-eabi/bin/../lib/gcc/arm-none-eabi/14.2.1/../../../../arm-none-eabi/lib/thumb/v6-m/nofp/libg.a(libc_a-strlen-stub.o)
                0x10002938                strlen
 *(.fini)
 .fini          0x10002994        0x4 /Applications/ArmGNUToolchain/14.2.rel1/arm-none-eabi/bin/../lib/gcc/arm-none-eabi/14.2.1/thumb/v6-m/nofp/crti.o
                0x10002994                _fini
 .fini.__stub   0x10002998       0x40 linker stubs
 *crtbegin.o(.ctors)
 *crtbegin?.o(.ctors)
 *(EXCLUDE_FILE(*crtend.o *crtend?.o) .ctors)
 *(SORT_BY_NAME(.ctors.*))
 *(.ctors)
 *crtbegin.o(.dtors)
 *crtbegin?.o(.dtors)
 *(EXCLUDE_FILE(*crtend.o *crtend?.o) .dtors)
 *(SORT_BY_NAME(.dtors.*))
 *(.dtors)
                0x100029d8                        . = ALIGN (0x4)
                0x100029d8                        PROVIDE (__preinit_array_start = .)
 *(SORT_BY_NAME(.preinit_array.*))
 .preinit_array.00100
                0x100029d8        0x4 CMakeFiles/rp2040project.dir/Users/elizabethgodsey/pico-sdk/src/rp2_common/pico_runtime_init/runtime_init.c.o
                0x100029d8                __pre_init_runtime_init_early_resets
 .preinit_array.00101
                0x100029dc        0x4 CMakeFiles/rp2040project.dir/Users/elizabethgodsey/pico-sdk/src/rp2_common/pico_runtime_init/runtime_init.c.o
                0x100029dc                __pre_init_runtime_init_usb_power_down
 .preinit_array.00275
                0x100029e0        0x4 CMakeFiles/rp2040project.dir/Users/elizabethgodsey/pico-sdk/src/rp2_common/pico_bit_ops/bit_ops_aeabi.S.o
 .preinit_array.00300
                0x100029e4        0x4 CMakeFiles/rp2040project.dir/Users/elizabethgodsey/pico-sdk/src/rp2_common/pico_mem_ops/mem_ops_aeabi.S.o
 .preinit_array.00350
                0x100029e8        0x4 CMakeFiles/rp2040project.dir/Users/elizabethgodsey/pico-sdk/src/rp2_common/pico_double/double_aeabi_rp2040.S.o
 .preinit_array.00350
                0x100029ec        0x4 CMakeFiles/rp2040project.dir/Users/elizabethgodsey/pico-sdk/src/rp2_common/pico_float/float_aeabi_rp2040.S.o
 .preinit_array.00500
                0x100029f0        0x4 CMakeFiles/rp2040project.dir/Users/elizabethgodsey/pico-sdk/src/rp2_common/pico_runtime_init/runtime_init.c.o
                0x100029f0                __pre_init_runtime_init_clocks
 .preinit_array.00600
                0x100029f4        0x4 CMakeFiles/rp2040project.dir/Users/elizabethgodsey/pico-sdk/src/rp2_common/pico_runtime_init/runtime_init.c.o
                0x100029f4                __pre_init_runtime_init_post_clock_resets
 .preinit_array.00700
                0x100029f8        0x4 CMakeFiles/rp2040project.dir/Users/elizabethgodsey/pico-sdk/src/rp2_common/pico_runtime_init/runtime_init.c.o
                0x100029f8                __pre_init_runtime_init_rp2040_gpio_ie_disable
 .preinit_array.01000
                0x100029fc        0x4 CMakeFiles/rp2040project.dir/Users/elizabethgodsey/pico-sdk/src/rp2_common/pico_runtime_init/runtime_init.c.o
                0x100029fc                __pre_init_runtime_init_spin_locks_reset
 .preinit_array.01100
                0x10002a00        0x4 CMakeFiles/rp2040project.dir/Users/elizabethgodsey/pico-sdk/src/common/pico_sync/mutex.c.o
                0x10002a00                __pre_init_runtime_init_mutex
 .preinit_array.10080
                0x10002a04        0x4 CMakeFiles/rp2040project.dir/Users/elizabethgodsey/pico-sdk/src/rp2_common/pico_runtime_init/runtime_init.c.o
                0x10002a04                __pre_init_runtime_init_install_ram_vector_table
 .preinit_array.11000
                0x10002a08        0x4 CMakeFiles/rp2040project.dir/Users/elizabethgodsey/pico-sdk/src/common/pico_time/time.c.o
                0x10002a08                __pre_init_runtime_init_default_alarm_pool
 .preinit_array.YYYYY
                0x10002a0c        0x4 CMakeFiles/rp2040project.dir/Users/elizabethgodsey/pico-sdk/src/rp2_common/pico_runtime/runtime.c.o
                0x10002a0c                __pre_init_first_per_core_initializer
 .preinit_array.ZZZZZ.01200
                0x10002a10        0x4 CMakeFiles/rp2040project.dir/Users/elizabethgodsey/pico-sdk/src/rp2_common/hardware_irq/irq.c.o
                0x10002a10                __pre_init_runtime_init_per_core_irq_priorities
 *(.preinit_array)
                0x10002a14                        PROVIDE (__preinit_array_end = .)
                0x10002a14                        . = ALIGN (0x4)
                0x10002a14                        PROVIDE (__init_array_start = .)
 *(SORT_BY_NAME(.init_array.*))
 *(.init_array)
 .init_array    0x10002a14        0x4 /Applications/ArmGNUToolchain/14.2.rel1/arm-none-eabi/bin/../lib/gcc/arm-none-eabi/14.2.1/thumb/v6-m/nofp/crtbegin.o
 .init_array    0x10002a18        0x4 CMakeFiles/rp2040project.dir/freertos/portable/ThirdParty/GCC/RP2040/port.c.o
                0x10002a1c                        PROVIDE (__init_array_end = .)
                0x10002a1c                        . = ALIGN (0x4)
                [!provide]                        PROVIDE (__fini_array_start = .)
 *(SORT_BY_NAME(.fini_array.*))
 *(.fini_array)
                [!provide]                        PROVIDE (__fini_array_end = .)
 *(.eh_frame*)
 .eh_frame      0x10002a1c        0x0 /Applications/ArmGNUToolchain/14.2.rel1/arm-none-eabi/bin/../lib/gcc/arm-none-eabi/14.2.1/thumb/v6-m/nofp/crtbegin.o
                0x10002a1c                        . = ALIGN (0x4)

.glue_7         0x10002a1c        0x0
 .glue_7        0x10002a1c        0x0 linker stubs

.glue_7t        0x10002a1c        0x0
 .glue_7t       0x10002a1c        0x0 linker stubs

.vfp11_veneer   0x10002a1c        0x0
 .vfp11_veneer  0x10002a1c        0x0 linker stubs

.v4_bx          0x10002a1c        0x0
 .v4_bx         0x10002a1c        0x0 linker stubs

.iplt           0x10002a1c        0x0
 .iplt          0x10002a1c        0x0 /Applications/ArmGNUToolchain/14.2.rel1/arm-none-eabi/bin/../lib/gcc/arm-none-eabi/14.2.1/thumb/v6-m/nofp/crtbegin.o

.rodata         0x10002a1c       0xe8
 *(EXCLUDE_FILE(*libm.a: *libc.a:*lib_a-mem*.o *libgcc.a:) .rodata*)
 .rodata.main.str1.4
                0x10002a1c       0x90 CMakeFiles/rp2040project.dir/src/main.c.o
                                  0x6 (size before relaxing)
 .rodata.panic.str1.4
                0x10002aac       0x12 CMakeFiles/rp2040project.dir/Users/elizabethgodsey/pico-sdk/src/rp2_common/pico_platform_panic/panic.c.o
 .rodata.timer_hardware_alarm_claim.str1.4
                0x10002aac       0x22 CMakeFiles/rp2040project.dir/Users/elizabethgodsey/pico-sdk/src/rp2_common/hardware_timer/timer.c.o
 .rodata.hard_assertion_failure.str1.4
                0x10002aac        0xc CMakeFiles/rp2040project.dir/Users/elizabethgodsey/pico-sdk/src/rp2_common/pico_runtime/runtime.c.o
 .rodata.str1.4
                0x10002aac       0x44 CMakeFiles/rp2040project.dir/Users/elizabethgodsey/pico-sdk/src/rp2_common/pico_standard_binary_info/standard_binary_info.c.o
 .rodata.__bi_84
                0x10002aac        0xc CMakeFiles/rp2040project.dir/Users/elizabethgodsey/pico-sdk/src/rp2_common/pico_standard_binary_info/standard_binary_info.c.o
 .rodata.__bi_78
                0x10002ab8        0xc CMakeFiles/rp2040project.dir/Users/elizabethgodsey/pico-sdk/src/rp2_common/pico_standard_binary_info/standard_binary_info.c.o
 .rodata.__bi_54
                0x10002ac4        0xc CMakeFiles/rp2040project.dir/Users/elizabethgodsey/pico-sdk/src/rp2_common/pico_standard_binary_info/standard_binary_info.c.o
 .rodata.__bi_48
                0x10002ad0        0xc CMakeFiles/rp2040project.dir/Users/elizabethgodsey/pico-sdk/src/rp2_common/pico_standard_binary_info/standard_binary_info.c.o
 .rodata.__bi_42
                0x10002adc        0xc CMakeFiles/rp2040project.dir/Users/elizabethgodsey/pico-sdk/src/rp2_common/pico_standard_binary_info/standard_binary_info.c.o
 .rodata.__bi_34
                0x10002ae8        0xc CMakeFiles/rp2040project.dir/Users/elizabethgodsey/pico-sdk/src/rp2_common/pico_standard_binary_info/standard_binary_info.c.o
 .rodata.__bi_26
                0x10002af4        0xc CMakeFiles/rp2040project.dir/Users/elizabethgodsey/pico-sdk/src/rp2_common/pico_standard_binary_info/standard_binary_info.c.o
 .rodata.crlf_str.0
                0x10002b00        0x2 CMakeFiles/rp2040project.dir/Users/elizabethgodsey/pico-sdk/src/rp2_common/pico_stdio/stdio.c.o
                0x10002b04                        . = ALIGN (0x4)
 *fill*         0x10002b02        0x2 
 *(SORT_BY_ALIGNMENT(SORT_BY_NAME(.flashdata*)))
                0x10002b04                        . = ALIGN (0x4)

.ARM.extab
 *(.ARM.extab* .gnu.linkonce.armextab.*)
                0x10002b04                        __exidx_start = .

.ARM.exidx
 *(.ARM.exidx* .gnu.linkonce.armexidx.*)
                0x10002b04                        __exidx_end = .
                0x10002b04                        . = ALIGN (0x4)
                0x10002b04                        __binary_info_start = .

.binary_info    0x10002b04       0x1c
 *(.binary_info.keep.*)
 .binary_info.keep.__bi_ptr84
                0x10002b04        0x4 CMakeFiles/rp2040project.dir/Users/elizabethgodsey/pico-sdk/src/rp2_common/pico_standard_binary_info/standard_binary_info.c.o
 .binary_info.keep.__bi_ptr78
                0x10002b08        0x4 CMakeFiles/rp2040project.dir/Users/elizabethgodsey/pico-sdk/src/rp2_common/pico_standard_binary_info/standard_binary_info.c.o
 .binary_info.keep.__bi_ptr54
                0x10002b0c        0x4 CMakeFiles/rp2040project.dir/Users/elizabethgodsey/pico-sdk/src/rp2_common/pico_standard_binary_info/standard_binary_info.c.o
 .binary_info.keep.__bi_ptr48
                0x10002b10        0x4 CMakeFiles/rp2040project.dir/Users/elizabethgodsey/pico-sdk/src/rp2_common/pico_standard_binary_info/standard_binary_info.c.o
 .binary_info.keep.__bi_ptr42
                0x10002b14        0x4 CMakeFiles/rp2040project.dir/Users/elizabethgodsey/pico-sdk/src/rp2_common/pico_standard_binary_info/standard_binary_info.c.o
 .binary_info.keep.__bi_ptr34
                0x10002b18        0x4 CMakeFiles/rp2040project.dir/Users/elizabethgodsey/pico-sdk/src/rp2_common/pico_standard_binary_info/standard_binary_info.c.o
 .binary_info.keep.__bi_ptr26
                0x10002b1c        0x4 CMakeFiles/rp2040project.dir/Users/elizabethgodsey/pico-sdk/src/rp2_common/pico_standard_binary_info/standard_binary_info.c.o
 *(.binary_info.*)
                0x10002b20                        __binary_info_end = .
                0x10002b20                        . = ALIGN (0x4)

.ram_vector_table
                0x20000000       0xc0
 *(.ram_vector_table)
 .ram_vector_table
                0x20000000       0xc0 CMakeFiles/rp2040project.dir/Users/elizabethgodsey/pico-sdk/src/rp2_common/pico_runtime_init/runtime_init.c.o
                0x20000000                ram_vector_table

.uninitialized_data
                0x200000c0        0x0
                0x200000c0                        . = ALIGN (0x4)
 *(.uninitialized_data*)

.data           0x200000c0      0x298 load address 0x10002b20
                0x200000c0                        __data_start__ = .
 *(vtable)
 *(.time_critical*)
 .time_critical.mutex_try_enter_block_until
                0x200000c0       0xa0 CMakeFiles/rp2040project.dir/Users/elizabethgodsey/pico-sdk/src/common/pico_sync/mutex.c.o
                0x200000c0                mutex_try_enter_block_until
 .time_critical.mutex_exit
                0x20000160       0x20 CMakeFiles/rp2040project.dir/Users/elizabethgodsey/pico-sdk/src/common/pico_sync/mutex.c.o
                0x20000160                mutex_exit
 *(.text*)
 .text          0x20000180        0x4 /Applications/ArmGNUToolchain/14.2.rel1/arm-none-eabi/bin/../lib/gcc/arm-none-eabi/14.2.1/thumb/v6-m/nofp/libgcc.a(_dvmd_tls.o)
                0x20000180                __aeabi_ldiv0
                0x20000180                __aeabi_idiv0
 *fill*         0x20000184        0x4 
 .text.__stub   0x20000188       0x30 linker stubs
                0x200001b8                        . = ALIGN (0x4)
 *(.rodata*)
                0x200001b8                        . = ALIGN (0x4)
 *(.data*)
 .data.striped_spin_lock_num
                0x200001b8        0x1 CMakeFiles/rp2040project.dir/Users/elizabethgodsey/pico-sdk/src/rp2_common/hardware_sync/sync.c.o
 *fill*         0x200001b9        0x3 
 .data.default_alarm_pool
                0x200001bc       0x18 CMakeFiles/rp2040project.dir/Users/elizabethgodsey/pico-sdk/src/common/pico_time/time.c.o
 *fill*         0x200001d4        0xc 
 .data.aeabi_bits_funcs
                0x200001e0       0x10 CMakeFiles/rp2040project.dir/Users/elizabethgodsey/pico-sdk/src/rp2_common/pico_bit_ops/bit_ops_aeabi.S.o
                0x200001e0                aeabi_bits_funcs
                0x200001f0                aeabi_bits_funcs_end
 .data.aeabi_mem_funcs
                0x200001f0       0x10 CMakeFiles/rp2040project.dir/Users/elizabethgodsey/pico-sdk/src/rp2_common/pico_mem_ops/mem_ops_aeabi.S.o
                0x200001f0                aeabi_mem_funcs
                0x20000200                aeabi_mem_funcs_end
 .data.ucPrimaryCoreNum
                0x20000200        0x1 CMakeFiles/rp2040project.dir/freertos/portable/ThirdParty/GCC/RP2040/port.c.o
 *fill*         0x20000201        0x3 
 .data._impure_ptr
                0x20000204        0x4 /Applications/ArmGNUToolchain/14.2.rel1/arm-none-eabi/bin/../lib/gcc/arm-none-eabi/14.2.1/../../../../arm-none-eabi/lib/thumb/v6-m/nofp/libg.a(libc_a-impure.o)
                0x20000204                _impure_ptr
 .data._impure_data
                0x20000208      0x140 /Applications/ArmGNUToolchain/14.2.rel1/arm-none-eabi/bin/../lib/gcc/arm-none-eabi/14.2.1/../../../../arm-none-eabi/lib/thumb/v6-m/nofp/libg.a(libc_a-impure.o)
                0x20000208                _impure_data
                0x20000348                        . = ALIGN (0x4)
 *(.after_data.*)
                0x20000348                        . = ALIGN (0x4)
                0x20000348                        PROVIDE (__mutex_array_start = .)
 *(SORT_BY_NAME(.mutex_array.*))
 *(.mutex_array)
 .mutex_array   0x20000348        0x8 CMakeFiles/rp2040project.dir/Users/elizabethgodsey/pico-sdk/src/rp2_common/pico_malloc/malloc.c.o
 .mutex_array   0x20000350        0x8 CMakeFiles/rp2040project.dir/Users/elizabethgodsey/pico-sdk/src/rp2_common/pico_stdio/stdio.c.o
                0x20000358                        PROVIDE (__mutex_array_end = .)
                0x20000358                        . = ALIGN (0x4)
 *(.jcr)
                0x20000358                        . = ALIGN (0x4)

.tm_clone_table
                0x20000358        0x0 load address 0x10002db8
 .tm_clone_table
                0x20000358        0x0 /Applications/ArmGNUToolchain/14.2.rel1/arm-none-eabi/bin/../lib/gcc/arm-none-eabi/14.2.1/thumb/v6-m/nofp/crtbegin.o
 .tm_clone_table
                0x20000358        0x0 /Applications/ArmGNUToolchain/14.2.rel1/arm-none-eabi/bin/../lib/gcc/arm-none-eabi/14.2.1/thumb/v6-m/nofp/crtend.o

.igot.plt       0x20000358        0x0 load address 0x10002db8
 .igot.plt      0x20000358        0x0 /Applications/ArmGNUToolchain/14.2.rel1/arm-none-eabi/bin/../lib/gcc/arm-none-eabi/14.2.1/thumb/v6-m/nofp/crtbegin.o

.tdata          0x20000358        0x0 load address 0x10002db8
                0x20000358                        . = ALIGN (0x4)
 *(.tdata .tdata.* .gnu.linkonce.td.*)
                0x20000358                        __tdata_end = .
                0x20000358                        PROVIDE (__data_end__ = .)
                0x10002b20                        __etext = LOADADDR (.data)

.tbss           0x20000358        0x0 load address 0x10002db8
                0x20000358                        . = ALIGN (0x4)
                0x20000358                        __bss_start__ = .
                0x20000358                        __tls_base = .
 *(.tbss .tbss.* .gnu.linkonce.tb.*)
 *(.tcommon)
                0x20000358                        __tls_end = .

.bss            0x20000358    0x20780 load address 0x10002db8
                0x20000358                        . = ALIGN (0x4)
                0x20000358                        __tbss_end = .
 *(SORT_BY_ALIGNMENT(SORT_BY_NAME(.bss*)))
 .bss.default_alarm_pool_entries
                0x20000358      0x180 CMakeFiles/rp2040project.dir/Users/elizabethgodsey/pico-sdk/src/common/pico_time/time.c.o
 .bss.sd_table  0x200004d8      0x100 CMakeFiles/rp2040project.dir/Users/elizabethgodsey/pico-sdk/src/rp2_common/pico_double/double_init_rom_rp2040.c.o
                0x200004d8                sd_table
 .bss.sf_table  0x200005d8      0x100 CMakeFiles/rp2040project.dir/Users/elizabethgodsey/pico-sdk/src/rp2_common/pico_float/float_init_rom_rp2040.c.o
                0x200005d8                sf_table
 .bss.__sf      0x200006d8      0x138 /Applications/ArmGNUToolchain/14.2.rel1/arm-none-eabi/bin/../lib/gcc/arm-none-eabi/14.2.1/../../../../arm-none-eabi/lib/thumb/v6-m/nofp/libg.a(libc_a-findfp.o)
                0x200006d8                __sf
 .bss.claimed   0x20000810        0x1 CMakeFiles/rp2040project.dir/Users/elizabethgodsey/pico-sdk/src/rp2_common/hardware_timer/timer.c.o
 *fill*         0x20000811        0x3 
 .bss.configured_freq
                0x20000814       0x28 CMakeFiles/rp2040project.dir/Users/elizabethgodsey/pico-sdk/src/rp2_common/hardware_clocks/clocks.c.o
 .bss.drivers   0x2000083c        0x4 CMakeFiles/rp2040project.dir/Users/elizabethgodsey/pico-sdk/src/rp2_common/pico_stdio/stdio.c.o
 .bss.filter    0x20000840        0x4 CMakeFiles/rp2040project.dir/Users/elizabethgodsey/pico-sdk/src/rp2_common/pico_stdio/stdio.c.o
 .bss.lazy_vsnprintf
                0x20000844        0x4 CMakeFiles/rp2040project.dir/Users/elizabethgodsey/pico-sdk/src/rp2_common/pico_printf/printf.c.o
 .bss.object.0  0x20000848       0x18 /Applications/ArmGNUToolchain/14.2.rel1/arm-none-eabi/bin/../lib/gcc/arm-none-eabi/14.2.1/thumb/v6-m/nofp/crtbegin.o
 .bss.pools     0x20000860       0x10 CMakeFiles/rp2040project.dir/Users/elizabethgodsey/pico-sdk/src/common/pico_time/time.c.o
 .bss.pxCrossCoreSpinLock
                0x20000870        0x4 CMakeFiles/rp2040project.dir/freertos/portable/ThirdParty/GCC/RP2040/port.c.o
 .bss.pxCurrentTCB
                0x20000874        0x4 CMakeFiles/rp2040project.dir/freertos/tasks.c.o
                0x20000874                pxCurrentTCB
 .bss.pxDelayedTaskList
                0x20000878        0x4 CMakeFiles/rp2040project.dir/freertos/tasks.c.o
 .bss.pxEnd     0x2000087c        0x4 CMakeFiles/rp2040project.dir/freertos/portable/MemMang/heap_4.c.o
 .bss.pxOverflowDelayedTaskList
                0x20000880        0x4 CMakeFiles/rp2040project.dir/freertos/tasks.c.o
 .bss.pxReadyTasksLists
                0x20000884      0x1e0 CMakeFiles/rp2040project.dir/freertos/tasks.c.o
 .bss.sf_clz_func
                0x20000a64        0x4 CMakeFiles/rp2040project.dir/Users/elizabethgodsey/pico-sdk/src/rp2_common/pico_double/double_init_rom_rp2040.c.o
                0x20000a64                sf_clz_func
 .bss.sleep_notifier
                0x20000a68        0x4 CMakeFiles/rp2040project.dir/Users/elizabethgodsey/pico-sdk/src/common/pico_time/time.c.o
 .bss.ucHeap    0x20000a6c    0x20000 CMakeFiles/rp2040project.dir/freertos/portable/MemMang/heap_4.c.o
 .bss.uxCriticalNesting
                0x20020a6c        0x4 CMakeFiles/rp2040project.dir/freertos/portable/ThirdParty/GCC/RP2040/port.c.o
 .bss.uxCrossCoreEventBits
                0x20020a70        0x4 CMakeFiles/rp2040project.dir/freertos/portable/ThirdParty/GCC/RP2040/port.c.o
 .bss.uxCurrentNumberOfTasks
                0x20020a74        0x4 CMakeFiles/rp2040project.dir/freertos/tasks.c.o
 .bss.uxSchedulerSuspended
                0x20020a78        0x4 CMakeFiles/rp2040project.dir/freertos/tasks.c.o
 .bss.uxTopReadyPriority
                0x20020a7c        0x4 CMakeFiles/rp2040project.dir/freertos/tasks.c.o
 .bss.xEventGroup
                0x20020a80        0x4 CMakeFiles/rp2040project.dir/freertos/portable/ThirdParty/GCC/RP2040/port.c.o
 .bss.xFreeBytesRemaining
                0x20020a84        0x4 CMakeFiles/rp2040project.dir/freertos/portable/MemMang/heap_4.c.o
 .bss.xMinimumEverFreeBytesRemaining
                0x20020a88        0x4 CMakeFiles/rp2040project.dir/freertos/portable/MemMang/heap_4.c.o
 .bss.xNextTaskUnblockTime
                0x20020a8c        0x4 CMakeFiles/rp2040project.dir/freertos/tasks.c.o
 .bss.xNumOfOverflows
                0x20020a90        0x4 CMakeFiles/rp2040project.dir/freertos/tasks.c.o
 .bss.xNumberOfSuccessfulAllocations
                0x20020a94        0x4 CMakeFiles/rp2040project.dir/freertos/portable/MemMang/heap_4.c.o
 .bss.xPendedTicks
                0x20020a98        0x4 CMakeFiles/rp2040project.dir/freertos/tasks.c.o
 .bss.xPendingReadyList
                0x20020a9c       0x14 CMakeFiles/rp2040project.dir/freertos/tasks.c.o
 .bss.xStart    0x20020ab0        0x8 CMakeFiles/rp2040project.dir/freertos/portable/MemMang/heap_4.c.o
 .bss.xSuspendedTaskList
                0x20020ab8       0x14 CMakeFiles/rp2040project.dir/freertos/tasks.c.o
 .bss.xTickCount
                0x20020acc        0x4 CMakeFiles/rp2040project.dir/freertos/tasks.c.o
 .bss.xTimerQueue
                0x20020ad0        0x4 CMakeFiles/rp2040project.dir/freertos/timers.c.o
 .bss.xYieldPendings
                0x20020ad4        0x4 CMakeFiles/rp2040project.dir/freertos/tasks.c.o
 *(COMMON)
                0x20020ad8                        . = ALIGN (0x4)
                0x20020ad8                        __bss_end__ = .

.heap           0x20020ad8      0x800 load address 0x10002db8
                0x20020ad8                        __end__ = .
                0x20020ad8                        end = __end__
 *(.heap*)
 .heap          0x20020ad8      0x800 CMakeFiles/rp2040project.dir/Users/elizabethgodsey/pico-sdk/src/rp2_common/pico_crt0/crt0.S.o
                0x20040000                        __HeapLimit = (ORIGIN (RAM) + LENGTH (RAM))

.scratch_x      0x20040000        0x0 load address 0x10002db8
                0x20040000                        __scratch_x_start__ = .
 *(.scratch_x.*)
                0x20040000                        . = ALIGN (0x4)
                0x20040000                        __scratch_x_end__ = .
                0x10002db8                        __scratch_x_source__ = LOADADDR (.scratch_x)

.scratch_y      0x20041000        0x0 load address 0x10002db8
                0x20041000                        __scratch_y_start__ = .
 *(.scratch_y.*)
                0x20041000                        . = ALIGN (0x4)
                0x20041000                        __scratch_y_end__ = .
                0x10002db8                        __scratch_y_source__ = LOADADDR (.scratch_y)

.stack1_dummy   0x20040000      0x800
 *(.stack1*)
 .stack1        0x20040000      0x800 CMakeFiles/rp2040project.dir/Users/elizabethgodsey/pico-sdk/src/rp2_common/pico_multicore/multicore.c.o

.stack_dummy    0x20041000      0x800
 *(.stack*)
 .stack         0x20041000      0x800 CMakeFiles/rp2040project.dir/Users/elizabethgodsey/pico-sdk/src/rp2_common/pico_crt0/crt0.S.o

.rel.dyn        0x20041800        0x0
 .rel.iplt      0x20041800        0x0 /Applications/ArmGNUToolchain/14.2.rel1/arm-none-eabi/bin/../lib/gcc/arm-none-eabi/14.2.1/thumb/v6-m/nofp/crtbegin.o

.flash_end      0x10002db8        0x0
 *(.embedded_end_block*)
                0x10002db8                        PROVIDE (__flash_binary_end = .)
                0x20040000                        __StackLimit = (ORIGIN (RAM) + LENGTH (RAM))
                0x20041000                        __StackOneTop = (ORIGIN (SCRATCH_X) + LENGTH (SCRATCH_X))
                0x20042000                        __StackTop = (ORIGIN (SCRATCH_Y) + LENGTH (SCRATCH_Y))
                0x20040800                        __StackOneBottom = (__StackOneTop - SIZEOF (.stack1_dummy))
                0x20041800                        __StackBottom = (__StackTop - SIZEOF (.stack_dummy))
                0x20042000                        PROVIDE (__stack = __StackTop)
                [!provide]                        PROVIDE (__heap_start = __end__)
                [!provide]                        PROVIDE (__heap_end = __HeapLimit)
                [!provide]                        PROVIDE (__tls_align = MAX (ALIGNOF (.tdata), ALIGNOF (.tbss)))
                [!provide]                        PROVIDE (__tls_size_align = (((__tls_size + __tls_align) - 0x1) & ~ ((__tls_align - 0x1))))
                [!provide]                        PROVIDE (__arm32_tls_tcb_offset = MAX (0x8, __tls_align))
                [!provide]                        PROVIDE (_end = __end__)
                [!provide]                        PROVIDE (__llvm_libc_heap_limit = __HeapLimit)
                0x00000001                        ASSERT ((__StackLimit >= __HeapLimit), region RAM overflowed)
                0x00000001                        ASSERT (((__binary_info_header_end - __logical_binary_start) <= 0x100), Binary info must be in first 256 bytes of the binary)
LOAD CMakeFiles/rp2040project.dir/src/main.c.o
LOAD CMakeFiles/rp2040project.dir/Users/elizabethgodsey/pico-sdk/src/rp2_common/pico_stdlib/stdlib.c.o
LOAD CMakeFiles/rp2040project.dir/Users/elizabethgodsey/pico-sdk/src/rp2_common/hardware_gpio/gpio.c.o
LOAD CMakeFiles/rp2040project.dir/Users/elizabethgodsey/pico-sdk/src/rp2040/pico_platform/platform.c.o
LOAD CMakeFiles/rp2040project.dir/Users/elizabethgodsey/pico-sdk/src/rp2_common/pico_platform_common/common.c.o
LOAD CMakeFiles/rp2040project.dir/Users/elizabethgodsey/pico-sdk/src/rp2_common/pico_platform_panic/panic.c.o
LOAD CMakeFiles/rp2040project.dir/Users/elizabethgodsey/pico-sdk/src/common/hardware_claim/claim.c.o
LOAD CMakeFiles/rp2040project.dir/Users/elizabethgodsey/pico-sdk/src/rp2_common/hardware_sync/sync.c.o
LOAD CMakeFiles/rp2040project.dir/Users/elizabethgodsey/pico-sdk/src/rp2_common/hardware_sync_spin_lock/sync_spin_lock.c.o
LOAD CMakeFiles/rp2040project.dir/Users/elizabethgodsey/pico-sdk/src/rp2_common/hardware_irq/irq.c.o
LOAD CMakeFiles/rp2040project.dir/Users/elizabethgodsey/pico-sdk/src/rp2_common/hardware_irq/irq_handler_chain.S.o
LOAD CMakeFiles/rp2040project.dir/Users/elizabethgodsey/pico-sdk/src/common/pico_sync/sem.c.o
LOAD CMakeFiles/rp2040project.dir/Users/elizabethgodsey/pico-sdk/src/common/pico_sync/lock_core.c.o
LOAD CMakeFiles/rp2040project.dir/Users/elizabethgodsey/pico-sdk/src/common/pico_sync/mutex.c.o
LOAD CMakeFiles/rp2040project.dir/Users/elizabethgodsey/pico-sdk/src/common/pico_sync/critical_section.c.o
LOAD CMakeFiles/rp2040project.dir/Users/elizabethgodsey/pico-sdk/src/common/pico_time/time.c.o
LOAD CMakeFiles/rp2040project.dir/Users/elizabethgodsey/pico-sdk/src/common/pico_time/timeout_helper.c.o
LOAD CMakeFiles/rp2040project.dir/Users/elizabethgodsey/pico-sdk/src/rp2_common/hardware_timer/timer.c.o
LOAD CMakeFiles/rp2040project.dir/Users/elizabethgodsey/pico-sdk/src/common/pico_util/datetime.c.o
LOAD CMakeFiles/rp2040project.dir/Users/elizabethgodsey/pico-sdk/src/common/pico_util/pheap.c.o
LOAD CMakeFiles/rp2040project.dir/Users/elizabethgodsey/pico-sdk/src/common/pico_util/queue.c.o
LOAD CMakeFiles/rp2040project.dir/Users/elizabethgodsey/pico-sdk/src/rp2_common/hardware_uart/uart.c.o
LOAD CMakeFiles/rp2040project.dir/Users/elizabethgodsey/pico-sdk/src/rp2_common/hardware_clocks/clocks.c.o
LOAD CMakeFiles/rp2040project.dir/Users/elizabethgodsey/pico-sdk/src/rp2_common/hardware_pll/pll.c.o
LOAD CMakeFiles/rp2040project.dir/Users/elizabethgodsey/pico-sdk/src/rp2_common/hardware_vreg/vreg.c.o
LOAD CMakeFiles/rp2040project.dir/Users/elizabethgodsey/pico-sdk/src/rp2_common/hardware_watchdog/watchdog.c.o
LOAD CMakeFiles/rp2040project.dir/Users/elizabethgodsey/pico-sdk/src/rp2_common/hardware_ticks/ticks.c.o
LOAD CMakeFiles/rp2040project.dir/Users/elizabethgodsey/pico-sdk/src/rp2_common/pico_bootrom/bootrom.c.o
LOAD CMakeFiles/rp2040project.dir/Users/elizabethgodsey/pico-sdk/src/rp2_common/pico_bootrom/bootrom_lock.c.o
LOAD CMakeFiles/rp2040project.dir/Users/elizabethgodsey/pico-sdk/src/rp2_common/hardware_boot_lock/boot_lock.c.o
LOAD CMakeFiles/rp2040project.dir/Users/elizabethgodsey/pico-sdk/src/rp2_common/pico_flash/flash.c.o
LOAD CMakeFiles/rp2040project.dir/Users/elizabethgodsey/pico-sdk/src/rp2_common/hardware_xosc/xosc.c.o
LOAD CMakeFiles/rp2040project.dir/Users/elizabethgodsey/pico-sdk/src/rp2_common/hardware_divider/divider.S.o
LOAD CMakeFiles/rp2040project.dir/Users/elizabethgodsey/pico-sdk/src/rp2_common/pico_runtime/runtime.c.o
LOAD CMakeFiles/rp2040project.dir/Users/elizabethgodsey/pico-sdk/src/rp2_common/pico_runtime_init/runtime_init.c.o
LOAD CMakeFiles/rp2040project.dir/Users/elizabethgodsey/pico-sdk/src/rp2_common/pico_runtime_init/runtime_init_clocks.c.o
LOAD CMakeFiles/rp2040project.dir/Users/elizabethgodsey/pico-sdk/src/rp2_common/pico_runtime_init/runtime_init_stack_guard.c.o
LOAD CMakeFiles/rp2040project.dir/Users/elizabethgodsey/pico-sdk/src/rp2_common/pico_bit_ops/bit_ops_aeabi.S.o
LOAD CMakeFiles/rp2040project.dir/Users/elizabethgodsey/pico-sdk/src/rp2_common/pico_divider/divider_hardware.S.o
LOAD CMakeFiles/rp2040project.dir/Users/elizabethgodsey/pico-sdk/src/rp2_common/pico_double/double_aeabi_rp2040.S.o
LOAD CMakeFiles/rp2040project.dir/Users/elizabethgodsey/pico-sdk/src/rp2_common/pico_double/double_init_rom_rp2040.c.o
LOAD CMakeFiles/rp2040project.dir/Users/elizabethgodsey/pico-sdk/src/rp2_common/pico_double/double_math.c.o
LOAD CMakeFiles/rp2040project.dir/Users/elizabethgodsey/pico-sdk/src/rp2_common/pico_double/double_v1_rom_shim_rp2040.S.o
LOAD CMakeFiles/rp2040project.dir/Users/elizabethgodsey/pico-sdk/src/rp2_common/pico_int64_ops/pico_int64_ops_aeabi.S.o
LOAD CMakeFiles/rp2040project.dir/Users/elizabethgodsey/pico-sdk/src/rp2_common/pico_float/float_aeabi_rp2040.S.o
LOAD CMakeFiles/rp2040project.dir/Users/elizabethgodsey/pico-sdk/src/rp2_common/pico_float/float_init_rom_rp2040.c.o
LOAD CMakeFiles/rp2040project.dir/Users/elizabethgodsey/pico-sdk/src/rp2_common/pico_float/float_math.c.o
LOAD CMakeFiles/rp2040project.dir/Users/elizabethgodsey/pico-sdk/src/rp2_common/pico_float/float_v1_rom_shim_rp2040.S.o
LOAD CMakeFiles/rp2040project.dir/Users/elizabethgodsey/pico-sdk/src/rp2_common/pico_malloc/malloc.c.o
LOAD CMakeFiles/rp2040project.dir/Users/elizabethgodsey/pico-sdk/src/rp2_common/pico_mem_ops/mem_ops_aeabi.S.o
LOAD CMakeFiles/rp2040project.dir/Users/elizabethgodsey/pico-sdk/src/rp2_common/pico_atomic/atomic.c.o
LOAD CMakeFiles/rp2040project.dir/Users/elizabethgodsey/pico-sdk/src/rp2_common/pico_cxx_options/new_delete.cpp.o
LOAD CMakeFiles/rp2040project.dir/Users/elizabethgodsey/pico-sdk/src/rp2_common/pico_standard_binary_info/standard_binary_info.c.o
LOAD CMakeFiles/rp2040project.dir/Users/elizabethgodsey/pico-sdk/src/rp2_common/pico_printf/printf.c.o
LOAD CMakeFiles/rp2040project.dir/Users/elizabethgodsey/pico-sdk/src/rp2_common/pico_crt0/crt0.S.o
LOAD CMakeFiles/rp2040project.dir/Users/elizabethgodsey/pico-sdk/src/rp2_common/pico_clib_interface/newlib_interface.c.o
LOAD CMakeFiles/rp2040project.dir/Users/elizabethgodsey/pico-sdk/src/rp2_common/pico_stdio/stdio.c.o
LOAD CMakeFiles/rp2040project.dir/freertos/portable/ThirdParty/GCC/RP2040/port.c.o
LOAD CMakeFiles/rp2040project.dir/freertos/croutine.c.o
LOAD CMakeFiles/rp2040project.dir/freertos/event_groups.c.o
LOAD CMakeFiles/rp2040project.dir/freertos/list.c.o
LOAD CMakeFiles/rp2040project.dir/freertos/queue.c.o
LOAD CMakeFiles/rp2040project.dir/freertos/stream_buffer.c.o
LOAD CMakeFiles/rp2040project.dir/freertos/tasks.c.o
LOAD CMakeFiles/rp2040project.dir/freertos/timers.c.o
LOAD CMakeFiles/rp2040project.dir/Users/elizabethgodsey/pico-sdk/src/rp2_common/hardware_exception/exception.c.o
LOAD CMakeFiles/rp2040project.dir/Users/elizabethgodsey/pico-sdk/src/rp2_common/pico_multicore/multicore.c.o
LOAD CMakeFiles/rp2040project.dir/freertos/portable/MemMang/heap_4.c.o
LOAD pico-sdk/src/rp2040/boot_stage2/CMakeFiles/bs2_default_library.dir/bs2_default_padded_checksummed.S.o
LOAD /Applications/ArmGNUToolchain/14.2.rel1/arm-none-eabi/bin/../lib/gcc/arm-none-eabi/14.2.1/../../../../arm-none-eabi/lib/thumb/v6-m/nofp/libstdc++.a
LOAD /Applications/ArmGNUToolchain/14.2.rel1/arm-none-eabi/bin/../lib/gcc/arm-none-eabi/14.2.1/../../../../arm-none-eabi/lib/thumb/v6-m/nofp/libm.a
START GROUP
LOAD /Applications/ArmGNUToolchain/14.2.rel1/arm-none-eabi/bin/../lib/gcc/arm-none-eabi/14.2.1/thumb/v6-m/nofp/libgcc.a
LOAD /Applications/ArmGNUToolchain/14.2.rel1/arm-none-eabi/bin/../lib/gcc/arm-none-eabi/14.2.1/../../../../arm-none-eabi/lib/thumb/v6-m/nofp/libg.a
LOAD /Applications/ArmGNUToolchain/14.2.rel1/arm-none-eabi/bin/../lib/gcc/arm-none-eabi/14.2.1/../../../../arm-none-eabi/lib/thumb/v6-m/nofp/libc.a
END GROUP
START GROUP
LOAD /Applications/ArmGNUToolchain/14.2.rel1/arm-none-eabi/bin/../lib/gcc/arm-none-eabi/14.2.1/thumb/v6-m/nofp/libgcc.a
LOAD /Applications/ArmGNUToolchain/14.2.rel1/arm-none-eabi/bin/../lib/gcc/arm-none-eabi/14.2.1/../../../../arm-none-eabi/lib/thumb/v6-m/nofp/libc.a
LOAD /Applications/ArmGNUToolchain/14.2.rel1/arm-none-eabi/bin/../lib/gcc/arm-none-eabi/14.2.1/../../../../arm-none-eabi/lib/thumb/v6-m/nofp/libnosys.a
END GROUP
LOAD /Applications/ArmGNUToolchain/14.2.rel1/arm-none-eabi/bin/../lib/gcc/arm-none-eabi/14.2.1/thumb/v6-m/nofp/crtend.o
LOAD /Applications/ArmGNUToolchain/14.2.rel1/arm-none-eabi/bin/../lib/gcc/arm-none-eabi/14.2.1/thumb/v6-m/nofp/crtn.o
OUTPUT(rp2040project.elf elf32-littlearm)
LOAD linker stubs

.ARM.attributes
                0x00000000       0x28
 .ARM.attributes
                0x00000000       0x1e /Applications/ArmGNUToolchain/14.2.rel1/arm-none-eabi/bin/../lib/gcc/arm-none-eabi/14.2.1/thumb/v6-m/nofp/crti.o
 .ARM.attributes
                0x0000001e       0x2c /Applications/ArmGNUToolchain/14.2.rel1/arm-none-eabi/bin/../lib/gcc/arm-none-eabi/14.2.1/thumb/v6-m/nofp/crtbegin.o
 .ARM.attributes
                0x0000004a       0x2c CMakeFiles/rp2040project.dir/src/main.c.o
 .ARM.attributes
                0x00000076       0x2c CMakeFiles/rp2040project.dir/Users/elizabethgodsey/pico-sdk/src/rp2_common/pico_platform_panic/panic.c.o
 .ARM.attributes
                0x000000a2       0x2c CMakeFiles/rp2040project.dir/Users/elizabethgodsey/pico-sdk/src/common/hardware_claim/claim.c.o
 .ARM.attributes
                0x000000ce       0x2c CMakeFiles/rp2040project.dir/Users/elizabethgodsey/pico-sdk/src/rp2_common/hardware_sync/sync.c.o
 .ARM.attributes
                0x000000fa       0x2c CMakeFiles/rp2040project.dir/Users/elizabethgodsey/pico-sdk/src/rp2_common/hardware_sync_spin_lock/sync_spin_lock.c.o
 .ARM.attributes
                0x00000126       0x2c CMakeFiles/rp2040project.dir/Users/elizabethgodsey/pico-sdk/src/rp2_common/hardware_irq/irq.c.o
 .ARM.attributes
                0x00000152       0x2c CMakeFiles/rp2040project.dir/Users/elizabethgodsey/pico-sdk/src/common/pico_sync/lock_core.c.o
 .ARM.attributes
                0x0000017e       0x2c CMakeFiles/rp2040project.dir/Users/elizabethgodsey/pico-sdk/src/common/pico_sync/mutex.c.o
 .ARM.attributes
                0x000001aa       0x2c CMakeFiles/rp2040project.dir/Users/elizabethgodsey/pico-sdk/src/common/pico_time/time.c.o
 .ARM.attributes
                0x000001d6       0x2c CMakeFiles/rp2040project.dir/Users/elizabethgodsey/pico-sdk/src/rp2_common/hardware_timer/timer.c.o
 .ARM.attributes
                0x00000202       0x2c CMakeFiles/rp2040project.dir/Users/elizabethgodsey/pico-sdk/src/rp2_common/hardware_clocks/clocks.c.o
 .ARM.attributes
                0x0000022e       0x2c CMakeFiles/rp2040project.dir/Users/elizabethgodsey/pico-sdk/src/rp2_common/hardware_pll/pll.c.o
 .ARM.attributes
                0x0000025a       0x2c CMakeFiles/rp2040project.dir/Users/elizabethgodsey/pico-sdk/src/rp2_common/hardware_ticks/ticks.c.o
 .ARM.attributes
                0x00000286       0x2c CMakeFiles/rp2040project.dir/Users/elizabethgodsey/pico-sdk/src/rp2_common/pico_bootrom/bootrom.c.o
 .ARM.attributes
                0x000002b2       0x2c CMakeFiles/rp2040project.dir/Users/elizabethgodsey/pico-sdk/src/rp2_common/hardware_xosc/xosc.c.o
 .ARM.attributes
                0x000002de       0x2c CMakeFiles/rp2040project.dir/Users/elizabethgodsey/pico-sdk/src/rp2_common/pico_runtime/runtime.c.o
 .ARM.attributes
                0x0000030a       0x2c CMakeFiles/rp2040project.dir/Users/elizabethgodsey/pico-sdk/src/rp2_common/pico_runtime_init/runtime_init.c.o
 .ARM.attributes
                0x00000336       0x2c CMakeFiles/rp2040project.dir/Users/elizabethgodsey/pico-sdk/src/rp2_common/pico_runtime_init/runtime_init_clocks.c.o
 .ARM.attributes
                0x00000362       0x22 CMakeFiles/rp2040project.dir/Users/elizabethgodsey/pico-sdk/src/rp2_common/pico_bit_ops/bit_ops_aeabi.S.o
 .ARM.attributes
                0x00000384       0x22 CMakeFiles/rp2040project.dir/Users/elizabethgodsey/pico-sdk/src/rp2_common/pico_divider/divider_hardware.S.o
 .ARM.attributes
                0x000003a6       0x22 CMakeFiles/rp2040project.dir/Users/elizabethgodsey/pico-sdk/src/rp2_common/pico_double/double_aeabi_rp2040.S.o
 .ARM.attributes
                0x000003c8       0x2c CMakeFiles/rp2040project.dir/Users/elizabethgodsey/pico-sdk/src/rp2_common/pico_double/double_init_rom_rp2040.c.o
 .ARM.attributes
                0x000003f4       0x22 CMakeFiles/rp2040project.dir/Users/elizabethgodsey/pico-sdk/src/rp2_common/pico_double/double_v1_rom_shim_rp2040.S.o
 .ARM.attributes
                0x00000416       0x22 CMakeFiles/rp2040project.dir/Users/elizabethgodsey/pico-sdk/src/rp2_common/pico_int64_ops/pico_int64_ops_aeabi.S.o
 .ARM.attributes
                0x00000438       0x22 CMakeFiles/rp2040project.dir/Users/elizabethgodsey/pico-sdk/src/rp2_common/pico_float/float_aeabi_rp2040.S.o
 .ARM.attributes
                0x0000045a       0x2c CMakeFiles/rp2040project.dir/Users/elizabethgodsey/pico-sdk/src/rp2_common/pico_float/float_init_rom_rp2040.c.o
 .ARM.attributes
                0x00000486       0x22 CMakeFiles/rp2040project.dir/Users/elizabethgodsey/pico-sdk/src/rp2_common/pico_float/float_v1_rom_shim_rp2040.S.o
 .ARM.attributes
                0x000004a8       0x2c CMakeFiles/rp2040project.dir/Users/elizabethgodsey/pico-sdk/src/rp2_common/pico_malloc/malloc.c.o
 .ARM.attributes
                0x000004d4       0x22 CMakeFiles/rp2040project.dir/Users/elizabethgodsey/pico-sdk/src/rp2_common/pico_mem_ops/mem_ops_aeabi.S.o
 .ARM.attributes
                0x000004f6       0x2c CMakeFiles/rp2040project.dir/Users/elizabethgodsey/pico-sdk/src/rp2_common/pico_standard_binary_info/standard_binary_info.c.o
 .ARM.attributes
                0x00000522       0x2c CMakeFiles/rp2040project.dir/Users/elizabethgodsey/pico-sdk/src/rp2_common/pico_printf/printf.c.o
 .ARM.attributes
                0x0000054e       0x22 CMakeFiles/rp2040project.dir/Users/elizabethgodsey/pico-sdk/src/rp2_common/pico_crt0/crt0.S.o
 .ARM.attributes
                0x00000570       0x2c CMakeFiles/rp2040project.dir/Users/elizabethgodsey/pico-sdk/src/rp2_common/pico_clib_interface/newlib_interface.c.o
 .ARM.attributes
                0x0000059c       0x2c CMakeFiles/rp2040project.dir/Users/elizabethgodsey/pico-sdk/src/rp2_common/pico_stdio/stdio.c.o
 .ARM.attributes
                0x000005c8       0x2c CMakeFiles/rp2040project.dir/freertos/portable/ThirdParty/GCC/RP2040/port.c.o
 .ARM.attributes
                0x000005f4       0x2c CMakeFiles/rp2040project.dir/freertos/event_groups.c.o
 .ARM.attributes
                0x00000620       0x2c CMakeFiles/rp2040project.dir/freertos/list.c.o
 .ARM.attributes
                0x0000064c       0x2c CMakeFiles/rp2040project.dir/freertos/queue.c.o
 .ARM.attributes
                0x00000678       0x2c CMakeFiles/rp2040project.dir/freertos/tasks.c.o
 .ARM.attributes
                0x000006a4       0x2c CMakeFiles/rp2040project.dir/freertos/timers.c.o
 .ARM.attributes
                0x000006d0       0x2c CMakeFiles/rp2040project.dir/Users/elizabethgodsey/pico-sdk/src/rp2_common/pico_multicore/multicore.c.o
 .ARM.attributes
                0x000006fc       0x2c CMakeFiles/rp2040project.dir/freertos/portable/MemMang/heap_4.c.o
 .ARM.attributes
                0x00000728       0x22 pico-sdk/src/rp2040/boot_stage2/CMakeFiles/bs2_default_library.dir/bs2_default_padded_checksummed.S.o
 .ARM.attributes
                0x0000074a       0x1e /Applications/ArmGNUToolchain/14.2.rel1/arm-none-eabi/bin/../lib/gcc/arm-none-eabi/14.2.1/thumb/v6-m/nofp/libgcc.a(_dvmd_tls.o)
 .ARM.attributes
                0x00000768       0x2c /Applications/ArmGNUToolchain/14.2.rel1/arm-none-eabi/bin/../lib/gcc/arm-none-eabi/14.2.1/../../../../arm-none-eabi/lib/thumb/v6-m/nofp/libg.a(libc_a-findfp.o)
 .ARM.attributes
                0x00000794       0x2c /Applications/ArmGNUToolchain/14.2.rel1/arm-none-eabi/bin/../lib/gcc/arm-none-eabi/14.2.1/../../../../arm-none-eabi/lib/thumb/v6-m/nofp/libg.a(libc_a-impure.o)
 .ARM.attributes
                0x000007c0       0x2c /Applications/ArmGNUToolchain/14.2.rel1/arm-none-eabi/bin/../lib/gcc/arm-none-eabi/14.2.1/../../../../arm-none-eabi/lib/thumb/v6-m/nofp/libg.a(libc_a-strlen-stub.o)
 .ARM.attributes
                0x000007ec       0x2c /Applications/ArmGNUToolchain/14.2.rel1/arm-none-eabi/bin/../lib/gcc/arm-none-eabi/14.2.1/thumb/v6-m/nofp/crtend.o

.comment        0x00000000       0x45
 .comment       0x00000000       0x45 CMakeFiles/rp2040project.dir/src/main.c.o
                                 0x46 (size before relaxing)
 .comment       0x00000045       0x46 CMakeFiles/rp2040project.dir/Users/elizabethgodsey/pico-sdk/src/rp2_common/pico_platform_panic/panic.c.o
 .comment       0x00000045       0x46 CMakeFiles/rp2040project.dir/Users/elizabethgodsey/pico-sdk/src/common/hardware_claim/claim.c.o
 .comment       0x00000045       0x46 CMakeFiles/rp2040project.dir/Users/elizabethgodsey/pico-sdk/src/rp2_common/hardware_sync/sync.c.o
 .comment       0x00000045       0x46 CMakeFiles/rp2040project.dir/Users/elizabethgodsey/pico-sdk/src/rp2_common/hardware_sync_spin_lock/sync_spin_lock.c.o
 .comment       0x00000045       0x46 CMakeFiles/rp2040project.dir/Users/elizabethgodsey/pico-sdk/src/rp2_common/hardware_irq/irq.c.o
 .comment       0x00000045       0x46 CMakeFiles/rp2040project.dir/Users/elizabethgodsey/pico-sdk/src/common/pico_sync/lock_core.c.o
 .comment       0x00000045       0x46 CMakeFiles/rp2040project.dir/Users/elizabethgodsey/pico-sdk/src/common/pico_sync/mutex.c.o
 .comment       0x00000045       0x46 CMakeFiles/rp2040project.dir/Users/elizabethgodsey/pico-sdk/src/common/pico_time/time.c.o
 .comment       0x00000045       0x46 CMakeFiles/rp2040project.dir/Users/elizabethgodsey/pico-sdk/src/rp2_common/hardware_timer/timer.c.o
 .comment       0x00000045       0x46 CMakeFiles/rp2040project.dir/Users/elizabethgodsey/pico-sdk/src/rp2_common/hardware_clocks/clocks.c.o
 .comment       0x00000045       0x46 CMakeFiles/rp2040project.dir/Users/elizabethgodsey/pico-sdk/src/rp2_common/hardware_pll/pll.c.o
 .comment       0x00000045       0x46 CMakeFiles/rp2040project.dir/Users/elizabethgodsey/pico-sdk/src/rp2_common/hardware_ticks/ticks.c.o
 .comment       0x00000045       0x46 CMakeFiles/rp2040project.dir/Users/elizabethgodsey/pico-sdk/src/rp2_common/pico_bootrom/bootrom.c.o
 .comment       0x00000045       0x46 CMakeFiles/rp2040project.dir/Users/elizabethgodsey/pico-sdk/src/rp2_common/hardware_xosc/xosc.c.o
 .comment       0x00000045       0x46 CMakeFiles/rp2040project.dir/Users/elizabethgodsey/pico-sdk/src/rp2_common/pico_runtime/runtime.c.o
 .comment       0x00000045       0x46 CMakeFiles/rp2040project.dir/Users/elizabethgodsey/pico-sdk/src/rp2_common/pico_runtime_init/runtime_init.c.o
 .comment       0x00000045       0x46 CMakeFiles/rp2040project.dir/Users/elizabethgodsey/pico-sdk/src/rp2_common/pico_runtime_init/runtime_init_clocks.c.o
 .comment       0x00000045       0x46 CMakeFiles/rp2040project.dir/Users/elizabethgodsey/pico-sdk/src/rp2_common/pico_double/double_init_rom_rp2040.c.o
 .comment       0x00000045       0x46 CMakeFiles/rp2040project.dir/Users/elizabethgodsey/pico-sdk/src/rp2_common/pico_float/float_init_rom_rp2040.c.o
 .comment       0x00000045       0x46 CMakeFiles/rp2040project.dir/Users/elizabethgodsey/pico-sdk/src/rp2_common/pico_malloc/malloc.c.o
 .comment       0x00000045       0x46 CMakeFiles/rp2040project.dir/Users/elizabethgodsey/pico-sdk/src/rp2_common/pico_standard_binary_info/standard_binary_info.c.o
 .comment       0x00000045       0x46 CMakeFiles/rp2040project.dir/Users/elizabethgodsey/pico-sdk/src/rp2_common/pico_printf/printf.c.o
 .comment       0x00000045       0x46 CMakeFiles/rp2040project.dir/Users/elizabethgodsey/pico-sdk/src/rp2_common/pico_clib_interface/newlib_interface.c.o
 .comment       0x00000045       0x46 CMakeFiles/rp2040project.dir/Users/elizabethgodsey/pico-sdk/src/rp2_common/pico_stdio/stdio.c.o
 .comment       0x00000045       0x46 CMakeFiles/rp2040project.dir/freertos/portable/ThirdParty/GCC/RP2040/port.c.o
 .comment       0x00000045       0x46 CMakeFiles/rp2040project.dir/freertos/event_groups.c.o
 .comment       0x00000045       0x46 CMakeFiles/rp2040project.dir/freertos/list.c.o
 .comment       0x00000045       0x46 CMakeFiles/rp2040project.dir/freertos/queue.c.o
 .comment       0x00000045       0x46 CMakeFiles/rp2040project.dir/freertos/tasks.c.o
 .comment       0x00000045       0x46 CMakeFiles/rp2040project.dir/freertos/timers.c.o
 .comment       0x00000045       0x46 CMakeFiles/rp2040project.dir/Users/elizabethgodsey/pico-sdk/src/rp2_common/pico_multicore/multicore.c.o
 .comment       0x00000045       0x46 CMakeFiles/rp2040project.dir/freertos/portable/MemMang/heap_4.c.o

.debug_info     0x00000000    0x247f6
 .debug_info    0x00000000      0x122 CMakeFiles/rp2040project.dir/src/main.c.o
 .debug_info    0x00000122      0x1bf CMakeFiles/rp2040project.dir/Users/elizabethgodsey/pico-sdk/src/rp2_common/pico_platform_panic/panic.c.o
 .debug_info    0x000002e1      0x9a1 CMakeFiles/rp2040project.dir/Users/elizabethgodsey/pico-sdk/src/common/hardware_claim/claim.c.o
 .debug_info    0x00000c82      0x45c CMakeFiles/rp2040project.dir/Users/elizabethgodsey/pico-sdk/src/rp2_common/hardware_sync/sync.c.o
 .debug_info    0x000010de      0x245 CMakeFiles/rp2040project.dir/Users/elizabethgodsey/pico-sdk/src/rp2_common/hardware_sync_spin_lock/sync_spin_lock.c.o
 .debug_info    0x00001323     0x2233 CMakeFiles/rp2040project.dir/Users/elizabethgodsey/pico-sdk/src/rp2_common/hardware_irq/irq.c.o
 .debug_info    0x00003556      0x15f CMakeFiles/rp2040project.dir/Users/elizabethgodsey/pico-sdk/src/common/pico_sync/lock_core.c.o
 .debug_info    0x000036b5     0x221b CMakeFiles/rp2040project.dir/Users/elizabethgodsey/pico-sdk/src/common/pico_sync/mutex.c.o
 .debug_info    0x000058d0     0x4e62 CMakeFiles/rp2040project.dir/Users/elizabethgodsey/pico-sdk/src/common/pico_time/time.c.o
 .debug_info    0x0000a732     0x2b37 CMakeFiles/rp2040project.dir/Users/elizabethgodsey/pico-sdk/src/rp2_common/hardware_timer/timer.c.o
 .debug_info    0x0000d269     0x2a05 CMakeFiles/rp2040project.dir/Users/elizabethgodsey/pico-sdk/src/rp2_common/hardware_clocks/clocks.c.o
 .debug_info    0x0000fc6e      0x4e5 CMakeFiles/rp2040project.dir/Users/elizabethgodsey/pico-sdk/src/rp2_common/hardware_pll/pll.c.o
 .debug_info    0x00010153      0x248 CMakeFiles/rp2040project.dir/Users/elizabethgodsey/pico-sdk/src/rp2_common/hardware_ticks/ticks.c.o
 .debug_info    0x0001039b      0x678 CMakeFiles/rp2040project.dir/Users/elizabethgodsey/pico-sdk/src/rp2_common/pico_bootrom/bootrom.c.o
 .debug_info    0x00010a13      0x1d0 CMakeFiles/rp2040project.dir/Users/elizabethgodsey/pico-sdk/src/rp2_common/hardware_xosc/xosc.c.o
 .debug_info    0x00010be3      0x21a CMakeFiles/rp2040project.dir/Users/elizabethgodsey/pico-sdk/src/rp2_common/pico_runtime/runtime.c.o
 .debug_info    0x00010dfd      0x7ea CMakeFiles/rp2040project.dir/Users/elizabethgodsey/pico-sdk/src/rp2_common/pico_runtime_init/runtime_init.c.o
 .debug_info    0x000115e7      0x781 CMakeFiles/rp2040project.dir/Users/elizabethgodsey/pico-sdk/src/rp2_common/pico_runtime_init/runtime_init_clocks.c.o
 .debug_info    0x00011d68       0x23 CMakeFiles/rp2040project.dir/Users/elizabethgodsey/pico-sdk/src/rp2_common/pico_bit_ops/bit_ops_aeabi.S.o
 .debug_info    0x00011d8b       0x23 CMakeFiles/rp2040project.dir/Users/elizabethgodsey/pico-sdk/src/rp2_common/pico_divider/divider_hardware.S.o
 .debug_info    0x00011dae       0x23 CMakeFiles/rp2040project.dir/Users/elizabethgodsey/pico-sdk/src/rp2_common/pico_double/double_aeabi_rp2040.S.o
 .debug_info    0x00011dd1      0x27e CMakeFiles/rp2040project.dir/Users/elizabethgodsey/pico-sdk/src/rp2_common/pico_double/double_init_rom_rp2040.c.o
 .debug_info    0x0001204f       0x23 CMakeFiles/rp2040project.dir/Users/elizabethgodsey/pico-sdk/src/rp2_common/pico_double/double_v1_rom_shim_rp2040.S.o
 .debug_info    0x00012072       0x24 CMakeFiles/rp2040project.dir/Users/elizabethgodsey/pico-sdk/src/rp2_common/pico_int64_ops/pico_int64_ops_aeabi.S.o
 .debug_info    0x00012096       0x23 CMakeFiles/rp2040project.dir/Users/elizabethgodsey/pico-sdk/src/rp2_common/pico_float/float_aeabi_rp2040.S.o
 .debug_info    0x000120b9      0x27e CMakeFiles/rp2040project.dir/Users/elizabethgodsey/pico-sdk/src/rp2_common/pico_float/float_init_rom_rp2040.c.o
 .debug_info    0x00012337       0x23 CMakeFiles/rp2040project.dir/Users/elizabethgodsey/pico-sdk/src/rp2_common/pico_float/float_v1_rom_shim_rp2040.S.o
 .debug_info    0x0001235a      0x625 CMakeFiles/rp2040project.dir/Users/elizabethgodsey/pico-sdk/src/rp2_common/pico_malloc/malloc.c.o
 .debug_info    0x0001297f       0x23 CMakeFiles/rp2040project.dir/Users/elizabethgodsey/pico-sdk/src/rp2_common/pico_mem_ops/mem_ops_aeabi.S.o
 .debug_info    0x000129a2      0x2b8 CMakeFiles/rp2040project.dir/Users/elizabethgodsey/pico-sdk/src/rp2_common/pico_standard_binary_info/standard_binary_info.c.o
 .debug_info    0x00012c5a     0x22f2 CMakeFiles/rp2040project.dir/Users/elizabethgodsey/pico-sdk/src/rp2_common/pico_printf/printf.c.o
 .debug_info    0x00014f4c       0x23 CMakeFiles/rp2040project.dir/Users/elizabethgodsey/pico-sdk/src/rp2_common/pico_crt0/crt0.S.o
 .debug_info    0x00014f6f      0xbbe CMakeFiles/rp2040project.dir/Users/elizabethgodsey/pico-sdk/src/rp2_common/pico_clib_interface/newlib_interface.c.o
 .debug_info    0x00015b2d     0x1c2a CMakeFiles/rp2040project.dir/Users/elizabethgodsey/pico-sdk/src/rp2_common/pico_stdio/stdio.c.o
 .debug_info    0x00017757     0x1c0a CMakeFiles/rp2040project.dir/freertos/portable/ThirdParty/GCC/RP2040/port.c.o
 .debug_info    0x00019361      0xde3 CMakeFiles/rp2040project.dir/freertos/event_groups.c.o
 .debug_info    0x0001a144      0x2ba CMakeFiles/rp2040project.dir/freertos/list.c.o
 .debug_info    0x0001a3fe     0x260f CMakeFiles/rp2040project.dir/freertos/queue.c.o
 .debug_info    0x0001ca0d     0x3eb1 CMakeFiles/rp2040project.dir/freertos/tasks.c.o
 .debug_info    0x000208be     0x194b CMakeFiles/rp2040project.dir/freertos/timers.c.o
 .debug_info    0x00022209     0x1fc8 CMakeFiles/rp2040project.dir/Users/elizabethgodsey/pico-sdk/src/rp2_common/pico_multicore/multicore.c.o
 .debug_info    0x000241d1      0x625 CMakeFiles/rp2040project.dir/freertos/portable/MemMang/heap_4.c.o

.debug_abbrev   0x00000000     0x65fa
 .debug_abbrev  0x00000000       0xbc CMakeFiles/rp2040project.dir/src/main.c.o
 .debug_abbrev  0x000000bc      0x12b CMakeFiles/rp2040project.dir/Users/elizabethgodsey/pico-sdk/src/rp2_common/pico_platform_panic/panic.c.o
 .debug_abbrev  0x000001e7      0x328 CMakeFiles/rp2040project.dir/Users/elizabethgodsey/pico-sdk/src/common/hardware_claim/claim.c.o
 .debug_abbrev  0x0000050f      0x20f CMakeFiles/rp2040project.dir/Users/elizabethgodsey/pico-sdk/src/rp2_common/hardware_sync/sync.c.o
 .debug_abbrev  0x0000071e      0x1bb CMakeFiles/rp2040project.dir/Users/elizabethgodsey/pico-sdk/src/rp2_common/hardware_sync_spin_lock/sync_spin_lock.c.o
 .debug_abbrev  0x000008d9      0x614 CMakeFiles/rp2040project.dir/Users/elizabethgodsey/pico-sdk/src/rp2_common/hardware_irq/irq.c.o
 .debug_abbrev  0x00000eed       0xee CMakeFiles/rp2040project.dir/Users/elizabethgodsey/pico-sdk/src/common/pico_sync/lock_core.c.o
 .debug_abbrev  0x00000fdb      0x452 CMakeFiles/rp2040project.dir/Users/elizabethgodsey/pico-sdk/src/common/pico_sync/mutex.c.o
 .debug_abbrev  0x0000142d      0x659 CMakeFiles/rp2040project.dir/Users/elizabethgodsey/pico-sdk/src/common/pico_time/time.c.o
 .debug_abbrev  0x00001a86      0x4f2 CMakeFiles/rp2040project.dir/Users/elizabethgodsey/pico-sdk/src/rp2_common/hardware_timer/timer.c.o
 .debug_abbrev  0x00001f78      0x512 CMakeFiles/rp2040project.dir/Users/elizabethgodsey/pico-sdk/src/rp2_common/hardware_clocks/clocks.c.o
 .debug_abbrev  0x0000248a      0x1d2 CMakeFiles/rp2040project.dir/Users/elizabethgodsey/pico-sdk/src/rp2_common/hardware_pll/pll.c.o
 .debug_abbrev  0x0000265c      0x145 CMakeFiles/rp2040project.dir/Users/elizabethgodsey/pico-sdk/src/rp2_common/hardware_ticks/ticks.c.o
 .debug_abbrev  0x000027a1      0x1bc CMakeFiles/rp2040project.dir/Users/elizabethgodsey/pico-sdk/src/rp2_common/pico_bootrom/bootrom.c.o
 .debug_abbrev  0x0000295d      0x11d CMakeFiles/rp2040project.dir/Users/elizabethgodsey/pico-sdk/src/rp2_common/hardware_xosc/xosc.c.o
 .debug_abbrev  0x00002a7a      0x182 CMakeFiles/rp2040project.dir/Users/elizabethgodsey/pico-sdk/src/rp2_common/pico_runtime/runtime.c.o
 .debug_abbrev  0x00002bfc      0x26b CMakeFiles/rp2040project.dir/Users/elizabethgodsey/pico-sdk/src/rp2_common/pico_runtime_init/runtime_init.c.o
 .debug_abbrev  0x00002e67      0x2af CMakeFiles/rp2040project.dir/Users/elizabethgodsey/pico-sdk/src/rp2_common/pico_runtime_init/runtime_init_clocks.c.o
 .debug_abbrev  0x00003116       0x12 CMakeFiles/rp2040project.dir/Users/elizabethgodsey/pico-sdk/src/rp2_common/pico_bit_ops/bit_ops_aeabi.S.o
 .debug_abbrev  0x00003128       0x12 CMakeFiles/rp2040project.dir/Users/elizabethgodsey/pico-sdk/src/rp2_common/pico_divider/divider_hardware.S.o
 .debug_abbrev  0x0000313a       0x12 CMakeFiles/rp2040project.dir/Users/elizabethgodsey/pico-sdk/src/rp2_common/pico_double/double_aeabi_rp2040.S.o
 .debug_abbrev  0x0000314c      0x17a CMakeFiles/rp2040project.dir/Users/elizabethgodsey/pico-sdk/src/rp2_common/pico_double/double_init_rom_rp2040.c.o
 .debug_abbrev  0x000032c6       0x12 CMakeFiles/rp2040project.dir/Users/elizabethgodsey/pico-sdk/src/rp2_common/pico_double/double_v1_rom_shim_rp2040.S.o
 .debug_abbrev  0x000032d8       0x14 CMakeFiles/rp2040project.dir/Users/elizabethgodsey/pico-sdk/src/rp2_common/pico_int64_ops/pico_int64_ops_aeabi.S.o
 .debug_abbrev  0x000032ec       0x12 CMakeFiles/rp2040project.dir/Users/elizabethgodsey/pico-sdk/src/rp2_common/pico_float/float_aeabi_rp2040.S.o
 .debug_abbrev  0x000032fe      0x173 CMakeFiles/rp2040project.dir/Users/elizabethgodsey/pico-sdk/src/rp2_common/pico_float/float_init_rom_rp2040.c.o
 .debug_abbrev  0x00003471       0x12 CMakeFiles/rp2040project.dir/Users/elizabethgodsey/pico-sdk/src/rp2_common/pico_float/float_v1_rom_shim_rp2040.S.o
 .debug_abbrev  0x00003483      0x211 CMakeFiles/rp2040project.dir/Users/elizabethgodsey/pico-sdk/src/rp2_common/pico_malloc/malloc.c.o
 .debug_abbrev  0x00003694       0x12 CMakeFiles/rp2040project.dir/Users/elizabethgodsey/pico-sdk/src/rp2_common/pico_mem_ops/mem_ops_aeabi.S.o
 .debug_abbrev  0x000036a6       0xb8 CMakeFiles/rp2040project.dir/Users/elizabethgodsey/pico-sdk/src/rp2_common/pico_standard_binary_info/standard_binary_info.c.o
 .debug_abbrev  0x0000375e      0x50c CMakeFiles/rp2040project.dir/Users/elizabethgodsey/pico-sdk/src/rp2_common/pico_printf/printf.c.o
 .debug_abbrev  0x00003c6a       0x12 CMakeFiles/rp2040project.dir/Users/elizabethgodsey/pico-sdk/src/rp2_common/pico_crt0/crt0.S.o
 .debug_abbrev  0x00003c7c      0x352 CMakeFiles/rp2040project.dir/Users/elizabethgodsey/pico-sdk/src/rp2_common/pico_clib_interface/newlib_interface.c.o
 .debug_abbrev  0x00003fce      0x5d5 CMakeFiles/rp2040project.dir/Users/elizabethgodsey/pico-sdk/src/rp2_common/pico_stdio/stdio.c.o
 .debug_abbrev  0x000045a3      0x5c2 CMakeFiles/rp2040project.dir/freertos/portable/ThirdParty/GCC/RP2040/port.c.o
 .debug_abbrev  0x00004b65      0x2e5 CMakeFiles/rp2040project.dir/freertos/event_groups.c.o
 .debug_abbrev  0x00004e4a      0x103 CMakeFiles/rp2040project.dir/freertos/list.c.o
 .debug_abbrev  0x00004f4d      0x3cf CMakeFiles/rp2040project.dir/freertos/queue.c.o
 .debug_abbrev  0x0000531c      0x5e0 CMakeFiles/rp2040project.dir/freertos/tasks.c.o
 .debug_abbrev  0x000058fc      0x405 CMakeFiles/rp2040project.dir/freertos/timers.c.o
 .debug_abbrev  0x00005d01      0x61d CMakeFiles/rp2040project.dir/Users/elizabethgodsey/pico-sdk/src/rp2_common/pico_multicore/multicore.c.o
 .debug_abbrev  0x0000631e      0x2dc CMakeFiles/rp2040project.dir/freertos/portable/MemMang/heap_4.c.o

.debug_aranges  0x00000000     0x1350
 .debug_aranges
                0x00000000       0x20 CMakeFiles/rp2040project.dir/src/main.c.o
 .debug_aranges
                0x00000020       0x28 CMakeFiles/rp2040project.dir/Users/elizabethgodsey/pico-sdk/src/rp2_common/pico_platform_panic/panic.c.o
 .debug_aranges
                0x00000048       0x48 CMakeFiles/rp2040project.dir/Users/elizabethgodsey/pico-sdk/src/common/hardware_claim/claim.c.o
 .debug_aranges
                0x00000090       0x48 CMakeFiles/rp2040project.dir/Users/elizabethgodsey/pico-sdk/src/rp2_common/hardware_sync/sync.c.o
 .debug_aranges
                0x000000d8       0x28 CMakeFiles/rp2040project.dir/Users/elizabethgodsey/pico-sdk/src/rp2_common/hardware_sync_spin_lock/sync_spin_lock.c.o
 .debug_aranges
                0x00000100       0xb8 CMakeFiles/rp2040project.dir/Users/elizabethgodsey/pico-sdk/src/rp2_common/hardware_irq/irq.c.o
 .debug_aranges
                0x000001b8       0x20 CMakeFiles/rp2040project.dir/Users/elizabethgodsey/pico-sdk/src/common/pico_sync/lock_core.c.o
 .debug_aranges
                0x000001d8       0x98 CMakeFiles/rp2040project.dir/Users/elizabethgodsey/pico-sdk/src/common/pico_sync/mutex.c.o
 .debug_aranges
                0x00000270       0xe0 CMakeFiles/rp2040project.dir/Users/elizabethgodsey/pico-sdk/src/common/pico_time/time.c.o
 .debug_aranges
                0x00000350       0xf0 CMakeFiles/rp2040project.dir/Users/elizabethgodsey/pico-sdk/src/rp2_common/hardware_timer/timer.c.o
 .debug_aranges
                0x00000440       0x90 CMakeFiles/rp2040project.dir/Users/elizabethgodsey/pico-sdk/src/rp2_common/hardware_clocks/clocks.c.o
 .debug_aranges
                0x000004d0       0x28 CMakeFiles/rp2040project.dir/Users/elizabethgodsey/pico-sdk/src/rp2_common/hardware_pll/pll.c.o
 .debug_aranges
                0x000004f8       0x30 CMakeFiles/rp2040project.dir/Users/elizabethgodsey/pico-sdk/src/rp2_common/hardware_ticks/ticks.c.o
 .debug_aranges
                0x00000528       0x40 CMakeFiles/rp2040project.dir/Users/elizabethgodsey/pico-sdk/src/rp2_common/pico_bootrom/bootrom.c.o
 .debug_aranges
                0x00000568       0x30 CMakeFiles/rp2040project.dir/Users/elizabethgodsey/pico-sdk/src/rp2_common/hardware_xosc/xosc.c.o
 .debug_aranges
                0x00000598       0x38 CMakeFiles/rp2040project.dir/Users/elizabethgodsey/pico-sdk/src/rp2_common/pico_runtime/runtime.c.o
 .debug_aranges
                0x000005d0       0x48 CMakeFiles/rp2040project.dir/Users/elizabethgodsey/pico-sdk/src/rp2_common/pico_runtime_init/runtime_init.c.o
 .debug_aranges
                0x00000618       0x20 CMakeFiles/rp2040project.dir/Users/elizabethgodsey/pico-sdk/src/rp2_common/pico_runtime_init/runtime_init_clocks.c.o
 .debug_aranges
                0x00000638       0x60 CMakeFiles/rp2040project.dir/Users/elizabethgodsey/pico-sdk/src/rp2_common/pico_bit_ops/bit_ops_aeabi.S.o
 .debug_aranges
                0x00000698       0x40 CMakeFiles/rp2040project.dir/Users/elizabethgodsey/pico-sdk/src/rp2_common/pico_divider/divider_hardware.S.o
 .debug_aranges
                0x000006d8      0x150 CMakeFiles/rp2040project.dir/Users/elizabethgodsey/pico-sdk/src/rp2_common/pico_double/double_aeabi_rp2040.S.o
 .debug_aranges
                0x00000828       0x20 CMakeFiles/rp2040project.dir/Users/elizabethgodsey/pico-sdk/src/rp2_common/pico_double/double_init_rom_rp2040.c.o
 .debug_aranges
                0x00000848       0xc8 CMakeFiles/rp2040project.dir/Users/elizabethgodsey/pico-sdk/src/rp2_common/pico_double/double_v1_rom_shim_rp2040.S.o
 .debug_aranges
                0x00000910       0x20 CMakeFiles/rp2040project.dir/Users/elizabethgodsey/pico-sdk/src/rp2_common/pico_int64_ops/pico_int64_ops_aeabi.S.o
 .debug_aranges
                0x00000930      0x138 CMakeFiles/rp2040project.dir/Users/elizabethgodsey/pico-sdk/src/rp2_common/pico_float/float_aeabi_rp2040.S.o
 .debug_aranges
                0x00000a68       0x20 CMakeFiles/rp2040project.dir/Users/elizabethgodsey/pico-sdk/src/rp2_common/pico_float/float_init_rom_rp2040.c.o
 .debug_aranges
                0x00000a88       0x50 CMakeFiles/rp2040project.dir/Users/elizabethgodsey/pico-sdk/src/rp2_common/pico_float/float_v1_rom_shim_rp2040.S.o
 .debug_aranges
                0x00000ad8       0x38 CMakeFiles/rp2040project.dir/Users/elizabethgodsey/pico-sdk/src/rp2_common/pico_malloc/malloc.c.o
 .debug_aranges
                0x00000b10       0x38 CMakeFiles/rp2040project.dir/Users/elizabethgodsey/pico-sdk/src/rp2_common/pico_mem_ops/mem_ops_aeabi.S.o
 .debug_aranges
                0x00000b48       0x18 CMakeFiles/rp2040project.dir/Users/elizabethgodsey/pico-sdk/src/rp2_common/pico_standard_binary_info/standard_binary_info.c.o
 .debug_aranges
                0x00000b60       0x90 CMakeFiles/rp2040project.dir/Users/elizabethgodsey/pico-sdk/src/rp2_common/pico_printf/printf.c.o
 .debug_aranges
                0x00000bf0       0x28 CMakeFiles/rp2040project.dir/Users/elizabethgodsey/pico-sdk/src/rp2_common/pico_crt0/crt0.S.o
 .debug_aranges
                0x00000c18       0xa8 CMakeFiles/rp2040project.dir/Users/elizabethgodsey/pico-sdk/src/rp2_common/pico_clib_interface/newlib_interface.c.o
 .debug_aranges
                0x00000cc0       0xc8 CMakeFiles/rp2040project.dir/Users/elizabethgodsey/pico-sdk/src/rp2_common/pico_stdio/stdio.c.o
 .debug_aranges
                0x00000d88       0xc8 CMakeFiles/rp2040project.dir/freertos/portable/ThirdParty/GCC/RP2040/port.c.o
 .debug_aranges
                0x00000e50       0x70 CMakeFiles/rp2040project.dir/freertos/event_groups.c.o
 .debug_aranges
                0x00000ec0       0x40 CMakeFiles/rp2040project.dir/freertos/list.c.o
 .debug_aranges
                0x00000f00       0xc8 CMakeFiles/rp2040project.dir/freertos/queue.c.o
 .debug_aranges
                0x00000fc8      0x1d0 CMakeFiles/rp2040project.dir/freertos/tasks.c.o
 .debug_aranges
                0x00001198       0xa8 CMakeFiles/rp2040project.dir/freertos/timers.c.o
 .debug_aranges
                0x00001240       0xb0 CMakeFiles/rp2040project.dir/Users/elizabethgodsey/pico-sdk/src/rp2_common/pico_multicore/multicore.c.o
 .debug_aranges
                0x000012f0       0x60 CMakeFiles/rp2040project.dir/freertos/portable/MemMang/heap_4.c.o

.debug_rnglists
                0x00000000     0x31ef
 .debug_rnglists
                0x00000000       0x13 CMakeFiles/rp2040project.dir/src/main.c.o
 .debug_rnglists
                0x00000013       0x19 CMakeFiles/rp2040project.dir/Users/elizabethgodsey/pico-sdk/src/rp2_common/pico_platform_panic/panic.c.o
 .debug_rnglists
                0x0000002c       0xb6 CMakeFiles/rp2040project.dir/Users/elizabethgodsey/pico-sdk/src/common/hardware_claim/claim.c.o
 .debug_rnglists
                0x000000e2       0x58 CMakeFiles/rp2040project.dir/Users/elizabethgodsey/pico-sdk/src/rp2_common/hardware_sync/sync.c.o
 .debug_rnglists
                0x0000013a       0x3d CMakeFiles/rp2040project.dir/Users/elizabethgodsey/pico-sdk/src/rp2_common/hardware_sync_spin_lock/sync_spin_lock.c.o
 .debug_rnglists
                0x00000177      0x37d CMakeFiles/rp2040project.dir/Users/elizabethgodsey/pico-sdk/src/rp2_common/hardware_irq/irq.c.o
 .debug_rnglists
                0x000004f4       0x1f CMakeFiles/rp2040project.dir/Users/elizabethgodsey/pico-sdk/src/common/pico_sync/lock_core.c.o
 .debug_rnglists
                0x00000513      0x264 CMakeFiles/rp2040project.dir/Users/elizabethgodsey/pico-sdk/src/common/pico_sync/mutex.c.o
 .debug_rnglists
                0x00000777      0x77c CMakeFiles/rp2040project.dir/Users/elizabethgodsey/pico-sdk/src/common/pico_time/time.c.o
 .debug_rnglists
                0x00000ef3      0x2c6 CMakeFiles/rp2040project.dir/Users/elizabethgodsey/pico-sdk/src/rp2_common/hardware_timer/timer.c.o
 .debug_rnglists
                0x000011b9      0x5be CMakeFiles/rp2040project.dir/Users/elizabethgodsey/pico-sdk/src/rp2_common/hardware_clocks/clocks.c.o
 .debug_rnglists
                0x00001777       0x5c CMakeFiles/rp2040project.dir/Users/elizabethgodsey/pico-sdk/src/rp2_common/hardware_pll/pll.c.o
 .debug_rnglists
                0x000017d3       0x2b CMakeFiles/rp2040project.dir/Users/elizabethgodsey/pico-sdk/src/rp2_common/hardware_ticks/ticks.c.o
 .debug_rnglists
                0x000017fe      0x112 CMakeFiles/rp2040project.dir/Users/elizabethgodsey/pico-sdk/src/rp2_common/pico_bootrom/bootrom.c.o
 .debug_rnglists
                0x00001910       0x1f CMakeFiles/rp2040project.dir/Users/elizabethgodsey/pico-sdk/src/rp2_common/hardware_xosc/xosc.c.o
 .debug_rnglists
                0x0000192f       0x3d CMakeFiles/rp2040project.dir/Users/elizabethgodsey/pico-sdk/src/rp2_common/pico_runtime/runtime.c.o
 .debug_rnglists
                0x0000196c       0x4a CMakeFiles/rp2040project.dir/Users/elizabethgodsey/pico-sdk/src/rp2_common/pico_runtime_init/runtime_init.c.o
 .debug_rnglists
                0x000019b6       0x20 CMakeFiles/rp2040project.dir/Users/elizabethgodsey/pico-sdk/src/rp2_common/pico_runtime_init/runtime_init_clocks.c.o
 .debug_rnglists
                0x000019d6       0x43 CMakeFiles/rp2040project.dir/Users/elizabethgodsey/pico-sdk/src/rp2_common/pico_bit_ops/bit_ops_aeabi.S.o
 .debug_rnglists
                0x00001a19       0x2c CMakeFiles/rp2040project.dir/Users/elizabethgodsey/pico-sdk/src/rp2_common/pico_divider/divider_hardware.S.o
 .debug_rnglists
                0x00001a45       0xf9 CMakeFiles/rp2040project.dir/Users/elizabethgodsey/pico-sdk/src/rp2_common/pico_double/double_aeabi_rp2040.S.o
 .debug_rnglists
                0x00001b3e       0x14 CMakeFiles/rp2040project.dir/Users/elizabethgodsey/pico-sdk/src/rp2_common/pico_double/double_init_rom_rp2040.c.o
 .debug_rnglists
                0x00001b52       0x99 CMakeFiles/rp2040project.dir/Users/elizabethgodsey/pico-sdk/src/rp2_common/pico_double/double_v1_rom_shim_rp2040.S.o
 .debug_rnglists
                0x00001beb       0xe5 CMakeFiles/rp2040project.dir/Users/elizabethgodsey/pico-sdk/src/rp2_common/pico_float/float_aeabi_rp2040.S.o
 .debug_rnglists
                0x00001cd0       0x13 CMakeFiles/rp2040project.dir/Users/elizabethgodsey/pico-sdk/src/rp2_common/pico_float/float_init_rom_rp2040.c.o
 .debug_rnglists
                0x00001ce3       0x38 CMakeFiles/rp2040project.dir/Users/elizabethgodsey/pico-sdk/src/rp2_common/pico_float/float_v1_rom_shim_rp2040.S.o
 .debug_rnglists
                0x00001d1b       0x49 CMakeFiles/rp2040project.dir/Users/elizabethgodsey/pico-sdk/src/rp2_common/pico_malloc/malloc.c.o
 .debug_rnglists
                0x00001d64       0x25 CMakeFiles/rp2040project.dir/Users/elizabethgodsey/pico-sdk/src/rp2_common/pico_mem_ops/mem_ops_aeabi.S.o
 .debug_rnglists
                0x00001d89      0x2a2 CMakeFiles/rp2040project.dir/Users/elizabethgodsey/pico-sdk/src/rp2_common/pico_printf/printf.c.o
 .debug_rnglists
                0x0000202b       0x1b CMakeFiles/rp2040project.dir/Users/elizabethgodsey/pico-sdk/src/rp2_common/pico_crt0/crt0.S.o
 .debug_rnglists
                0x00002046       0x85 CMakeFiles/rp2040project.dir/Users/elizabethgodsey/pico-sdk/src/rp2_common/pico_clib_interface/newlib_interface.c.o
 .debug_rnglists
                0x000020cb      0x2bb CMakeFiles/rp2040project.dir/Users/elizabethgodsey/pico-sdk/src/rp2_common/pico_stdio/stdio.c.o
 .debug_rnglists
                0x00002386      0x1b1 CMakeFiles/rp2040project.dir/freertos/portable/ThirdParty/GCC/RP2040/port.c.o
 .debug_rnglists
                0x00002537       0x90 CMakeFiles/rp2040project.dir/freertos/event_groups.c.o
 .debug_rnglists
                0x000025c7       0x2b CMakeFiles/rp2040project.dir/freertos/list.c.o